D/DhcpInfoInternal(  308): makeLinkProperties with empty dns2!
D/ConnectivityService(  308): ConnectivityChange for WIFI: CONNECTED/CONNECTED
D/ConnectivityService(  308): handleConnectivityChange: address are the same reset per doReset linkProperty[1]: resetMask=0
D/ConnectivityService(  308): ConnectivityChange for WIFI: CONNECTED/CONNECTED
D/ConnectivityService(  308): handleConnectivityChange: address are the same reset per doReset linkProperty[1]: resetMask=0
D/ConnectivityService(  308): NetTransition Wakelock for WifiStateMachine released by timeout
W/ThrottleService(  308): unable to find stats for iface rmnet0
D/Tethering(  308): MasterInitialState.processMessage what=3
D/Tethering(  308): MasterInitialState.processMessage what=3
D/PicasaSyncManager( 9513): active network: NetworkInfo: type: WIFI[], state: CONNECTED/CONNECTED, reason: (unspecified), extra: (none), roaming: false, failover: false, isAvailable: true
D/PicasaSyncManager( 9513): background data: true
D/PicasaUploaderSyncManager( 9529): active network: NetworkInfo: type: WIFI[], state: CONNECTED/CONNECTED, reason: (unspecified), extra: (none), roaming: false, failover: false, isAvailable: true
D/PicasaUploaderSyncManager( 9529): background data: true
D/PicasaSyncManager( 9513): active network: NetworkInfo: type: WIFI[], state: CONNECTED/CONNECTED, reason: (unspecified), extra: (none), roaming: false, failover: false, isAvailable: true
D/PicasaSyncManager( 9513): background data: true
D/PicasaUploaderSyncManager( 9529): active network: NetworkInfo: type: WIFI[], state: CONNECTED/CONNECTED, reason: (unspecified), extra: (none), roaming: false, failover: false, isAvailable: true
D/PicasaUploaderSyncManager( 9529): background data: true
D/ConnectivityService(  308): handleInetConditionHoldEnd: net=1, condition=100, published condition=0
W/ThrottleService(  308): unable to find stats for iface rmnet0
I/EventLogService(  642): Aggregate from 1353189243509 (log), 1353189243509 (data)
W/ThrottleService(  308): unable to find stats for iface rmnet0
D/dalvikvm(  308): GC_CONCURRENT freed 1912K, 12% free 19660K/22279K, paused 6ms+6ms, total 82ms
W/ThrottleService(  308): unable to find stats for iface rmnet0
I/EventLogService(  642): Aggregate from 1353191043650 (log), 1353191043650 (data)
D/dalvikvm(  308): WAIT_FOR_CONCURRENT_GC blocked 0ms
D/dalvikvm(  308): GC_EXPLICIT freed 346K, 13% free 19580K/22279K, paused 5ms+6ms, total 81ms
W/ThrottleService(  308): unable to find stats for iface rmnet0
D/dalvikvm(  498): GC_CONCURRENT freed 921K, 16% free 13479K/15879K, paused 2ms+7ms, total 33ms
W/ThrottleService(  308): unable to find stats for iface rmnet0
I/EventLogService(  642): Aggregate from 1353192843732 (log), 1353192843732 (data)
W/ThrottleService(  308): unable to find stats for iface rmnet0
W/ThrottleService(  308): unable to find stats for iface rmnet0
I/EventLogService(  642): Aggregate from 1353194643807 (log), 1353194643807 (data)
D/dalvikvm(  642): GC_CONCURRENT freed 391K, 6% free 11515K/12167K, paused 13ms+5ms, total 44ms
D/DhcpInfoInternal(  308): makeLinkProperties with empty dns2!
D/DhcpInfoInternal(  308): makeLinkProperties with empty dns2!
D/ConnectivityService(  308): ConnectivityChange for WIFI: CONNECTED/CONNECTED
D/ConnectivityService(  308): handleConnectivityChange: address are the same reset per doReset linkProperty[1]: resetMask=0
D/ConnectivityService(  308): ConnectivityChange for WIFI: CONNECTED/CONNECTED
D/ConnectivityService(  308): handleConnectivityChange: address are the same reset per doReset linkProperty[1]: resetMask=0
D/ConnectivityService(  308): NetTransition Wakelock for WifiStateMachine released by timeout
D/Tethering(  308): MasterInitialState.processMessage what=3
D/Tethering(  308): MasterInitialState.processMessage what=3
D/PicasaSyncManager( 9513): active network: NetworkInfo: type: WIFI[], state: CONNECTED/CONNECTED, reason: (unspecified), extra: (none), roaming: false, failover: false, isAvailable: true
D/PicasaSyncManager( 9513): background data: true
D/PicasaUploaderSyncManager( 9529): active network: NetworkInfo: type: WIFI[], state: CONNECTED/CONNECTED, reason: (unspecified), extra: (none), roaming: false, failover: false, isAvailable: true
D/PicasaUploaderSyncManager( 9529): background data: true
D/PicasaSyncManager( 9513): active network: NetworkInfo: type: WIFI[], state: CONNECTED/CONNECTED, reason: (unspecified), extra: (none), roaming: false, failover: false, isAvailable: true
D/PicasaSyncManager( 9513): background data: true
D/PicasaUploaderSyncManager( 9529): active network: NetworkInfo: type: WIFI[], state: CONNECTED/CONNECTED, reason: (unspecified), extra: (none), roaming: false, failover: false, isAvailable: true
D/PicasaUploaderSyncManager( 9529): background data: true
D/ConnectivityService(  308): handleInetConditionHoldEnd: net=1, condition=100, published condition=0
W/ThrottleService(  308): unable to find stats for iface rmnet0
W/Finsky  (  828): [1] FinskyApp.getDfeApi: No account configured on this device.
W/CallerInfoCache(  576): Previous cache task is remaining.
D/dalvikvm(  308): GC_CONCURRENT freed 1838K, 12% free 19673K/22279K, paused 235ms+7ms, total 315ms
W/ThrottleService(  308): unable to find stats for iface rmnet0
I/EventLogService(  642): Aggregate from 1353196443929 (log), 1353196443929 (data)
W/ThrottleService(  308): unable to find stats for iface rmnet0
E/NetdConnector(  308): NDC Command {193 bandwidth setglobalalert 2097152} took too long (60004ms)
W/ThrottleService(  308): unable to find stats for iface rmnet0
I/EventLogService(  642): Aggregate from 1353198244061 (log), 1353198244061 (data)
W/ThrottleService(  308): unable to find stats for iface rmnet0
W/ThrottleService(  308): unable to find stats for iface rmnet0
I/EventLogService(  642): Aggregate from 1353200044141 (log), 1353200044141 (data)
W/ThrottleService(  308): unable to find stats for iface rmnet0
W/ThrottleService(  308): unable to find stats for iface rmnet0
W/Process (  308): Unable to open /proc/10912/status
W/ProcessStats(  308): Skipping unknown process pid 10926
D/DhcpInfoInternal(  308): makeLinkProperties with empty dns2!
D/DhcpInfoInternal(  308): makeLinkProperties with empty dns2!
D/ConnectivityService(  308): ConnectivityChange for WIFI: CONNECTED/CONNECTED
D/ConnectivityService(  308): handleConnectivityChange: address are the same reset per doReset linkProperty[1]: resetMask=0
D/ConnectivityService(  308): ConnectivityChange for WIFI: CONNECTED/CONNECTED
D/ConnectivityService(  308): handleConnectivityChange: address are the same reset per doReset linkProperty[1]: resetMask=0
D/ConnectivityService(  308): NetTransition Wakelock for WifiStateMachine released by timeout
D/dalvikvm(  308): GC_CONCURRENT freed 1945K, 12% free 19685K/22279K, paused 8ms+7ms, total 153ms
D/Tethering(  308): MasterInitialState.processMessage what=3
D/Tethering(  308): MasterInitialState.processMessage what=3
D/PicasaSyncManager( 9513): active network: NetworkInfo: type: WIFI[], state: CONNECTED/CONNECTED, reason: (unspecified), extra: (none), roaming: false, failover: false, isAvailable: true
D/PicasaSyncManager( 9513): background data: true
D/dalvikvm(  642): GC_CONCURRENT freed 386K, 6% free 11522K/12167K, paused 4ms+6ms, total 55ms
D/PicasaUploaderSyncManager( 9529): active network: NetworkInfo: type: WIFI[], state: CONNECTED/CONNECTED, reason: (unspecified), extra: (none), roaming: false, failover: false, isAvailable: true
D/PicasaUploaderSyncManager( 9529): background data: true
D/PicasaSyncManager( 9513): active network: NetworkInfo: type: WIFI[], state: CONNECTED/CONNECTED, reason: (unspecified), extra: (none), roaming: false, failover: false, isAvailable: true
D/PicasaSyncManager( 9513): background data: true
D/PicasaUploaderSyncManager( 9529): active network: NetworkInfo: type: WIFI[], state: CONNECTED/CONNECTED, reason: (unspecified), extra: (none), roaming: false, failover: false, isAvailable: true
D/PicasaUploaderSyncManager( 9529): background data: true
D/ConnectivityService(  308): handleInetConditionHoldEnd: net=1, condition=100, published condition=0
I/EventLogService(  642): Aggregate from 1353201844216 (log), 1353201844216 (data)
W/ThrottleService(  308): unable to find stats for iface rmnet0
W/ThrottleService(  308): unable to find stats for iface rmnet0
I/EventLogService(  642): Aggregate from 1353203644288 (log), 1353203644288 (data)
W/ThrottleService(  308): unable to find stats for iface rmnet0
D/PhoneStatusBar(  498): addNotification score=-20
D/PhoneStatusBar(  498): addNotification score=-10
D/MtpService( 9386): addStorageLocked 65537 /storage/sdcard0
D/MtpService( 9386): starting MTP server in MTP mode
D/MtpService( 9386): addStorageLocked 65537 /storage/sdcard0
D/PicasaSyncManager( 9513): battery info: true
W/PowerUI (  498): unknown intent: Intent { act=android.intent.action.ACTION_POWER_CONNECTED flg=0x8000010 }
D/PicasaUploaderSyncManager( 9529): battery info: true
I/WindowManager(  308): Lock screen displayed!
D/dalvikvm( 9529): GC_CONCURRENT freed 406K, 5% free 10887K/11399K, paused 2ms+2ms, total 81ms
D/SurfaceFlinger(  123): Screen about to return, flinger = 0x41f18af0
E/PowerManagerService(  308): Excessive delay setting brightness: 280ms, mask=2
D/NfcService(  582): NFC-C ON
D/PhoneStatusBar(  498): disable: < expand icons alerts ticker system_info BACK HOME recent* CLOCK >
W/InputMethodManagerService(  308): Window already focused, ignoring focus gain of: com.android.internal.view.IInputMethodClient$Stub$Proxy@41c549d8 attribute=android.view.inputmethod.EditorInfo@416a88a0
D/PhoneStatusBar(  498): disable: < expand icons alerts ticker system_info back* home* recent clock* >
D/dalvikvm(  589): GC_CONCURRENT freed 1644K, 56% free 16057K/36231K, paused 12ms+5ms, total 55ms
D/dalvikvm(  308): GC_CONCURRENT freed 3787K, 20% free 17826K/22279K, paused 7ms+8ms, total 94ms
D/dalvikvm(  308): GC_CONCURRENT freed 1646K, 20% free 17829K/22279K, paused 6ms+9ms, total 88ms
D/dalvikvm(  308): GC_CONCURRENT freed 1648K, 20% free 17831K/22279K, paused 7ms+9ms, total 89ms
D/AndroidRuntime(11063): 
D/AndroidRuntime(11063): >>>>>> AndroidRuntime START com.android.internal.os.RuntimeInit <<<<<<
D/AndroidRuntime(11063): CheckJNI is OFF
D/dalvikvm(11063): Trying to load lib libjavacore.so 0x0
D/dalvikvm(11063): Added shared lib libjavacore.so 0x0
D/dalvikvm(11063): Trying to load lib libnativehelper.so 0x0
D/dalvikvm(11063): Added shared lib libnativehelper.so 0x0
D/AndroidRuntime(11063): Calling main entry com.android.commands.pm.Pm
W/ActivityManager(  308): No content provider found for permission revoke: file:///data/local/tmp/Sample-debug.apk
W/ActivityManager(  308): No content provider found for permission revoke: file:///data/local/tmp/Sample-debug.apk
D/dalvikvm(  308): GC_CONCURRENT freed 1468K, 19% free 18122K/22279K, paused 13ms+7ms, total 69ms
D/dalvikvm(  308): WAIT_FOR_CONCURRENT_GC blocked 43ms
D/dalvikvm(  308): GC_CONCURRENT freed 1866K, 19% free 18100K/22279K, paused 12ms+5ms, total 79ms
D/dalvikvm(  308): WAIT_FOR_CONCURRENT_GC blocked 52ms
D/dalvikvm(  308): WAIT_FOR_CONCURRENT_GC blocked 39ms
I/PackageManager(  308): Removing non-system package:com.rhomobile.sample
I/ActivityManager(  308): Force stopping package com.rhomobile.sample uid=10071
I/ActivityManager(  308): Killing proc 9341:com.rhomobile.sample/u0a71: force stop
I/ActivityManager(  308):   Force finishing activity ActivityRecord{416aef10 com.rhomobile.sample/com.rhomobile.rhodes.RhodesActivity}
I/WindowState(  308): WIN DEATH: Window{418ec678 com.rhomobile.sample/com.rhomobile.rhodes.RhodesActivity paused=true}
I/PackageManager(  308): Package com.rhomobile.sample codePath changed from /data/app/com.rhomobile.sample-1.apk to /data/app/com.rhomobile.sample-2.apk; Retaining data and using new
I/PackageManager(  308): Running dexopt on: com.rhomobile.sample
D/dalvikvm(11074): DexOpt: load 27ms, verify+opt 169ms, 907988 bytes
I/ActivityManager(  308): Force stopping package com.rhomobile.sample uid=10071
W/PackageManager(  308): Code path for pkg : com.rhomobile.sample changing from /data/app/com.rhomobile.sample-1.apk to /data/app/com.rhomobile.sample-2.apk
W/PackageManager(  308): Resource path for pkg : com.rhomobile.sample changing from /data/app/com.rhomobile.sample-1.apk to /data/app/com.rhomobile.sample-2.apk
D/PackageManager(  308): New package installed in /data/app/com.rhomobile.sample-2.apk
I/ActivityManager(  308): Force stopping package com.rhomobile.sample uid=10071
D/dalvikvm(  589): WAIT_FOR_CONCURRENT_GC blocked 0ms
D/dalvikvm( 1429): WAIT_FOR_CONCURRENT_GC blocked 0ms
D/dalvikvm(  589): GC_EXPLICIT freed 99K, 56% free 15958K/36231K, paused 3ms+7ms, total 45ms
D/dalvikvm(  308): WAIT_FOR_CONCURRENT_GC blocked 0ms
D/dalvikvm( 1429): GC_EXPLICIT freed 234K, 5% free 11087K/11655K, paused 2ms+3ms, total 45ms
I/InputReader(  308): Reconfiguring input devices.  changes=0x00000010
I/InputReader(  308): Reconfiguring input devices.  changes=0x00000010
I/RegisteredComponentCache(  582): ComponentInfo: ResolveInfo{416bdaa8 com.rhomobile.rhodes.RhodesActivity p=0 o=0 m=0x108000}, techs: android.nfc.tech.MifareClassic, android.nfc.tech.Ndef, 
I/RegisteredComponentCache(  582): ComponentInfo: ResolveInfo{416b9a00 com.android.apps.tag.TagViewer p=0 o=0 m=0x108000}, techs: android.nfc.tech.Ndef, 
I/RegisteredComponentCache(  582): ComponentInfo: ResolveInfo{416c2bd8 com.rhomobile.rhodes.RhodesActivity p=0 o=0 m=0x108000}, techs: android.nfc.tech.MifareClassic, android.nfc.tech.Ndef, 
I/RegisteredComponentCache(  582): ComponentInfo: ResolveInfo{416c33a8 com.android.apps.tag.TagViewer p=0 o=0 m=0x108000}, techs: android.nfc.tech.Ndef, 
D/dalvikvm(  308): GC_EXPLICIT freed 1756K, 19% free 18141K/22279K, paused 13ms+28ms, total 133ms
D/PackageManager(  308): generateServicesMap(android.accounts.AccountAuthenticator): 3 services unchanged
D/dalvikvm(  308): WAIT_FOR_CONCURRENT_GC blocked 0ms
D/PackageManager(  308): generateServicesMap(android.content.SyncAdapter): 17 services unchanged
D/PackageManager(  308): generateServicesMap(android.accounts.AccountAuthenticator): 3 services unchanged
D/BackupManagerService(  308): Received broadcast Intent { act=android.intent.action.PACKAGE_REMOVED dat=package:com.rhomobile.sample flg=0x8000010 (has extras) }
D/PackageManager(  308): generateServicesMap(android.content.SyncAdapter): 17 services unchanged
D/BackupManagerService(  308): Received broadcast Intent { act=android.intent.action.PACKAGE_ADDED dat=package:com.rhomobile.sample flg=0x8000010 (has extras) }
V/BackupManagerService(  308): removePackageParticipantsLocked: uid=10071 #1
I/ActivityManager(  308): Start proc com.android.keychain for broadcast com.android.keychain/.KeyChainBroadcastReceiver: pid=11076 uid=1000 gids={1015, 3002, 3001, 3003, 1028, 3007}
V/BackupManagerService(  308): addPackageParticipantsLocked: #1
I/ActivityManager(  308): Start proc com.android.voicedialer for broadcast com.android.voicedialer/.VoiceDialerReceiver: pid=11091 uid=10054 gids={3002, 1028}
D/dalvikvm(  308): GC_EXPLICIT freed 966K, 21% free 17778K/22279K, paused 13ms+10ms, total 230ms
D/AndroidRuntime(11063): Shutting down VM
D/dalvikvm(11063): GC_CONCURRENT freed 98K, 89% free 453K/4096K, paused 1ms+0ms, total 4ms
I/ActivityManager(  308): Start proc com.google.android.partnersetup for broadcast com.google.android.partnersetup/.RlzPingBroadcastReceiver: pid=11105 uid=10021 gids={3003, 1028}
I/ActivityThread(11105): Pub com.google.android.partnersetup.rlzprovider: com.google.android.partnersetup.RlzProvider
I/ActivityThread(11105): Pub com.google.android.partnersetup.rlzappprovider: com.google.android.partnersetup.RlzAppProvider
D/dalvikvm(  308): WAIT_FOR_CONCURRENT_GC blocked 0ms
D/dalvikvm( 1512): GC_CONCURRENT freed 543K, 6% free 12846K/13639K, paused 1ms+8ms, total 56ms
D/dalvikvm(  308): GC_EXPLICIT freed 239K, 21% free 17742K/22279K, paused 2ms+4ms, total 64ms
I/ActivityManager(  308): Start proc com.google.android.apps.maps:FriendService for broadcast com.google.android.apps.maps/com.google.googlenav.friend.android.ServiceReceiver: pid=11125 uid=10031 gids={3003, 1015, 1028}
D/dalvikvm(11125): GC_CONCURRENT freed 149K, 2% free 11132K/11335K, paused 12ms+15ms, total 44ms
D/dalvikvm(11125): WAIT_FOR_CONCURRENT_GC blocked 1ms
D/AndroidRuntime(11139): 
D/AndroidRuntime(11139): >>>>>> AndroidRuntime START com.android.internal.os.RuntimeInit <<<<<<
D/AndroidRuntime(11139): CheckJNI is OFF
D/dalvikvm(11139): Trying to load lib libjavacore.so 0x0
D/dalvikvm(11139): Added shared lib libjavacore.so 0x0
D/dalvikvm(11139): Trying to load lib libnativehelper.so 0x0
D/dalvikvm(11139): Added shared lib libnativehelper.so 0x0
D/dalvikvm(11125): GC_CONCURRENT freed 155K, 3% free 11480K/11719K, paused 11ms+7ms, total 38ms
I/ActivityManager(  308): No longer want com.google.android.apps.maps:LocationFriendService (pid 8569): hidden #16
D/AndroidRuntime(11139): Calling main entry com.android.commands.am.Am
I/ActivityManager(  308): START {act=android.intent.action.MAIN flg=0x10000000 cmp=com.rhomobile.sample/com.rhomobile.rhodes.RhodesActivity u=0} from pid 11139
D/AndroidRuntime(11139): Shutting down VM
I/AndroidRuntime(11139): NOTE: attach of thread 'Binder_3' failed
D/dalvikvm(11139): GC_CONCURRENT freed 98K, 89% free 484K/4096K, paused 1ms+0ms, total 4ms
I/ActivityManager(  308): Start proc com.rhomobile.sample for activity com.rhomobile.sample/com.rhomobile.rhodes.RhodesActivity: pid=11152 uid=10071 gids={3003, 1015, 1028}
I/dalvikvm(11152): Turning on JNI app bug workarounds for target SDK version 4...
D/dalvikvm(11152): Trying to load lib /data/data/com.rhomobile.sample/lib/librhodes.so 0x416b5b68
D/dalvikvm(11152): Added shared lib /data/data/com.rhomobile.sample/lib/librhodes.so 0x416b5b68
D/dalvikvm(11152): Trying to load lib /data/data/com.rhomobile.sample/lib/librhodes.so 0x416b5b68
D/dalvikvm(11152): Shared lib '/data/data/com.rhomobile.sample/lib/librhodes.so' already loaded in same CL 0x416b5b68
I/ActivityThread(11152): Pub com.rhomobile.sample: com.rhomobile.rhodes.LocalFileProvider
I/RhodesApplication(11152): Initializing...
D/RhoFileApi(11152): App root path: /data/data/com.rhomobile.sample/rhodata/
D/RhoFileApi(11152): Sqlite journals path: /data/data/com.rhomobile.sample/sqlite_stmt_journals/
D/RhoFileApi(11152): Shared path: /data/data/com.rhomobile.sample/rhodata/
D/RhodesApplication(11152): Root path: /data/data/com.rhomobile.sample/rhodata/
I/RhodesApplication(11152): Application hash was changed
D/RhoFileApi(11152): Copy hash to FS
D/RhoFileApi(11152): File hash copied
D/RhoFileApi(11152): Copy rho.dat to FS
D/RhoFileApi(11152): File rho.dat copied
D/RhoFileApi(11152): Copy apps/rhoconfig.txt to FS
D/RhoFileApi(11152): File apps/rhoconfig.txt copied
I/RhoFileApi(11152): Opening stat table from FS: /data/data/com.rhomobile.sample/rhodata/rho.dat
I/UsageStats(  308): Deleting usage file : usage-20121111
D/RhoFileApi(11152): Copy apps/rhoconfig.txt to FS
D/RhoFileApi(11152): File apps/rhoconfig.txt copied
D/RhoFileApi(11152): App root path: /data/data/com.rhomobile.sample/rhodata/
D/RhoFileApi(11152): Sqlite journals path: /data/data/com.rhomobile.sample/sqlite_stmt_journals/
D/RhoFileApi(11152): Shared path: /data/data/com.rhomobile.sample/rhodata/
I/APP     (11152): I 11/18/2012 11:36:39:668 00002b90    RhodesApplication| Initialized
I/APP     (11152): I 11/18/2012 11:36:39:677 00002b90         BaseActivity| New screen properties - width: 720, height: 1184, orientation: 1
I/APP     (11152): I 11/18/2012 11:36:39:707 00002b90         SplashScreen| Looking for start page source
D/dalvikvm(11152): GC_CONCURRENT freed 293K, 4% free 10963K/11335K, paused 2ms+15ms, total 48ms
D/dalvikvm(11152): GC_FOR_ALLOC freed 18K, 3% free 11066K/11335K, paused 22ms, total 22ms
I/dalvikvm-heap(11152): Grow heap (frag case) to 13.202MB for 2457616-byte allocation
D/dalvikvm(11152): GC_FOR_ALLOC freed 1K, 3% free 13464K/13767K, paused 61ms, total 61ms
I/APP     (11152): I 11/18/2012 11:36:39:864 00002b90         SplashScreen| Done
I/APP     (11152): I 11/18/2012 11:36:39:865 00002b90    RhodesApplication| New UiState: MainActivityCreated
I/APP     (11152): I 11/18/2012 11:36:39:882 00002b90       RhodesActivity| onStart
I/APP     (11152): I 11/18/2012 11:36:39:883 00002b90    RhodesApplication| New UiState: MainActivityStarted
I/APP     (11152): I 11/18/2012 11:36:39:883 00002b90       RhodesActivity| onResume
I/APP     (11152): I 11/18/2012 11:36:39:883 00002b90 AndroidFunctionality| Resume WebView
I/APP     (11152): I 11/18/2012 11:36:39:894 00002b90        RhodesService| onCreate
I/APP     (11152): I 11/18/2012 11:36:39:895 00002b90    LocalFileProvider| Revoke URI permissions: content:///com.rhomobile.sample
I/APP     (11152): I 11/18/2012 11:36:39:897 00002b90               Rhodes| Loading...
I/APP     (11152): I 11/18/2012 11:36:39:897 00002b90            RhodesApp| Trying to get free listening port.
I/APP     (11152): I 11/18/2012 11:36:39:897 00002b90            RhodesApp| Trying to bind of 0 port...
I/APP     (11152): I 11/18/2012 11:36:39:897 00002b90            RhodesApp| Got port to bind on: 43364
I/APP     (11152): I 11/18/2012 11:36:39:897 00002b90            RhodesApp| Free listening port: 43364
W/ActivityManager(  308): No content provider found for permission revoke: content:///com.rhomobile.sample
I/APP     (11152): I 11/18/2012 11:36:39:916 00002ba6         AppCallbacks| Starting main routine...
I/APP     (11152): I 11/18/2012 11:36:39:918 00002ba6         AppCallbacks| ThreadQueue blocked for 4294967295 seconds...
I/APP     (11152): I 11/18/2012 11:36:39:921 00002b90        RhodesService| Push is disabled
I/APP     (11152): I 11/18/2012 11:36:39:922 00002b90            RhodesApp| callAppActiveCallback
I/APP     (11152): I 11/18/2012 11:36:39:922 00002b90         AppCallbacks| addCommand: APP-ACTIVATED
I/APP     (11152): I 11/18/2012 11:36:39:922 00002b90         AppActivated| Cannot commit now, application will be activated when started.
I/APP     (11152): I 11/18/2012 11:36:39:922 00002b90    RhodesApplication| New AppState: Undefined
I/APP     (11152): I 11/18/2012 11:36:39:923 00002ba6         AppCallbacks| Received command APP-ACTIVATED which is greater than expected (LOCAL-SERVER-STARTED) - postpone it
I/APP     (11152): I 11/18/2012 11:36:39:923 00002ba6         AppCallbacks| ThreadQueue blocked for 4294967295 seconds...
D/RhodesService(11152): +++ onStartCommand
I/RhodesService(11152): handleCommand: startId=1, source=com.rhomobile.rhodes.BaseActivity
D/RhodesService(11152): New activity was created
D/dalvikvm(11152): GC_CONCURRENT freed 10K, 2% free 13544K/13767K, paused 12ms+12ms, total 70ms
I/APP     (11152): I 11/18/2012 11:36:39:936 00002b90        RhodesService| onBind
I/APP     (11152): I 11/18/2012 11:36:39:936 00002ba8            RhodesApp| Starting RhodesApp main routine...
I/APP     (11152): I 11/18/2012 11:36:39:938 00002b90         AppCallbacks| addCommand: UI-CREATED
I/APP     (11152): I 11/18/2012 11:36:39:939 00002ba6         AppCallbacks| Received command UI-CREATED which is greater than expected (LOCAL-SERVER-STARTED) - postpone it
I/APP     (11152): I 11/18/2012 11:36:39:939 00002ba6         AppCallbacks| ThreadQueue blocked for 4294967295 seconds...
V/PhoneStatusBar(  498): setLightsOn(true)
I/APP     (11152): I 11/18/2012 11:36:39:965 00002b90       RhodesActivity| onServiceConnected: {com.rhomobile.sample/com.rhomobile.rhodes.RhodesService}
I/APP     (11152): I 11/18/2012 11:36:39:965 00002b90       RhodesActivity| New start parameters: 
I/APP     (11152): I 11/18/2012 11:36:39:965 00002b90            RhodesApp| New start params: 
I/APP     (11152): I 11/18/2012 11:36:40:029 00002ba8              RhoRuby| Init_RhoBlobs: /data/data/com.rhomobile.sample/rhodata/db/db-files
I/APP     (11152): I 11/18/2012 11:36:40:037 00002ba8              RhoRuby| require_compiled: digest
I/APP     (11152): I 11/18/2012 11:36:40:040 00002ba8              RhoRuby| require_compiled: digest.so
I/ActivityManager(  308): Displayed com.rhomobile.sample/com.rhomobile.rhodes.RhodesActivity: +592ms
I/APP     (11152): I 11/18/2012 11:36:40:119 00002ba8              RhoRuby| require_compiled: rhoframework
I/APP     (11152): I 11/18/2012 11:36:40:139 00002ba8              RhoRuby| require_compiled: rational
I/APP     (11152): I 11/18/2012 11:36:40:150 00002ba8              RhoRuby| require_compiled: rhom/rhom_db_adapter
I/APP     (11152): I 11/18/2012 11:36:40:169 00002ba8              RhoRuby| require_compiled: rhodes
I/APP     (11152): I 11/18/2012 11:36:40:173 00002ba8              RhoRuby| require_compiled: rhom/rhom_object
I/APP     (11152): I 11/18/2012 11:36:40:176 00002ba8              RhoRuby| require_compiled: rhofsconnector
I/APP     (11152): I 11/18/2012 11:36:40:177 00002ba8              RhoRuby| require_compiled: rho/rhofsconnector
I/APP     (11152): I 11/18/2012 11:36:40:182 00002ba8              RhoRuby| require_compiled: rhom/rhom_object_factory
I/APP     (11152): I 11/18/2012 11:36:40:230 00002ba8              RhoRuby| require_compiled: rhom/rhom
I/APP     (11152): I 11/18/2012 11:36:40:248 00002ba8              RhoRuby| require_compiled: rhom/rhom_model
I/APP     (11152): I 11/18/2012 11:36:40:260 00002ba8              RhoRuby| require_compiled: rhom
I/APP     (11152): I 11/18/2012 11:36:40:262 00002ba8              RhoRuby| require_compiled: rho/rhoapplication
I/APP     (11152): I 11/18/2012 11:36:40:271 00002ba8              RhoRuby| require_compiled: rholang/localization_simplified
I/APP     (11152): I 11/18/2012 11:36:40:280 00002ba8              RhoRuby| require_compiled: rho/rhomsg
I/APP     (11152): I 11/18/2012 11:36:40:281 00002ba8              RhoRuby| require_compiled: rho/rhotabbar
I/APP     (11152): I 11/18/2012 11:36:40:284 00002ba8              RhoRuby| require_compiled: rho/rhotoolbar
I/APP     (11152): I 11/18/2012 11:36:40:285 00002ba8                  APP| Current locale: ; Country code: 
I/APP     (11152): I 11/18/2012 11:36:40:288 00002ba8                  APP| Locilized file: /data/data/com.rhomobile.sample/rhodata/lib/rholang/lang_
I/APP     (11152): I 11/18/2012 11:36:40:288 00002ba8                  APP| Could not find resources for locale: ja;file: /data/data/com.rhomobile.sample/rhodata/lib/rholang/lang_
I/APP     (11152): I 11/18/2012 11:36:40:288 00002ba8                  APP| Load english resources.
I/APP     (11152): I 11/18/2012 11:36:40:289 00002ba8              RhoRuby| require_compiled: /data/data/com.rhomobile.sample/rhodata/lib/rholang/lang_en
I/APP     (11152): I 11/18/2012 11:36:40:293 00002ba8                  APP| Locilized file: /data/data/com.rhomobile.sample/rhodata/apps/app/lang/lang_
I/APP     (11152): I 11/18/2012 11:36:40:294 00002ba8                  APP| Could not find resources for locale: ja;file: /data/data/com.rhomobile.sample/rhodata/apps/app/lang/lang_
I/APP     (11152): I 11/18/2012 11:36:40:294 00002ba8                  APP| Locilized file: /data/data/com.rhomobile.sample/rhodata/lib/rholang/rhoerror_
I/APP     (11152): I 11/18/2012 11:36:40:294 00002ba8                  APP| Could not find resources for locale: ja;file: /data/data/com.rhomobile.sample/rhodata/lib/rholang/rhoerror_
I/APP     (11152): I 11/18/2012 11:36:40:295 00002ba8                  APP| Load english resources.
I/APP     (11152): I 11/18/2012 11:36:40:295 00002ba8              RhoRuby| require_compiled: /data/data/com.rhomobile.sample/rhodata/lib/rholang/rhoerror_en
I/APP     (11152): I 11/18/2012 11:36:40:297 00002ba8                  APP| Locilized file: /data/data/com.rhomobile.sample/rhodata/lib/rholang/rhomsg_
I/APP     (11152): I 11/18/2012 11:36:40:300 00002ba8                  APP| Could not find resources for locale: ja;file: /data/data/com.rhomobile.sample/rhodata/lib/rholang/rhomsg_
I/APP     (11152): I 11/18/2012 11:36:40:300 00002ba8                  APP| Load english resources.
I/APP     (11152): I 11/18/2012 11:36:40:301 00002ba8              RhoRuby| require_compiled: /data/data/com.rhomobile.sample/rhodata/lib/rholang/rhomsg_en
I/APP     (11152): I 11/18/2012 11:36:40:302 00002ba8              RhoRuby| require_compiled: indifferent_access
I/APP     (11152): I 11/18/2012 11:36:40:310 00002ba8              RhoRuby| require_compiled: rho/rhosupport
I/APP     (11152): I 11/18/2012 11:36:40:321 00002ba8              RhoRuby| require_compiled: rho/rhocontroller
I/APP     (11152): I 11/18/2012 11:36:40:327 00002ba8              RhoRuby| require_compiled: rho/render
I/APP     (11152): I 11/18/2012 11:36:40:339 00002ba8              RhoRuby| require_compiled: rho/rho
I/APP     (11152): I 11/18/2012 11:36:40:381 00002ba8              RhoRuby| require_compiled: rho/rhoerror
I/APP     (11152): I 11/18/2012 11:36:40:383 00002ba8              RhoRuby| require_compiled: rhom/rhom_source
I/APP     (11152): I 11/18/2012 11:36:40:389 00002ba8              RhoRuby| require_compiled: rho/rhoviewhelpers
I/APP     (11152): I 11/18/2012 11:36:40:395 00002ba8              RhoRuby| require_compiled: rho
I/APP     (11152): I 11/18/2012 11:36:40:397 00002ba8                  APP| RHO loaded
I/APP     (11152): I 11/18/2012 11:36:40:397 00002ba8                  APP| Calling RHO.initialize
I/APP     (11152): I 11/18/2012 11:36:40:398 00002ba8                   DB| Open DB: /data/data/com.rhomobile.sample/rhodata/db/syncdbuser.sqlite
I/APP     (11152): I 11/18/2012 11:36:40:400 00002ba8          GeoLocation| Creating singleton instance.
I/APP     (11152): I 11/18/2012 11:36:40:400 00002ba8            RhodesApp| Starting sync engine...
I/APP     (11152): I 11/18/2012 11:36:40:400 00002ba8                 Sync| sync_poll_interval: 0
I/APP     (11152): I 11/18/2012 11:36:40:400 00002ba8                 Sync| syncserver: 
I/APP     (11152): I 11/18/2012 11:36:40:401 00002ba8                 Sync| bulksync_state: 0
I/APP     (11152): I 11/18/2012 11:36:40:401 00002ba8            RhodesApp| RhoRubyInitApp...
I/APP     (11152): I 11/18/2012 11:36:40:401 00002ba8                  APP| init_app
I/APP     (11152): I 11/18/2012 11:36:40:401 00002ba8              RhoRuby| require_compiled: application
I/APP     (11152): I 11/18/2012 11:36:40:403 00002ba8                 Sync| Set notification. Source ID: -1;Url :http://localhost:43364/app/Settings/sync_notify; Params: 
I/APP     (11152): I 11/18/2012 11:36:40:403 00002ba8           HttpServer| Start HTTP server
I/APP     (11152): I 11/18/2012 11:36:40:403 00002ba8           HttpServer| Listen for connections on port 43364
I/APP     (11152): I 11/18/2012 11:36:40:404 00002ba8         AppCallbacks| addCommand: LOCAL-SERVER-STARTED
I/APP     (11152): I 11/18/2012 11:36:40:404 00002ba6         AppCallbacks| process command: LOCAL-SERVER-STARTED
I/APP     (11152): I 11/18/2012 11:36:40:404 00002ba6 RhodesAppActiveObserver| Ready
I/APP     (11152): I 11/18/2012 11:36:40:405 00002ba6    RhodesApplication| New AppState: AppActivated
I/APP     (11152): I 11/18/2012 11:36:40:405 00002ba6         AppCallbacks| process command: UI-CREATED
I/APP     (11152): I 11/18/2012 11:36:40:406 00002b90 AndroidFunctionality| Disable WebView zoom
I/APP     (11152): I 11/18/2012 11:36:40:406 00002b90 AndroidFunctionality| Set web plugins state 'OFF'
I/APP     (11152): I 11/18/2012 11:36:40:412 00002ba8           HttpServer| Process URI: '/system/uicreated'
I/APP     (11152): I 11/18/2012 11:36:40:413 00002ba8                  APP| on_ui_created.navigate to start url: '/app'
I/APP     (11152): I 11/18/2012 11:36:40:416 00002b90         SplashScreen| navigate: url=http://localhost:43364/app
I/APP     (11152): I 11/18/2012 11:36:40:417 00002b90         SplashScreen| DELAY for SplashScreen = 0
I/APP     (11152): I 11/18/2012 11:36:40:418 00002ba6         AppCallbacks| process command: APP-ACTIVATED
I/APP     (11152): I 11/18/2012 11:36:40:424 00002ba8           HttpServer| Process URI: '/system/activateapp'
I/APP     (11152): I 11/18/2012 11:36:40:424 00002ba8                  APP| Application activate failed: #<NoMethodError: undefined method `+' for nil:NilClass>;Trace: apps/app/application.rb:18:in `on_activate_app'
I/APP     (11152): lib/rho/rho.rb:157:in `activate_app'
I/APP     (11152): I 11/18/2012 11:36:40:427 00002b90        GoogleWebView| Creating new RhoWebChromeClient
I/APP     (11152): I 11/18/2012 11:36:40:431 00002b90       SimpleMainView| Cleared URL: http://localhost:43364/app
I/APP     (11152): I 11/18/2012 11:36:40:433 00002ba6         AppCallbacks| ThreadQueue blocked for 4294967295 seconds...
V/SimpleMainView.View(11152): ms[1353206200446]  Main Window :: onSizeChanged() old [ 720 x 1134 ]  new [ 0 x 0 ]
I/APP     (11152): I 11/18/2012 11:36:40:458 00002b90        GoogleWebView| Setting RhoWebChromeClient
I/APP     (11152): I 11/18/2012 11:36:40:462 00002ba8           HttpServer| Process URI: '/app'
I/APP     (11152): I 11/18/2012 11:36:40:490 00002b90     RhoWebViewClient| Loading URL: http://localhost:43364/app/index_erb.iseq
I/APP     (11152): I 11/18/2012 11:36:40:496 00002ba8           HttpServer| Process URI: '/app/index_erb.iseq'
I/APP     (11152): I 11/18/2012 11:36:40:497 00002ba8                  APP| RHO serve_index: /app/index_erb.iseq
I/APP     (11152): I 11/18/2012 11:36:40:498 00002ba8 RHO Rho::RhoController| inst_render_index
I/APP     (11152): I 11/18/2012 11:36:40:505 00002ba8 RHO Rho::RhoController| index layout
I/APP     (11152): I 11/18/2012 11:36:40:516 00002ba8           HttpServer| GC Start.
I/APP     (11152): I 11/18/2012 11:36:40:553 00002ba8           HttpServer| GC End.
I/APP     (11152): I 11/18/2012 11:36:40:598 00002ba8           HttpServer| Process URI: '/public/jquery/jquery-1.6.4.min.js'
I/APP     (11152): I 11/18/2012 11:36:40:604 00002ba8           HttpServer| Process URI: '/public/jquery/jquery.json-2.3.min.js'
I/APP     (11152): I 11/18/2012 11:36:40:605 00002ba8           HttpServer| Process URI: '/public/jqmobile/jquery.mobile-1.0.1.min.css'
I/APP     (11152): I 11/18/2012 11:36:40:610 00002ba8           HttpServer| Process URI: '/public/css/jqmobile-patch.css'
I/APP     (11152): I 11/18/2012 11:36:40:612 00002ba8           HttpServer| Process URI: '/public/jqmobile/jquery.mobile-1.0.1.min.js'
I/APP     (11152): I 11/18/2012 11:36:40:637 00002ba8           HttpServer| Process URI: '/public/js/jqmobile-patch.js'
I/APP     (11152): I 11/18/2012 11:36:40:639 00002ba8           HttpServer| Process URI: '/public/css/android.css'
D/dalvikvm(11152): GC_CONCURRENT freed 792K, 7% free 13657K/14535K, paused 13ms+1ms, total 48ms
D/webviewglue(11152): nativeDestroy view: 0x57fd2068
I/APP     (11152): I 11/18/2012 11:36:41:422 00002ba8           HttpServer| Process URI: '/public/jqmobile/images/icons-36-white.png'
I/ActivityManager(  308): No longer want com.google.android.inputmethod.latin.dictionarypack (pid 9435): hidden #16
I/APP     (11152): I 11/18/2012 11:36:50:553 00002ba8           HttpServer| Process URI: '/app/MemoPad'
I/APP     (11152): I 11/18/2012 11:36:50:553 00002ba8                  APP| RHO serve: /app/MemoPad
I/APP     (11152): I 11/18/2012 11:36:50:555 00002ba8              RhoRuby| require_compiled: MemoPad/controller
I/APP     (11152): I 11/18/2012 11:36:50:559 00002ba8              RhoRuby| require_compiled: json
I/APP     (11152): I 11/18/2012 11:36:50:560 00002ba8              RhoRuby| require_compiled: json/common
I/APP     (11152): I 11/18/2012 11:36:50:573 00002ba8              RhoRuby| require_compiled: json/version
I/APP     (11152): I 11/18/2012 11:36:50:577 00002ba8              RhoRuby| require_compiled: json/pure
I/APP     (11152): I 11/18/2012 11:36:50:582 00002ba8              RhoRuby| require_compiled: json/pure/generator
I/APP     (11152): I 11/18/2012 11:36:50:604 00002ba8                  APP| Camera index controller
I/APP     (11152): I 11/18/2012 11:36:50:604 00002ba8                  APP| const_missing: Image
I/APP     (11152): I 11/18/2012 11:36:50:605 00002ba8                  APP| App error: uninitialized constant MemoPadController::Image
I/APP     (11152):  lib/rho/rho.rb:1374:in `const_missing'
I/APP     (11152): apps/app/MemoPad/controller.rb:7:in `index'
I/APP     (11152): lib/rho/rhocontroller.rb:104:in `serve'
I/APP     (11152): lib/rho/rhoapplication.rb:226:in `serve'
I/APP     (11152): lib/rho/rho.rb:879:in `serve'
I/APP     (11152): I 11/18/2012 11:36:50:605 00002ba8                  APP| show error: #<NameError: uninitialized constant MemoPadController::Image>
I/APP     (11152): I 11/18/2012 11:36:50:605 00002ba8 RHO Rho::RhoController| inst_render_index
I/APP     (11152): I 11/18/2012 11:36:50:607 00002ba8 RHO Rho::RhoController| index layout
I/APP     (11152): I 11/18/2012 11:36:50:623 00002ba8           HttpServer| GC Start.
I/APP     (11152): I 11/18/2012 11:36:50:638 00002ba8           HttpServer| GC End.
D/dalvikvm(  828): GC_CONCURRENT freed 406K, 6% free 11414K/12039K, paused 13ms+13ms, total 47ms
D/Finsky  (  828): [1] 5.onFinished: Installation state replication succeeded.
D/dalvikvm(  308): GC_CONCURRENT freed 1526K, 20% free 17837K/22279K, paused 7ms+8ms, total 79ms
D/dalvikvm(  498): GC_CONCURRENT freed 651K, 15% free 13602K/15879K, paused 4ms+5ms, total 40ms
W/ThrottleService(  308): unable to find stats for iface rmnet0
D/dalvikvm(  308): GC_CONCURRENT freed 1654K, 20% free 17843K/22279K, paused 18ms+8ms, total 106ms
I/EventLogService(  642): Aggregate from 1353205444363 (log), 1353205444363 (data)
D/AndroidRuntime(11194): 
D/AndroidRuntime(11194): >>>>>> AndroidRuntime START com.android.internal.os.RuntimeInit <<<<<<
D/AndroidRuntime(11194): CheckJNI is OFF
D/dalvikvm(11194): Trying to load lib libjavacore.so 0x0
D/dalvikvm(11194): Added shared lib libjavacore.so 0x0
D/dalvikvm(11194): Trying to load lib libnativehelper.so 0x0
D/dalvikvm(11194): Added shared lib libnativehelper.so 0x0
D/AndroidRuntime(11194): Calling main entry com.android.commands.pm.Pm
W/ActivityManager(  308): No content provider found for permission revoke: file:///data/local/tmp/MemoPad-debug.apk
W/ActivityManager(  308): No content provider found for permission revoke: file:///data/local/tmp/MemoPad-debug.apk
D/dalvikvm(  308): GC_CONCURRENT freed 1439K, 19% free 18177K/22279K, paused 12ms+5ms, total 64ms
D/dalvikvm(  308): WAIT_FOR_CONCURRENT_GC blocked 41ms
D/dalvikvm(  308): GC_CONCURRENT freed 1944K, 19% free 18091K/22279K, paused 2ms+6ms, total 55ms
D/dalvikvm(  308): WAIT_FOR_CONCURRENT_GC blocked 47ms
I/PackageManager(  308): Running dexopt on: com.rhomobile.memopad
D/dalvikvm(11205): DexOpt: load 26ms, verify+opt 165ms, 903444 bytes
I/ActivityManager(  308): Force stopping package com.rhomobile.memopad uid=10072
D/PackageManager(  308): New package installed in /data/app/com.rhomobile.memopad-1.apk
I/InputReader(  308): Reconfiguring input devices.  changes=0x00000010
I/RegisteredComponentCache(  582): ComponentInfo: ResolveInfo{416a9638 com.rhomobile.rhodes.RhodesActivity p=0 o=0 m=0x108000}, techs: android.nfc.tech.MifareClassic, android.nfc.tech.Ndef, 
I/RegisteredComponentCache(  582): ComponentInfo: ResolveInfo{416a9e08 com.android.apps.tag.TagViewer p=0 o=0 m=0x108000}, techs: android.nfc.tech.Ndef, 
D/PackageManager(  308): generateServicesMap(android.accounts.AccountAuthenticator): 3 services unchanged
D/dalvikvm(  308): WAIT_FOR_CONCURRENT_GC blocked 0ms
I/Launcher(  589): setLoadOnResume
D/dalvikvm(  582): GC_CONCURRENT freed 396K, 5% free 11016K/11591K, paused 14ms+2ms, total 34ms
D/PackageManager(  308): generateServicesMap(android.content.SyncAdapter): 17 services unchanged
D/BackupManagerService(  308): Received broadcast Intent { act=android.intent.action.PACKAGE_ADDED dat=package:com.rhomobile.memopad flg=0x8000010 (has extras) }
V/BackupManagerService(  308): addPackageParticipantsLocked: #1
D/dalvikvm(  308): GC_EXPLICIT freed 1442K, 19% free 18172K/22279K, paused 9ms+10ms, total 235ms
D/AndroidRuntime(11194): Shutting down VM
I/AndroidRuntime(11194): NOTE: attach of thread 'Binder_3' failed
D/dalvikvm(11194): GC_CONCURRENT freed 97K, 89% free 453K/4096K, paused 0ms+0ms, total 3ms
D/AndroidRuntime(11217): 
D/AndroidRuntime(11217): >>>>>> AndroidRuntime START com.android.internal.os.RuntimeInit <<<<<<
D/AndroidRuntime(11217): CheckJNI is OFF
D/dalvikvm(11217): Trying to load lib libjavacore.so 0x0
D/dalvikvm(11217): Added shared lib libjavacore.so 0x0
D/dalvikvm(11217): Trying to load lib libnativehelper.so 0x0
D/dalvikvm(11217): Added shared lib libnativehelper.so 0x0
D/AndroidRuntime(11217): Calling main entry com.android.commands.am.Am
I/ActivityManager(  308): START {act=android.intent.action.MAIN flg=0x10000000 cmp=com.rhomobile.memopad/com.rhomobile.rhodes.RhodesActivity u=0} from pid 11217
I/APP     (11152): I 11/18/2012 11:55:14:318 00002b90 AndroidFunctionality| Pause WebView
I/APP     (11152): I 11/18/2012 11:55:14:319 00002b90       RhodesActivity| onPause
I/UsageStats(  308): No package stats for pkg:com.rhomobile.sample
I/APP     (11152): I 11/18/2012 11:55:14:321 00002ba8           HttpServer| Process URI: '/system/uidestroyed'
I/APP     (11152): I 11/18/2012 11:55:14:323 00002b90    RhodesApplication| New UiState: MainActivityPaused
D/AndroidRuntime(11217): Shutting down VM
D/dalvikvm(11217): GC_CONCURRENT freed 98K, 89% free 484K/4096K, paused 1ms+1ms, total 5ms
I/ActivityManager(  308): Start proc com.rhomobile.memopad for activity com.rhomobile.memopad/com.rhomobile.rhodes.RhodesActivity: pid=11228 uid=10072 gids={3003, 1028}
I/dalvikvm(11228): Turning on JNI app bug workarounds for target SDK version 4...
D/dalvikvm(11228): Trying to load lib /data/data/com.rhomobile.memopad/lib/librhodes.so 0x416b64e0
D/dalvikvm(11228): Added shared lib /data/data/com.rhomobile.memopad/lib/librhodes.so 0x416b64e0
I/ActivityThread(11228): Pub com.rhomobile.memopad: com.rhomobile.rhodes.LocalFileProvider
I/RhodesApplication(11228): Initializing...
D/RhoFileApi(11228): App root path: /data/data/com.rhomobile.memopad/rhodata/
D/RhoFileApi(11228): Sqlite journals path: /data/data/com.rhomobile.memopad/sqlite_stmt_journals/
D/RhoFileApi(11228): Shared path: /data/data/com.rhomobile.memopad/rhodata/
D/RhodesApplication(11228): Root path: /data/data/com.rhomobile.memopad/rhodata/
I/RhodesApplication(11228): Application hash was changed
D/RhoFileApi(11228): Copy hash to FS
D/RhoFileApi(11228): File hash copied
D/RhoFileApi(11228): Copy rho.dat to FS
D/RhoFileApi(11228): File rho.dat copied
D/RhoFileApi(11228): Copy apps/rhoconfig.txt to FS
D/RhoFileApi(11228): File apps/rhoconfig.txt copied
I/RhoFileApi(11228): Opening stat table from FS: /data/data/com.rhomobile.memopad/rhodata/rho.dat
D/RhoFileApi(11228): Copy apps/rhoconfig.txt to FS
D/RhoFileApi(11228): File apps/rhoconfig.txt copied
D/RhoFileApi(11228): App root path: /data/data/com.rhomobile.memopad/rhodata/
D/RhoFileApi(11228): Sqlite journals path: /data/data/com.rhomobile.memopad/sqlite_stmt_journals/
D/RhoFileApi(11228): Shared path: /data/data/com.rhomobile.memopad/rhodata/
I/APP     (11228): I 11/18/2012 11:55:14:460 00002bdc    RhodesApplication| Initialized
I/APP     (11228): I 11/18/2012 11:55:14:470 00002bdc         BaseActivity| New screen properties - width: 720, height: 1184, orientation: 1
I/APP     (11228): I 11/18/2012 11:55:14:495 00002bdc         SplashScreen| Looking for start page source
D/dalvikvm(11228): GC_CONCURRENT freed 273K, 3% free 11008K/11335K, paused 20ms+2ms, total 35ms
D/dalvikvm(11228): WAIT_FOR_CONCURRENT_GC blocked 15ms
D/dalvikvm(11228): WAIT_FOR_CONCURRENT_GC blocked 15ms
D/dalvikvm(11228): WAIT_FOR_CONCURRENT_GC blocked 15ms
D/dalvikvm(11228): WAIT_FOR_CONCURRENT_GC blocked 15ms
D/dalvikvm(11228): GC_FOR_ALLOC freed 91K, 3% free 11015K/11335K, paused 13ms, total 13ms
I/dalvikvm-heap(11228): Grow heap (frag case) to 13.152MB for 2457616-byte allocation
D/dalvikvm(11228): GC_CONCURRENT freed 1K, 3% free 13414K/13767K, paused 11ms+2ms, total 33ms
D/dalvikvm(11228): WAIT_FOR_CONCURRENT_GC blocked 9ms
I/APP     (11228): I 11/18/2012 11:55:14:663 00002bdc         SplashScreen| Done
I/APP     (11228): I 11/18/2012 11:55:14:664 00002bdc    RhodesApplication| New UiState: MainActivityCreated
I/APP     (11228): I 11/18/2012 11:55:14:665 00002bdc       RhodesActivity| onStart
I/APP     (11228): I 11/18/2012 11:55:14:665 00002bdc    RhodesApplication| New UiState: MainActivityStarted
I/APP     (11228): I 11/18/2012 11:55:14:666 00002bdc       RhodesActivity| onResume
I/APP     (11228): I 11/18/2012 11:55:14:666 00002bdc AndroidFunctionality| Resume WebView
I/APP     (11228): I 11/18/2012 11:55:14:705 00002bdc        RhodesService| onCreate
I/APP     (11228): I 11/18/2012 11:55:14:706 00002bdc    LocalFileProvider| Revoke URI permissions: content:///com.rhomobile.memopad
I/APP     (11228): I 11/18/2012 11:55:14:707 00002bdc               Rhodes| Loading...
I/APP     (11228): I 11/18/2012 11:55:14:707 00002bdc            RhodesApp| Trying to get free listening port.
I/APP     (11228): I 11/18/2012 11:55:14:708 00002bdc            RhodesApp| Trying to bind of 0 port...
I/APP     (11228): I 11/18/2012 11:55:14:709 00002bdc            RhodesApp| Got port to bind on: 59844
I/APP     (11228): I 11/18/2012 11:55:14:709 00002bdc            RhodesApp| Free listening port: 59844
W/ActivityManager(  308): No content provider found for permission revoke: content:///com.rhomobile.memopad
I/APP     (11228): I 11/18/2012 11:55:14:723 00002bf2         AppCallbacks| Starting main routine...
I/APP     (11228): I 11/18/2012 11:55:14:723 00002bf2         AppCallbacks| ThreadQueue blocked for 4294967295 seconds...
I/APP     (11228): I 11/18/2012 11:55:14:743 00002bdc        RhodesService| Push is disabled
I/APP     (11228): I 11/18/2012 11:55:14:744 00002bdc            RhodesApp| callAppActiveCallback
I/APP     (11228): I 11/18/2012 11:55:14:744 00002bdc         AppCallbacks| addCommand: APP-ACTIVATED
I/APP     (11228): I 11/18/2012 11:55:14:744 00002bdc         AppActivated| Cannot commit now, application will be activated when started.
I/APP     (11228): I 11/18/2012 11:55:14:744 00002bf2         AppCallbacks| Received command APP-ACTIVATED which is greater than expected (LOCAL-SERVER-STARTED) - postpone it
I/APP     (11228): I 11/18/2012 11:55:14:745 00002bf2         AppCallbacks| ThreadQueue blocked for 4294967295 seconds...
I/APP     (11228): I 11/18/2012 11:55:14:745 00002bdc    RhodesApplication| New AppState: Undefined
D/RhodesService(11228): +++ onStartCommand
I/RhodesService(11228): handleCommand: startId=1, source=com.rhomobile.rhodes.BaseActivity
D/RhodesService(11228): New activity was created
I/APP     (11228): I 11/18/2012 11:55:14:758 00002bdc        RhodesService| onBind
I/APP     (11228): I 11/18/2012 11:55:14:764 00002bdc         AppCallbacks| addCommand: UI-CREATED
I/APP     (11228): I 11/18/2012 11:55:14:764 00002bf2         AppCallbacks| Received command UI-CREATED which is greater than expected (LOCAL-SERVER-STARTED) - postpone it
I/APP     (11228): I 11/18/2012 11:55:14:764 00002bf2         AppCallbacks| ThreadQueue blocked for 4294967295 seconds...
I/APP     (11228): I 11/18/2012 11:55:14:768 00002bf4            RhodesApp| Starting RhodesApp main routine...
V/PhoneStatusBar(  498): setLightsOn(true)
I/APP     (11228): I 11/18/2012 11:55:14:816 00002bdc       RhodesActivity| onServiceConnected: {com.rhomobile.memopad/com.rhomobile.rhodes.RhodesService}
I/APP     (11228): I 11/18/2012 11:55:15:176 00002bdc       RhodesActivity| New start parameters: 
I/APP     (11228): I 11/18/2012 11:55:15:177 00002bdc            RhodesApp| New start params: 
I/APP     (11228): I 11/18/2012 11:55:14:855 00002bf4              RhoRuby| Init_RhoBlobs: /data/data/com.rhomobile.memopad/rhodata/db/db-files
I/APP     (11228): I 11/18/2012 11:55:15:197 00002bf4              RhoRuby| require_compiled: rhoframework
I/APP     (11228): I 11/18/2012 11:55:15:214 00002bf4              RhoRuby| require_compiled: rational
I/APP     (11228): I 11/18/2012 11:55:15:235 00002bf4              RhoRuby| require_compiled: rhom/rhom_db_adapter
I/APP     (11228): I 11/18/2012 11:55:15:258 00002bf4              RhoRuby| require_compiled: rhodes
I/APP     (11228): I 11/18/2012 11:55:15:268 00002bf4              RhoRuby| require_compiled: rhom/rhom_object
I/APP     (11228): I 11/18/2012 11:55:15:276 00002bf4              RhoRuby| require_compiled: rhofsconnector
I/APP     (11228): I 11/18/2012 11:55:15:277 00002bf4              RhoRuby| require_compiled: rho/rhofsconnector
I/APP     (11228): I 11/18/2012 11:55:15:283 00002bf4              RhoRuby| require_compiled: rhom/rhom_object_factory
W/IInputConnectionWrapper(11152): showStatusIcon on inactive InputConnection
I/APP     (11228): I 11/18/2012 11:55:15:330 00002bf4              RhoRuby| require_compiled: rhom/rhom
I/ActivityManager(  308): Displayed com.rhomobile.memopad/com.rhomobile.rhodes.RhodesActivity: +1s1ms
I/APP     (11228): I 11/18/2012 11:55:15:338 00002bf4              RhoRuby| require_compiled: rhom/rhom_model
I/APP     (11228): I 11/18/2012 11:55:15:346 00002bf4              RhoRuby| require_compiled: rhom
I/APP     (11228): I 11/18/2012 11:55:15:347 00002bf4              RhoRuby| require_compiled: rho/rhoapplication
I/APP     (11228): I 11/18/2012 11:55:15:366 00002bf4              RhoRuby| require_compiled: rholang/localization_simplified
I/APP     (11228): I 11/18/2012 11:55:15:382 00002bf4              RhoRuby| require_compiled: rho/rhomsg
