D/ConnectivityService(  308): handleConnectivityChange: address are the same reset per doReset linkProperty[1]: resetMask=0
D/ConnectivityService(  308): ConnectivityChange for WIFI: CONNECTED/CONNECTED
D/ConnectivityService(  308): handleConnectivityChange: address are the same reset per doReset linkProperty[1]: resetMask=0
D/ConnectivityService(  308): NetTransition Wakelock for WifiStateMachine released by timeout
D/ConnectivityService(  308): handleInetConditionHoldEnd: net=1, condition=100, published condition=0
W/ThrottleService(  308): unable to find stats for iface rmnet0
W/ThrottleService(  308): unable to find stats for iface rmnet0
W/ThrottleService(  308): unable to find stats for iface rmnet0
W/ThrottleService(  308): unable to find stats for iface rmnet0
W/ThrottleService(  308): unable to find stats for iface rmnet0
W/ThrottleService(  308): unable to find stats for iface rmnet0
W/ThrottleService(  308): unable to find stats for iface rmnet0
W/ThrottleService(  308): unable to find stats for iface rmnet0
D/ConnectivityService(  308): ConnectivityChange for WIFI: CONNECTED/CONNECTED
D/ConnectivityService(  308): handleConnectivityChange: address are the same reset per doReset linkProperty[1]: resetMask=0
D/ConnectivityService(  308): ConnectivityChange for WIFI: CONNECTED/CONNECTED
D/ConnectivityService(  308): handleConnectivityChange: address are the same reset per doReset linkProperty[1]: resetMask=0
D/ConnectivityService(  308): NetTransition Wakelock for WifiStateMachine released by timeout
W/ThrottleService(  308): unable to find stats for iface rmnet0
D/ConnectivityService(  308): handleInetConditionHoldEnd: net=1, condition=100, published condition=0
W/ThrottleService(  308): unable to find stats for iface rmnet0
W/ThrottleService(  308): unable to find stats for iface rmnet0
W/ThrottleService(  308): unable to find stats for iface rmnet0
W/ThrottleService(  308): unable to find stats for iface rmnet0
W/ThrottleService(  308): unable to find stats for iface rmnet0
W/ThrottleService(  308): unable to find stats for iface rmnet0
W/ThrottleService(  308): unable to find stats for iface rmnet0
W/ThrottleService(  308): unable to find stats for iface rmnet0
D/ConnectivityService(  308): ConnectivityChange for WIFI: CONNECTED/CONNECTED
D/ConnectivityService(  308): handleConnectivityChange: address are the same reset per doReset linkProperty[1]: resetMask=0
D/ConnectivityService(  308): ConnectivityChange for WIFI: CONNECTED/CONNECTED
D/ConnectivityService(  308): handleConnectivityChange: address are the same reset per doReset linkProperty[1]: resetMask=0
D/ConnectivityService(  308): NetTransition Wakelock for WifiStateMachine released by timeout
D/ConnectivityService(  308): handleInetConditionHoldEnd: net=1, condition=100, published condition=0
W/ThrottleService(  308): unable to find stats for iface rmnet0
W/ThrottleService(  308): unable to find stats for iface rmnet0
W/ThrottleService(  308): unable to find stats for iface rmnet0
W/ThrottleService(  308): unable to find stats for iface rmnet0
W/ThrottleService(  308): unable to find stats for iface rmnet0
W/ThrottleService(  308): unable to find stats for iface rmnet0
W/ThrottleService(  308): unable to find stats for iface rmnet0
W/ThrottleService(  308): unable to find stats for iface rmnet0
D/ConnectivityService(  308): ConnectivityChange for WIFI: CONNECTED/CONNECTED
D/ConnectivityService(  308): handleConnectivityChange: address are the same reset per doReset linkProperty[1]: resetMask=0
D/ConnectivityService(  308): ConnectivityChange for WIFI: CONNECTED/CONNECTED
D/ConnectivityService(  308): handleConnectivityChange: address are the same reset per doReset linkProperty[1]: resetMask=0
D/ConnectivityService(  308): NetTransition Wakelock for WifiStateMachine released by timeout
D/ConnectivityService(  308): handleInetConditionHoldEnd: net=1, condition=100, published condition=0
W/ThrottleService(  308): unable to find stats for iface rmnet0
W/ThrottleService(  308): unable to find stats for iface rmnet0
W/ThrottleService(  308): unable to find stats for iface rmnet0
W/ThrottleService(  308): unable to find stats for iface rmnet0
W/ThrottleService(  308): unable to find stats for iface rmnet0
W/ThrottleService(  308): unable to find stats for iface rmnet0
W/ThrottleService(  308): unable to find stats for iface rmnet0
W/ThrottleService(  308): unable to find stats for iface rmnet0
D/ConnectivityService(  308): ConnectivityChange for WIFI: CONNECTED/CONNECTED
D/ConnectivityService(  308): handleConnectivityChange: address are the same reset per doReset linkProperty[1]: resetMask=0
D/ConnectivityService(  308): ConnectivityChange for WIFI: CONNECTED/CONNECTED
D/ConnectivityService(  308): handleConnectivityChange: address are the same reset per doReset linkProperty[1]: resetMask=0
D/ConnectivityService(  308): NetTransition Wakelock for WifiStateMachine released by timeout
W/ThrottleService(  308): unable to find stats for iface rmnet0
D/ConnectivityService(  308): handleInetConditionHoldEnd: net=1, condition=100, published condition=0
W/ThrottleService(  308): unable to find stats for iface rmnet0
W/ThrottleService(  308): unable to find stats for iface rmnet0
W/ThrottleService(  308): unable to find stats for iface rmnet0
W/ThrottleService(  308): unable to find stats for iface rmnet0
W/ThrottleService(  308): unable to find stats for iface rmnet0
W/ThrottleService(  308): unable to find stats for iface rmnet0
W/ThrottleService(  308): unable to find stats for iface rmnet0
D/ConnectivityService(  308): ConnectivityChange for WIFI: CONNECTED/CONNECTED
D/ConnectivityService(  308): handleConnectivityChange: address are the same reset per doReset linkProperty[1]: resetMask=0
D/ConnectivityService(  308): ConnectivityChange for WIFI: CONNECTED/CONNECTED
D/ConnectivityService(  308): handleConnectivityChange: address are the same reset per doReset linkProperty[1]: resetMask=0
D/ConnectivityService(  308): NetTransition Wakelock for WifiStateMachine released by timeout
D/ConnectivityService(  308): handleInetConditionHoldEnd: net=1, condition=100, published condition=0
W/ThrottleService(  308): unable to find stats for iface rmnet0
W/ThrottleService(  308): unable to find stats for iface rmnet0
W/ThrottleService(  308): unable to find stats for iface rmnet0
W/ThrottleService(  308): unable to find stats for iface rmnet0
W/ThrottleService(  308): unable to find stats for iface rmnet0
W/ThrottleService(  308): unable to find stats for iface rmnet0
W/ThrottleService(  308): unable to find stats for iface rmnet0
W/ThrottleService(  308): unable to find stats for iface rmnet0
D/ConnectivityService(  308): ConnectivityChange for WIFI: CONNECTED/CONNECTED
D/ConnectivityService(  308): handleConnectivityChange: address are the same reset per doReset linkProperty[1]: resetMask=0
D/ConnectivityService(  308): ConnectivityChange for WIFI: CONNECTED/CONNECTED
D/ConnectivityService(  308): handleConnectivityChange: address are the same reset per doReset linkProperty[1]: resetMask=0
D/ConnectivityService(  308): NetTransition Wakelock for WifiStateMachine released by timeout
D/ConnectivityService(  308): handleInetConditionHoldEnd: net=1, condition=100, published condition=0
W/ThrottleService(  308): unable to find stats for iface rmnet0
W/ThrottleService(  308): unable to find stats for iface rmnet0
W/ThrottleService(  308): unable to find stats for iface rmnet0
W/ThrottleService(  308): unable to find stats for iface rmnet0
W/ThrottleService(  308): unable to find stats for iface rmnet0
W/ThrottleService(  308): unable to find stats for iface rmnet0
W/ThrottleService(  308): unable to find stats for iface rmnet0
D/ConnectivityService(  308): ConnectivityChange for WIFI: CONNECTED/CONNECTED
D/ConnectivityService(  308): handleConnectivityChange: address are the same reset per doReset linkProperty[1]: resetMask=0
D/ConnectivityService(  308): ConnectivityChange for WIFI: CONNECTED/CONNECTED
D/ConnectivityService(  308): handleConnectivityChange: address are the same reset per doReset linkProperty[1]: resetMask=0
D/ConnectivityService(  308): NetTransition Wakelock for WifiStateMachine released by timeout
W/ThrottleService(  308): unable to find stats for iface rmnet0
D/ConnectivityService(  308): handleInetConditionHoldEnd: net=1, condition=100, published condition=0
W/ThrottleService(  308): unable to find stats for iface rmnet0
W/ThrottleService(  308): unable to find stats for iface rmnet0
W/ThrottleService(  308): unable to find stats for iface rmnet0
W/ThrottleService(  308): unable to find stats for iface rmnet0
W/ThrottleService(  308): unable to find stats for iface rmnet0
W/ThrottleService(  308): unable to find stats for iface rmnet0
W/ThrottleService(  308): unable to find stats for iface rmnet0
D/ConnectivityService(  308): ConnectivityChange for WIFI: CONNECTED/CONNECTED
D/ConnectivityService(  308): handleConnectivityChange: address are the same reset per doReset linkProperty[1]: resetMask=0
D/ConnectivityService(  308): ConnectivityChange for WIFI: CONNECTED/CONNECTED
D/ConnectivityService(  308): handleConnectivityChange: address are the same reset per doReset linkProperty[1]: resetMask=0
D/ConnectivityService(  308): NetTransition Wakelock for WifiStateMachine released by timeout
D/ConnectivityService(  308): handleInetConditionHoldEnd: net=1, condition=100, published condition=0
W/ThrottleService(  308): unable to find stats for iface rmnet0
W/ThrottleService(  308): unable to find stats for iface rmnet0
W/ThrottleService(  308): unable to find stats for iface rmnet0
W/ThrottleService(  308): unable to find stats for iface rmnet0
W/ThrottleService(  308): unable to find stats for iface rmnet0
I/WindowManager(  308): Lock screen displayed!
D/PhoneStatusBar(  498): disable: < expand icons alerts ticker system_info BACK HOME recent* CLOCK >
D/PhoneStatusBar(  498): disable: < expand icons alerts ticker system_info back* home* recent clock* >
W/InputMethodManagerService(  308): Window already focused, ignoring focus gain of: com.android.internal.view.IInputMethodClient$Stub$Proxy@41b80d28 attribute=android.view.inputmethod.EditorInfo@41ac32b8
D/PhoneStatusBar(  498): addNotification score=-20
D/PhoneStatusBar(  498): addNotification score=-10
W/PowerUI (  498): unknown intent: Intent { act=android.intent.action.ACTION_POWER_CONNECTED flg=0x8000010 }
D/PhoneStatusBar(  498): disable: < expand icons alerts TICKER* system_info back home recent clock >
I/ActivityManager(  308): START {act=android.settings.SETTINGS flg=0x10000000 cmp=com.android.settings/.Settings u=0} from pid 498
I/UsageStats(  308): Deleting usage file : usage-20121110
D/WifiService(  308): setWifiEnabled: true pid=1325, uid=1000
D/PhoneStatusBar(  498): disable: < expand icons alerts ticker* system_info back home recent clock >
I/ActivityManager(  308): START {act=android.intent.action.MAIN cmp=com.android.settings/.SubSettings (has extras) u=0} from pid 1325
I/UsageStats(  308): No package stats for pkg:com.android.settings
I/ActivityManager(  308): START {act=android.intent.action.MAIN cmp=com.android.settings/.SubSettings (has extras) u=0} from pid 1325
D/VoldCmdListener(  116): cryptfs cryptocomplete
E/Cryptfs (  116): not running with encryption, aborting
D/VoldCmdListener(  116): cryptfs cryptocomplete
E/Cryptfs (  116): not running with encryption, aborting
I/ActivityManager(  308): START {act=android.intent.action.MAIN cat=[android.intent.category.HOME] flg=0x10200000 cmp=com.android.launcher/com.android.launcher2.Launcher u=0} from pid 308
I/ActivityManager(  308): Start proc com.android.defcontainer for service com.android.defcontainer/.DefaultContainerService: pid=7728 uid=10010 gids={1015, 2001, 1028}
W/ActivityManager(  308): No content provider found for permission revoke: file:///data/local/tmp/rhodes-system-api-samples-debug.apk
W/ActivityManager(  308): No content provider found for permission revoke: file:///data/local/tmp/rhodes-system-api-samples-debug.apk
I/ActivityManager(  308): Force stopping package com.rhomobile.rhodessystemapisamples uid=10070
D/BackupManagerService(  308): Received broadcast Intent { act=android.intent.action.PACKAGE_ADDED dat=package:com.rhomobile.rhodessystemapisamples flg=0x8000010 (has extras) }
V/BackupManagerService(  308): addPackageParticipantsLocked: #1
I/ActivityManager(  308): Start proc com.android.musicfx for broadcast com.android.musicfx/.Compatibility$Receiver: pid=7745 uid=10037 gids={3003, 3002, 1028}
I/ActivityManager(  308): START {act=android.intent.action.MAIN flg=0x10000000 cmp=com.rhomobile.rhodessystemapisamples/com.rhomobile.rhodes.RhodesActivity u=0} from pid 7766
I/ActivityManager(  308): Start proc com.rhomobile.rhodessystemapisamples for activity com.rhomobile.rhodessystemapisamples/com.rhomobile.rhodes.RhodesActivity: pid=7777 uid=10070 gids={3003, 1006, 3001, 3002, 1015, 1028}
W/ActivityManager(  308): No content provider found for permission revoke: content:///com.rhomobile.rhodessystemapisamples
I/ActivityManager(  308): START {cmp=com.rhomobile.rhodessystemapisamples/com.rhomobile.rhodes.camera.ImageCapture (has extras) u=0} from pid 7777
I/ActivityManager(  308): Config changed: {1.0 440mcc10mnc ja_JP sw360dp w598dp h335dp nrml land finger -keyb/v/h -nav/h s.5}
I/ActivityManager(  308): Config changed: {1.0 440mcc10mnc ja_JP sw360dp w360dp h567dp nrml port finger -keyb/v/h -nav/h s.6}
I/ActivityManager(  308): START {cmp=com.rhomobile.rhodessystemapisamples/com.google.zxing.client.android.CaptureActivity (has extras) u=0} from pid 7777
I/ActivityManager(  308): Config changed: {1.0 440mcc10mnc ja_JP sw360dp w598dp h335dp nrml land finger -keyb/v/h -nav/h s.7}
I/ActivityManager(  308): Config changed: {1.0 440mcc10mnc ja_JP sw360dp w360dp h567dp nrml port finger -keyb/v/h -nav/h s.8}
I/ActivityManager(  308): START {cmp=com.rhomobile.rhodessystemapisamples/com.rhomobile.rhodes.alert.PopupActivity (has extras) u=0} from pid 7777
W/WindowManager(  308): Rebuild removed 6 windows but added 5
W/WindowManager(  308): This window was lost: Window{419aceb0 com.rhomobile.rhodessystemapisamples/com.rhomobile.rhodes.alert.PopupActivity paused=false}
W/WindowManager(  308): mSession=Session{417fc430 uid 10070} mClient=android.os.BinderProxy@41bf15b0
W/WindowManager(  308): mAttrs=WM.LayoutParams{(0,0)(wrapxwrap) sim=#120 ty=1 fl=#8020002 pfl=0x8 wanim=0x1030001}
W/WindowManager(  308): Requested w=0 h=0 mLayoutSeq=241
W/WindowManager(  308): mBaseLayer=21000 mSubLayer=0 mAnimLayer=21030+1000=21030 mLastLayer=22030
W/WindowManager(  308): mToken=AppWindowToken{41d11260 token=Token{419c16f8 ActivityRecord{416ee428 com.rhomobile.rhodessystemapisamples/com.rhomobile.rhodes.alert.PopupActivity}}}
W/WindowManager(  308): mRootToken=AppWindowToken{41d11260 token=Token{419c16f8 ActivityRecord{416ee428 com.rhomobile.rhodessystemapisamples/com.rhomobile.rhodes.alert.PopupActivity}}}
W/WindowManager(  308): mAppToken=AppWindowToken{41d11260 token=Token{419c16f8 ActivityRecord{416ee428 com.rhomobile.rhodessystemapisamples/com.rhomobile.rhodes.alert.PopupActivity}}}
W/WindowManager(  308): mViewVisibility=0x8 mHaveFrame=true mObscured=false
W/WindowManager(  308): mSeq=0 mSystemUiVisibility=0x0
W/WindowManager(  308): mGivenContentInsets=[0,0][0,0] mGivenVisibleInsets=[0,0][0,0]
W/WindowManager(  308): mConfiguration={1.0 440mcc10mnc ja_JP sw360dp w360dp h567dp nrml port finger -keyb/v/h -nav/h s.8}
W/WindowManager(  308): mHasSurface=true mShownFrame=[360.0,612.09485][360.0,612.09485]
W/WindowManager(  308): mFrame=[360,617][360,617] last=[360,617][360,617]
W/WindowManager(  308): mSystemDecorRect=[0,0][0,0] last=[0,0][0,0]
W/WindowManager(  308): Frames: containing=[0,50][720,1184] parent=[0,50][720,1184] display=[0,50][720,1184]
W/WindowManager(  308):     content=[360,617][360,617] visible=[360,617][360,617]
W/WindowManager(  308): Cur insets: content=[0,0][0,0] visible=[0,0][0,0]
W/WindowManager(  308): Lst insets: content=[0,0][0,0] visible=[0,0][0,0]
W/WindowManager(  308): mSurface=Surface(name=com.rhomobile.rhodessystemapisamples/com.rhomobile.rhodes.alert.PopupActivity, identity=61)
W/WindowManager(  308): mDrawState=HAS_DRAWN mLastHidden=true
W/WindowManager(  308): Surface: shown=false layer=22030 alpha=0.01896298 rect=(360.0,612.09485) 1.0 x 1.0
W/WindowManager(  308): mShownAlpha=0.01896298 mAlpha=1.0 mLastAlpha=0.01896298
W/WindowManager(  308): mGlobalScale=1.0 mDsDx=0.8037926 mDtDx=0.0 mDsDy=0.0 mDtDy=0.8037926
W/WindowManager(  308): mExiting=false mRemoveOnExit=false mDestroying=true mRemoved=false
W/WindowManager(  308): Current app token list:
V/WindowManager(  308):   #3: Token{41bb56d0 ActivityRecord{41955210 com.rhomobile.rhodessystemapisamples/com.rhomobile.rhodes.RhodesActivity}}
V/WindowManager(  308):   #2: Token{41b38da0 ActivityRecord{41970c38 com.android.launcher/com.android.launcher2.Launcher}}
V/WindowManager(  308):   #1: Token{419f5140 ActivityRecord{41972970 com.android.settings/.SubSettings}}
V/WindowManager(  308):   #0: Token{41925358 ActivityRecord{41925218 com.android.settings/.Settings}}
W/WindowManager(  308): Final window list:
V/WindowManager(  308):   #10: Window{418d31e0 SearchPanel paused=false}
V/WindowManager(  308):   #9: Window{41b0d728 NavigationBar paused=false}
V/WindowManager(  308):   #8: Window{4178f7b8 RecentsPanel paused=false}
V/WindowManager(  308):   #7: Window{41cde878 StatusBar paused=false}
V/WindowManager(  308):   #6: Window{4193e628 Keyguard paused=false}
V/WindowManager(  308):   #5: Window{419229a8 Panel:com.rhomobile.rhodessystemapisamples/com.rhomobile.rhodes.RhodesActivity paused=false}
V/WindowManager(  308):   #4: Window{41966fe8 com.rhomobile.rhodessystemapisamples/com.rhomobile.rhodes.RhodesActivity paused=false}
V/WindowManager(  308):   #3: Window{4195a390 com.android.launcher/com.android.launcher2.Launcher paused=false}
V/WindowManager(  308):   #2: Window{41824a40 com.android.settings/com.android.settings.SubSettings paused=false}
V/WindowManager(  308):   #1: Window{417e56a0 com.android.settings/com.android.settings.Settings paused=false}
V/WindowManager(  308):   #0: Window{41784ea8 com.android.phasebeam.PhaseBeamWallpaper paused=false}
I/ActivityManager(  308): START {cmp=com.rhomobile.rhodessystemapisamples/com.rhomobile.rhodes.alert.PopupActivity (has extras) u=0} from pid 7777
W/WindowManager(  308): Rebuild removed 5 windows but added 4
W/WindowManager(  308): This window was lost: Window{419ad598 com.rhomobile.rhodessystemapisamples/com.rhomobile.rhodes.alert.PopupActivity paused=false}
W/WindowManager(  308): mSession=Session{417fc430 uid 10070} mClient=android.os.BinderProxy@41b90398
W/WindowManager(  308): mAttrs=WM.LayoutParams{(0,0)(wrapxwrap) sim=#120 ty=1 fl=#8020002 pfl=0x8 wanim=0x1030001}
W/WindowManager(  308): Requested w=0 h=0 mLayoutSeq=256
W/WindowManager(  308): mBaseLayer=21000 mSubLayer=0 mAnimLayer=21025+1000=21025 mLastLayer=22025
W/WindowManager(  308): mToken=AppWindowToken{41d12988 token=Token{4197d458 ActivityRecord{41a2e6c0 com.rhomobile.rhodessystemapisamples/com.rhomobile.rhodes.alert.PopupActivity}}}
W/WindowManager(  308): mRootToken=AppWindowToken{41d12988 token=Token{4197d458 ActivityRecord{41a2e6c0 com.rhomobile.rhodessystemapisamples/com.rhomobile.rhodes.alert.PopupActivity}}}
W/WindowManager(  308): mAppToken=AppWindowToken{41d12988 token=Token{4197d458 ActivityRecord{41a2e6c0 com.rhomobile.rhodessystemapisamples/com.rhomobile.rhodes.alert.PopupActivity}}}
W/WindowManager(  308): mViewVisibility=0x8 mHaveFrame=true mObscured=false
W/WindowManager(  308): mSeq=0 mSystemUiVisibility=0x0
W/WindowManager(  308): mGivenContentInsets=[0,0][0,0] mGivenVisibleInsets=[0,0][0,0]
W/WindowManager(  308): mConfiguration={1.0 440mcc10mnc ja_JP sw360dp w360dp h567dp nrml port finger -keyb/v/h -nav/h s.8}
W/WindowManager(  308): mHasSurface=true mShownFrame=[360.0,612.0486][360.0,612.0486]
W/WindowManager(  308): mFrame=[360,617][360,617] last=[360,617][360,617]
W/WindowManager(  308): mSystemDecorRect=[0,0][0,0] last=[0,0][0,0]
W/WindowManager(  308): Frames: containing=[0,50][720,1184] parent=[0,50][720,1184] display=[0,50][720,1184]
W/WindowManager(  308):     content=[360,617][360,617] visible=[360,617][360,617]
W/WindowManager(  308): Cur insets: content=[0,0][0,0] visible=[0,0][0,0]
W/WindowManager(  308): Lst insets: content=[0,0][0,0] visible=[0,0][0,0]
W/WindowManager(  308): mSurface=Surface(name=com.rhomobile.rhodessystemapisamples/com.rhomobile.rhodes.alert.PopupActivity, identity=63)
W/WindowManager(  308): mDrawState=HAS_DRAWN mLastHidden=true
W/WindowManager(  308): Surface: shown=false layer=22025 alpha=0.00970906 rect=(360.0,612.0486) 1.0 x 1.0
W/WindowManager(  308): mShownAlpha=0.00970906 mAlpha=1.0 mLastAlpha=0.00970906
W/WindowManager(  308): mGlobalScale=1.0 mDsDx=0.8019418 mDtDx=0.0 mDsDy=0.0 mDtDy=0.8019418
W/WindowManager(  308): mExiting=false mRemoveOnExit=false mDestroying=true mRemoved=false
W/WindowManager(  308): Current app token list:
V/WindowManager(  308):   #3: Token{41bb56d0 ActivityRecord{41955210 com.rhomobile.rhodessystemapisamples/com.rhomobile.rhodes.RhodesActivity}}
V/WindowManager(  308):   #2: Token{41b38da0 ActivityRecord{41970c38 com.android.launcher/com.android.launcher2.Launcher}}
V/WindowManager(  308):   #1: Token{419f5140 ActivityRecord{41972970 com.android.settings/.SubSettings}}
V/WindowManager(  308):   #0: Token{41925358 ActivityRecord{41925218 com.android.settings/.Settings}}
W/WindowManager(  308): Final window list:
V/WindowManager(  308):   #9: Window{418d31e0 SearchPanel paused=false}
V/WindowManager(  308):   #8: Window{41b0d728 NavigationBar paused=false}
V/WindowManager(  308):   #7: Window{4178f7b8 RecentsPanel paused=false}
V/WindowManager(  308):   #6: Window{41cde878 StatusBar paused=false}
V/WindowManager(  308):   #5: Window{4193e628 Keyguard paused=false}
V/WindowManager(  308):   #4: Window{41966fe8 com.rhomobile.rhodessystemapisamples/com.rhomobile.rhodes.RhodesActivity paused=false}
V/WindowManager(  308):   #3: Window{4195a390 com.android.launcher/com.android.launcher2.Launcher paused=false}
V/WindowManager(  308):   #2: Window{41824a40 com.android.settings/com.android.settings.SubSettings paused=false}
V/WindowManager(  308):   #1: Window{417e56a0 com.android.settings/com.android.settings.Settings paused=false}
V/WindowManager(  308):   #0: Window{41784ea8 com.android.phasebeam.PhaseBeamWallpaper paused=false}
I/ActivityManager(  308): START {cmp=com.rhomobile.rhodessystemapisamples/com.rhomobile.rhodes.alert.PopupActivity (has extras) u=0} from pid 7777
I/ActivityManager(  308): START {cmp=com.rhomobile.rhodessystemapisamples/com.rhomobile.rhodes.camera.ImageCapture (has extras) u=0} from pid 7777
I/ActivityManager(  308): Config changed: {1.0 440mcc10mnc ja_JP sw360dp w598dp h335dp nrml land finger -keyb/v/h -nav/h s.9}
I/ActivityManager(  308): Config changed: {1.0 440mcc10mnc ja_JP sw360dp w360dp h567dp nrml port finger -keyb/v/h -nav/h s.10}
I/ActivityManager(  308): START {cmp=com.rhomobile.rhodessystemapisamples/com.rhomobile.rhodes.alert.PopupActivity (has extras) u=0} from pid 7777
I/LocationManagerService(  308): request gps (pid 7777) 250 250
D/PhoneStatusBar(  498): addNotification score=10
I/LocationManagerService(  308): remove gps (pid 7777), disabled
I/LocationManagerService(  308): request gps (pid 7777) 250 250
D/PhoneStatusBar(  498): addNotification score=10
W/ThrottleService(  308): unable to find stats for iface rmnet0
I/ActivityManager(  308): START {act=android.intent.action.MAIN cat=[android.intent.category.HOME] flg=0x10200000 cmp=com.android.launcher/com.android.launcher2.Launcher u=0} from pid 308
I/ActivityManager(  308): No longer want com.google.android.gm (pid 1411): hidden #16
I/ActivityManager(  308): No longer want com.google.android.music:main (pid 1467): hidden #16
W/ActivityManager(  308): No content provider found for permission revoke: file:///data/local/tmp/Sample-debug.apk
W/ActivityManager(  308): No content provider found for permission revoke: file:///data/local/tmp/Sample-debug.apk
I/ActivityManager(  308): Force stopping package com.rhomobile.sample uid=10071
D/BackupManagerService(  308): Received broadcast Intent { act=android.intent.action.PACKAGE_ADDED dat=package:com.rhomobile.sample flg=0x8000010 (has extras) }
V/BackupManagerService(  308): addPackageParticipantsLocked: #1
I/ActivityManager(  308): START {act=android.intent.action.MAIN flg=0x10000000 cmp=com.rhomobile.sample/com.rhomobile.rhodes.RhodesActivity u=0} from pid 8249
I/ActivityManager(  308): Start proc com.rhomobile.sample for activity com.rhomobile.sample/com.rhomobile.rhodes.RhodesActivity: pid=8260 uid=10071 gids={3003, 1015, 1028}
W/ActivityManager(  308): No content provider found for permission revoke: content:///com.rhomobile.sample
W/ThrottleService(  308): unable to find stats for iface rmnet0
I/ActivityManager(  308): START {act=android.intent.action.MAIN cat=[android.intent.category.HOME] flg=0x10200000 cmp=com.android.launcher/com.android.launcher2.Launcher u=0} from pid 308
I/ActivityManager(  308): No longer want com.google.android.setupwizard (pid 1574): hidden #16
I/ActivityManager(  308): START {act=android.intent.action.MAIN cat=[android.intent.category.LAUNCHER] flg=0x10200000 cmp=com.rhomobile.sample/com.rhomobile.rhodes.RhodesActivity u=0} from pid 589
I/ActivityManager(  308): START {act=android.intent.action.MAIN cat=[android.intent.category.HOME] flg=0x10200000 cmp=com.android.launcher/com.android.launcher2.Launcher u=0} from pid 308
W/ActivityManager(  308): No content provider found for permission revoke: file:///data/local/tmp/Sample-debug.apk
W/ActivityManager(  308): No content provider found for permission revoke: file:///data/local/tmp/Sample-debug.apk
I/ActivityManager(  308): Force stopping package com.rhomobile.sample uid=10071
I/ActivityManager(  308): Killing proc 8260:com.rhomobile.sample/u0a71: force stop
I/ActivityManager(  308):   Force finishing activity ActivityRecord{4189dd78 com.rhomobile.sample/com.rhomobile.rhodes.RhodesActivity}
I/WindowState(  308): WIN DEATH: Window{417e5f08 com.rhomobile.sample/com.rhomobile.rhodes.RhodesActivity paused=true}
I/PackageManager(  308): Package com.rhomobile.sample codePath changed from /data/app/com.rhomobile.sample-1.apk to /data/app/com.rhomobile.sample-2.apk; Retaining data and using new
I/ActivityManager(  308): Force stopping package com.rhomobile.sample uid=10071
W/PackageManager(  308): Code path for pkg : com.rhomobile.sample changing from /data/app/com.rhomobile.sample-1.apk to /data/app/com.rhomobile.sample-2.apk
W/PackageManager(  308): Resource path for pkg : com.rhomobile.sample changing from /data/app/com.rhomobile.sample-1.apk to /data/app/com.rhomobile.sample-2.apk
I/ActivityManager(  308): Force stopping package com.rhomobile.sample uid=10071
D/BackupManagerService(  308): Received broadcast Intent { act=android.intent.action.PACKAGE_REMOVED dat=package:com.rhomobile.sample flg=0x8000010 (has extras) }
D/BackupManagerService(  308): Received broadcast Intent { act=android.intent.action.PACKAGE_ADDED dat=package:com.rhomobile.sample flg=0x8000010 (has extras) }
V/BackupManagerService(  308): removePackageParticipantsLocked: uid=10071 #1
I/ActivityManager(  308): Start proc com.android.keychain for broadcast com.android.keychain/.KeyChainBroadcastReceiver: pid=8527 uid=1000 gids={1015, 3002, 3001, 3003, 1028, 3007}
V/BackupManagerService(  308): addPackageParticipantsLocked: #1
I/ActivityManager(  308): Start proc com.google.android.apps.maps:FriendService for broadcast com.google.android.apps.maps/com.google.googlenav.friend.android.ServiceReceiver: pid=8549 uid=10031 gids={3003, 1015, 1028}
I/ActivityManager(  308): No longer want com.google.android.inputmethod.latin.dictionarypack (pid 4065): hidden #16
I/ActivityManager(  308): Start proc com.google.android.apps.maps:LocationFriendService for broadcast com.google.android.apps.maps/com.google.googlenav.friend.reporting.LocationReportingIntentReceiver: pid=8569 uid=10031 gids={3003, 1015, 1028}
I/ActivityManager(  308): START {act=android.intent.action.MAIN flg=0x10000000 cmp=com.rhomobile.sample/com.rhomobile.rhodes.RhodesActivity u=0} from pid 8566
I/ActivityManager(  308): No longer want com.google.android.calendar (pid 1532): hidden #16
I/ActivityManager(  308): Start proc com.rhomobile.sample for activity com.rhomobile.sample/com.rhomobile.rhodes.RhodesActivity: pid=8594 uid=10071 gids={3003, 1015, 1028}
W/ActivityManager(  308): No content provider found for permission revoke: content:///com.rhomobile.sample
I/ActivityManager(  308): No longer want com.android.providers.calendar (pid 1357): hidden #16
W/ThrottleService(  308): unable to find stats for iface rmnet0
I/ActivityManager(  308): No longer want com.google.android.apps.uploader (pid 1975): hidden #16
W/ActivityManager(  308): No content provider found for permission revoke: file:///data/local/tmp/Sample-debug.apk
W/ActivityManager(  308): No content provider found for permission revoke: file:///data/local/tmp/Sample-debug.apk
I/ActivityManager(  308): Force stopping package com.rhomobile.sample uid=10071
I/ActivityManager(  308): Killing proc 8594:com.rhomobile.sample/u0a71: force stop
W/ActivityManager(  308): Force removing ActivityRecord{419462c0 com.rhomobile.sample/com.rhomobile.rhodes.RhodesActivity}: app died, no saved state
I/WindowState(  308): WIN DEATH: Window{419c76b8 com.rhomobile.sample/com.rhomobile.rhodes.RhodesActivity paused=false}
I/PackageManager(  308): Package com.rhomobile.sample codePath changed from /data/app/com.rhomobile.sample-2.apk to /data/app/com.rhomobile.sample-1.apk; Retaining data and using new
W/InputMethodManagerService(  308): Got RemoteException sending setActive(false) notification to pid 8594 uid 10071
W/PackageManager(  308): Code path for pkg : com.rhomobile.sample changing from /data/app/com.rhomobile.sample-2.apk to /data/app/com.rhomobile.sample-1.apk
I/ActivityManager(  308): Force stopping package com.rhomobile.sample uid=10071
W/PackageManager(  308): Resource path for pkg : com.rhomobile.sample changing from /data/app/com.rhomobile.sample-2.apk to /data/app/com.rhomobile.sample-1.apk
I/ActivityManager(  308): Force stopping package com.rhomobile.sample uid=10071
D/BackupManagerService(  308): Received broadcast Intent { act=android.intent.action.PACKAGE_REMOVED dat=package:com.rhomobile.sample flg=0x8000010 (has extras) }
D/BackupManagerService(  308): Received broadcast Intent { act=android.intent.action.PACKAGE_ADDED dat=package:com.rhomobile.sample flg=0x8000010 (has extras) }
V/BackupManagerService(  308): removePackageParticipantsLocked: uid=10071 #1
V/BackupManagerService(  308): addPackageParticipantsLocked: #1
I/ActivityManager(  308): START {act=android.intent.action.MAIN flg=0x10000000 cmp=com.rhomobile.sample/com.rhomobile.rhodes.RhodesActivity u=0} from pid 8754
I/ActivityManager(  308): Start proc com.rhomobile.sample for activity com.rhomobile.sample/com.rhomobile.rhodes.RhodesActivity: pid=8766 uid=10071 gids={3003, 1015, 1028}
W/ActivityManager(  308): No content provider found for permission revoke: content:///com.rhomobile.sample
W/ActivityManager(  308): No content provider found for permission revoke: file:///data/local/tmp/Sample-debug.apk
W/ActivityManager(  308): No content provider found for permission revoke: file:///data/local/tmp/Sample-debug.apk
I/ActivityManager(  308): Force stopping package com.rhomobile.sample uid=10071
I/ActivityManager(  308): Killing proc 8766:com.rhomobile.sample/u0a71: force stop
W/ActivityManager(  308): Force removing ActivityRecord{419462c0 com.rhomobile.sample/com.rhomobile.rhodes.RhodesActivity}: app died, no saved state
I/WindowState(  308): WIN DEATH: Window{418d1838 com.rhomobile.sample/com.rhomobile.rhodes.RhodesActivity paused=false}
I/PackageManager(  308): Package com.rhomobile.sample codePath changed from /data/app/com.rhomobile.sample-1.apk to /data/app/com.rhomobile.sample-2.apk; Retaining data and using new
W/InputMethodManagerService(  308): Got RemoteException sending setActive(false) notification to pid 8766 uid 10071
I/ActivityManager(  308): Force stopping package com.rhomobile.sample uid=10071
W/PackageManager(  308): Code path for pkg : com.rhomobile.sample changing from /data/app/com.rhomobile.sample-1.apk to /data/app/com.rhomobile.sample-2.apk
W/PackageManager(  308): Resource path for pkg : com.rhomobile.sample changing from /data/app/com.rhomobile.sample-1.apk to /data/app/com.rhomobile.sample-2.apk
I/ActivityManager(  308): Force stopping package com.rhomobile.sample uid=10071
D/BackupManagerService(  308): Received broadcast Intent { act=android.intent.action.PACKAGE_REMOVED dat=package:com.rhomobile.sample flg=0x8000010 (has extras) }
D/BackupManagerService(  308): Received broadcast Intent { act=android.intent.action.PACKAGE_ADDED dat=package:com.rhomobile.sample flg=0x8000010 (has extras) }
V/BackupManagerService(  308): removePackageParticipantsLocked: uid=10071 #1
V/BackupManagerService(  308): addPackageParticipantsLocked: #1
W/ProcessStats(  308): Skipping unknown process pid 8925
I/ActivityManager(  308): START {act=android.intent.action.MAIN flg=0x10000000 cmp=com.rhomobile.sample/com.rhomobile.rhodes.RhodesActivity u=0} from pid 8955
I/ActivityManager(  308): Start proc com.rhomobile.sample for activity com.rhomobile.sample/com.rhomobile.rhodes.RhodesActivity: pid=8966 uid=10071 gids={3003, 1015, 1028}
W/ActivityManager(  308): No content provider found for permission revoke: content:///com.rhomobile.sample
W/ThrottleService(  308): unable to find stats for iface rmnet0
D/ConnectivityService(  308): ConnectivityChange for WIFI: CONNECTED/CONNECTED
D/ConnectivityService(  308): handleConnectivityChange: address are the same reset per doReset linkProperty[1]: resetMask=0
D/ConnectivityService(  308): ConnectivityChange for WIFI: CONNECTED/CONNECTED
D/ConnectivityService(  308): handleConnectivityChange: address are the same reset per doReset linkProperty[1]: resetMask=0
D/ConnectivityService(  308): NetTransition Wakelock for WifiStateMachine released by timeout
I/ActivityManager(  308): Start proc com.google.android.apps.uploader for broadcast com.google.android.apps.uploader/com.google.android.picasasync.ConnectivityReceiver: pid=9160 uid=10032 gids={3003, 1015, 1028}
I/ActivityManager(  308): No longer want com.android.settings (pid 1325): hidden #16
I/WindowState(  308): WIN DEATH: Window{417e56a0 com.android.settings/com.android.settings.Settings paused=false}
I/WindowState(  308): WIN DEATH: Window{41824a40 com.android.settings/com.android.settings.SubSettings paused=false}
D/ConnectivityService(  308): handleInetConditionHoldEnd: net=1, condition=100, published condition=0
--------- beginning of /dev/log/main
I/APP     ( 7777): I 11/17/2012 23:18:15:261 00001e79                  APP| Params: {"rho_callback"=>"1", "status"=>"ok", "available"=>"1", "known_position"=>"1", "latitude"=>"35.400724", "longitude"=>"139.300476", "accuracy"=>"5.000000", "mytag"=>"55"}
I/APP     ( 7777): I 11/17/2012 23:18:15:261 00001e79                  APP| $$$$$$$$$$$ GEOCALLBACK : $$$$$$$$$$$$$$$
I/APP     ( 7777): I 11/17/2012 23:18:15:262 00001e79                  APP| geo_callback : {"rho_callback"=>"1", "status"=>"ok", "available"=>"1", "known_position"=>"1", "latitude"=>"35.400724", "longitude"=>"139.300476", "accuracy"=>"5.000000", "mytag"=>"55"}
I/APP     ( 7777): I 11/17/2012 23:18:15:265 00001e61       SimpleMainView| Cleared URL: javascript:updateLocation(35.400724, 139.300476)
I/APP     ( 7777): I 11/17/2012 23:18:15:267 00001e79           HttpServer| GC Start.
I/APP     ( 7777): I 11/17/2012 23:18:15:287 00001e61   RhoWebChromeClient| Uncaught ReferenceError: updateLocation is not defined -- From line 1 of null
E/Web Console( 7777): Uncaught ReferenceError: updateLocation is not defined at null:1
I/APP     ( 7777): I 11/17/2012 23:18:15:289 00001e79           HttpServer| GC End.
I/APP     ( 7777): I 11/17/2012 23:18:18:257 00001e79           HttpServer| Process URI: '/app/GeoLocation/geo_callback'
I/APP     ( 7777): I 11/17/2012 23:18:18:258 00001e79                  APP| RHO serve: /app/GeoLocation/geo_callback
I/APP     ( 7777): I 11/17/2012 23:18:18:262 00001e79                  APP| Params: {"rho_callback"=>"1", "status"=>"ok", "available"=>"1", "known_position"=>"1", "latitude"=>"35.400724", "longitude"=>"139.300476", "accuracy"=>"10.000000", "mytag"=>"55"}
I/APP     ( 7777): I 11/17/2012 23:18:18:263 00001e79                  APP| $$$$$$$$$$$ GEOCALLBACK : $$$$$$$$$$$$$$$
I/APP     ( 7777): I 11/17/2012 23:18:18:264 00001e79                  APP| geo_callback : {"rho_callback"=>"1", "status"=>"ok", "available"=>"1", "known_position"=>"1", "latitude"=>"35.400724", "longitude"=>"139.300476", "accuracy"=>"10.000000", "mytag"=>"55"}
I/APP     ( 7777): I 11/17/2012 23:18:18:266 00001e61       SimpleMainView| Cleared URL: javascript:updateLocation(35.400724, 139.300476)
I/APP     ( 7777): I 11/17/2012 23:18:18:285 00001e79           HttpServer| GC Start.
I/APP     ( 7777): I 11/17/2012 23:18:18:286 00001e61   RhoWebChromeClient| Uncaught ReferenceError: updateLocation is not defined -- From line 1 of null
E/Web Console( 7777): Uncaught ReferenceError: updateLocation is not defined at null:1
I/APP     ( 7777): I 11/17/2012 23:18:18:298 00001e79           HttpServer| GC End.
I/APP     ( 7777): I 11/17/2012 23:18:21:258 00001e79           HttpServer| Process URI: '/app/GeoLocation/geo_callback'
I/APP     ( 7777): I 11/17/2012 23:18:21:259 00001e79                  APP| RHO serve: /app/GeoLocation/geo_callback
I/APP     ( 7777): I 11/17/2012 23:18:21:264 00001e79                  APP| Params: {"rho_callback"=>"1", "status"=>"ok", "available"=>"1", "known_position"=>"1", "latitude"=>"35.400724", "longitude"=>"139.300476", "accuracy"=>"10.000000", "mytag"=>"55"}
I/APP     ( 7777): I 11/17/2012 23:18:21:265 00001e79                  APP| $$$$$$$$$$$ GEOCALLBACK : $$$$$$$$$$$$$$$
I/APP     ( 7777): I 11/17/2012 23:18:21:266 00001e79                  APP| geo_callback : {"rho_callback"=>"1", "status"=>"ok", "available"=>"1", "known_position"=>"1", "latitude"=>"35.400724", "longitude"=>"139.300476", "accuracy"=>"10.000000", "mytag"=>"55"}
I/APP     ( 7777): I 11/17/2012 23:18:21:268 00001e61       SimpleMainView| Cleared URL: javascript:updateLocation(35.400724, 139.300476)
I/APP     ( 7777): I 11/17/2012 23:18:21:272 00001e79           HttpServer| GC Start.
I/APP     ( 7777): I 11/17/2012 23:18:21:284 00001e79           HttpServer| GC End.
I/APP     ( 7777): I 11/17/2012 23:18:21:288 00001e61   RhoWebChromeClient| Uncaught ReferenceError: updateLocation is not defined -- From line 1 of null
E/Web Console( 7777): Uncaught ReferenceError: updateLocation is not defined at null:1
I/APP     ( 7777): I 11/17/2012 23:18:24:259 00001e79           HttpServer| Process URI: '/app/GeoLocation/geo_callback'
I/APP     ( 7777): I 11/17/2012 23:18:24:260 00001e79                  APP| RHO serve: /app/GeoLocation/geo_callback
I/APP     ( 7777): I 11/17/2012 23:18:24:264 00001e79                  APP| Params: {"rho_callback"=>"1", "status"=>"ok", "available"=>"1", "known_position"=>"1", "latitude"=>"35.400724", "longitude"=>"139.300476", "accuracy"=>"10.000000", "mytag"=>"55"}
I/APP     ( 7777): I 11/17/2012 23:18:24:264 00001e79                  APP| $$$$$$$$$$$ GEOCALLBACK : $$$$$$$$$$$$$$$
I/APP     ( 7777): I 11/17/2012 23:18:24:265 00001e79                  APP| geo_callback : {"rho_callback"=>"1", "status"=>"ok", "available"=>"1", "known_position"=>"1", "latitude"=>"35.400724", "longitude"=>"139.300476", "accuracy"=>"10.000000", "mytag"=>"55"}
I/APP     ( 7777): I 11/17/2012 23:18:24:267 00001e61       SimpleMainView| Cleared URL: javascript:updateLocation(35.400724, 139.300476)
I/APP     ( 7777): I 11/17/2012 23:18:24:270 00001e79           HttpServer| GC Start.
I/APP     ( 7777): I 11/17/2012 23:18:24:288 00001e79           HttpServer| GC End.
I/APP     ( 7777): I 11/17/2012 23:18:24:290 00001e61   RhoWebChromeClient| Uncaught ReferenceError: updateLocation is not defined -- From line 1 of null
E/Web Console( 7777): Uncaught ReferenceError: updateLocation is not defined at null:1
I/APP     ( 7777): I 11/17/2012 23:18:27:260 00001e79           HttpServer| Process URI: '/app/GeoLocation/geo_callback'
I/APP     ( 7777): I 11/17/2012 23:18:27:261 00001e79                  APP| RHO serve: /app/GeoLocation/geo_callback
I/APP     ( 7777): I 11/17/2012 23:18:27:265 00001e79                  APP| Params: {"rho_callback"=>"1", "status"=>"ok", "available"=>"1", "known_position"=>"1", "latitude"=>"35.400724", "longitude"=>"139.300476", "accuracy"=>"10.000000", "mytag"=>"55"}
I/APP     ( 7777): I 11/17/2012 23:18:27:266 00001e79                  APP| $$$$$$$$$$$ GEOCALLBACK : $$$$$$$$$$$$$$$
I/APP     ( 7777): I 11/17/2012 23:18:27:266 00001e79                  APP| geo_callback : {"rho_callback"=>"1", "status"=>"ok", "available"=>"1", "known_position"=>"1", "latitude"=>"35.400724", "longitude"=>"139.300476", "accuracy"=>"10.000000", "mytag"=>"55"}
I/APP     ( 7777): I 11/17/2012 23:18:27:268 00001e61       SimpleMainView| Cleared URL: javascript:updateLocation(35.400724, 139.300476)
I/APP     ( 7777): I 11/17/2012 23:18:27:269 00001e79           HttpServer| GC Start.
I/APP     ( 7777): I 11/17/2012 23:18:27:288 00001e61   RhoWebChromeClient| Uncaught ReferenceError: updateLocation is not defined -- From line 1 of null
E/Web Console( 7777): Uncaught ReferenceError: updateLocation is not defined at null:1
I/APP     ( 7777): I 11/17/2012 23:18:27:291 00001e79           HttpServer| GC End.
I/APP     ( 7777): I 11/17/2012 23:18:30:262 00001e79           HttpServer| Process URI: '/app/GeoLocation/geo_callback'
I/APP     ( 7777): I 11/17/2012 23:18:30:263 00001e79                  APP| RHO serve: /app/GeoLocation/geo_callback
I/APP     ( 7777): I 11/17/2012 23:18:30:266 00001e79                  APP| Params: {"rho_callback"=>"1", "status"=>"ok", "available"=>"1", "known_position"=>"1", "latitude"=>"35.400724", "longitude"=>"139.300476", "accuracy"=>"10.000000", "mytag"=>"55"}
I/APP     ( 7777): I 11/17/2012 23:18:30:267 00001e79                  APP| $$$$$$$$$$$ GEOCALLBACK : $$$$$$$$$$$$$$$
I/APP     ( 7777): I 11/17/2012 23:18:30:268 00001e79                  APP| geo_callback : {"rho_callback"=>"1", "status"=>"ok", "available"=>"1", "known_position"=>"1", "latitude"=>"35.400724", "longitude"=>"139.300476", "accuracy"=>"10.000000", "mytag"=>"55"}
I/APP     ( 7777): I 11/17/2012 23:18:30:270 00001e61       SimpleMainView| Cleared URL: javascript:updateLocation(35.400724, 139.300476)
I/APP     ( 7777): I 11/17/2012 23:18:30:270 00001e79           HttpServer| GC Start.
I/APP     ( 7777): I 11/17/2012 23:18:30:286 00001e61   RhoWebChromeClient| Uncaught ReferenceError: updateLocation is not defined -- From line 1 of null
E/Web Console( 7777): Uncaught ReferenceError: updateLocation is not defined at null:1
I/APP     ( 7777): I 11/17/2012 23:18:30:290 00001e79           HttpServer| GC End.
I/APP     ( 7777): I 11/17/2012 23:18:33:263 00001e79           HttpServer| Process URI: '/app/GeoLocation/geo_callback'
I/APP     ( 7777): I 11/17/2012 23:18:33:264 00001e79                  APP| RHO serve: /app/GeoLocation/geo_callback
I/APP     ( 7777): I 11/17/2012 23:18:33:267 00001e79                  APP| Params: {"rho_callback"=>"1", "status"=>"ok", "available"=>"1", "known_position"=>"1", "latitude"=>"35.400724", "longitude"=>"139.300476", "accuracy"=>"10.000000", "mytag"=>"55"}
I/APP     ( 7777): I 11/17/2012 23:18:33:268 00001e79                  APP| $$$$$$$$$$$ GEOCALLBACK : $$$$$$$$$$$$$$$
I/APP     ( 7777): I 11/17/2012 23:18:33:269 00001e79                  APP| geo_callback : {"rho_callback"=>"1", "status"=>"ok", "available"=>"1", "known_position"=>"1", "latitude"=>"35.400724", "longitude"=>"139.300476", "accuracy"=>"10.000000", "mytag"=>"55"}
I/APP     ( 7777): I 11/17/2012 23:18:33:271 00001e79           HttpServer| GC Start.
I/APP     ( 7777): I 11/17/2012 23:18:33:272 00001e61       SimpleMainView| Cleared URL: javascript:updateLocation(35.400724, 139.300476)
I/APP     ( 7777): I 11/17/2012 23:18:33:286 00001e61   RhoWebChromeClient| Uncaught ReferenceError: updateLocation is not defined -- From line 1 of null
E/Web Console( 7777): Uncaught ReferenceError: updateLocation is not defined at null:1
I/APP     ( 7777): I 11/17/2012 23:18:33:291 00001e79           HttpServer| GC End.
I/APP     ( 7777): I 11/17/2012 23:18:36:264 00001e79           HttpServer| Process URI: '/app/GeoLocation/geo_callback'
I/APP     ( 7777): I 11/17/2012 23:18:36:265 00001e79                  APP| RHO serve: /app/GeoLocation/geo_callback
I/APP     ( 7777): I 11/17/2012 23:18:36:268 00001e79                  APP| Params: {"rho_callback"=>"1", "status"=>"ok", "available"=>"1", "known_position"=>"1", "latitude"=>"35.400724", "longitude"=>"139.300476", "accuracy"=>"10.000000", "mytag"=>"55"}
I/APP     ( 7777): I 11/17/2012 23:18:36:269 00001e79                  APP| $$$$$$$$$$$ GEOCALLBACK : $$$$$$$$$$$$$$$
I/APP     ( 7777): I 11/17/2012 23:18:36:270 00001e79                  APP| geo_callback : {"rho_callback"=>"1", "status"=>"ok", "available"=>"1", "known_position"=>"1", "latitude"=>"35.400724", "longitude"=>"139.300476", "accuracy"=>"10.000000", "mytag"=>"55"}
I/APP     ( 7777): I 11/17/2012 23:18:36:272 00001e61       SimpleMainView| Cleared URL: javascript:updateLocation(35.400724, 139.300476)
I/APP     ( 7777): I 11/17/2012 23:18:36:291 00001e79           HttpServer| GC Start.
I/APP     ( 7777): I 11/17/2012 23:18:36:292 00001e61   RhoWebChromeClient| Uncaught ReferenceError: updateLocation is not defined -- From line 1 of null
E/Web Console( 7777): Uncaught ReferenceError: updateLocation is not defined at null:1
I/APP     ( 7777): I 11/17/2012 23:18:36:306 00001e79           HttpServer| GC End.
I/APP     ( 7777): I 11/17/2012 23:18:39:265 00001e79           HttpServer| Process URI: '/app/GeoLocation/geo_callback'
I/APP     ( 7777): I 11/17/2012 23:18:39:266 00001e79                  APP| RHO serve: /app/GeoLocation/geo_callback
I/APP     ( 7777): I 11/17/2012 23:18:39:276 00001e79                  APP| Params: {"rho_callback"=>"1", "status"=>"ok", "available"=>"1", "known_position"=>"1", "latitude"=>"35.400724", "longitude"=>"139.300476", "accuracy"=>"10.000000", "mytag"=>"55"}
I/APP     ( 7777): I 11/17/2012 23:18:39:277 00001e79                  APP| $$$$$$$$$$$ GEOCALLBACK : $$$$$$$$$$$$$$$
I/APP     ( 7777): I 11/17/2012 23:18:39:277 00001e79                  APP| geo_callback : {"rho_callback"=>"1", "status"=>"ok", "available"=>"1", "known_position"=>"1", "latitude"=>"35.400724", "longitude"=>"139.300476", "accuracy"=>"10.000000", "mytag"=>"55"}
I/APP     ( 7777): I 11/17/2012 23:18:39:279 00001e61       SimpleMainView| Cleared URL: javascript:updateLocation(35.400724, 139.300476)
I/APP     ( 7777): I 11/17/2012 23:18:39:300 00001e61   RhoWebChromeClient| Uncaught ReferenceError: updateLocation is not defined -- From line 1 of null
E/Web Console( 7777): Uncaught ReferenceError: updateLocation is not defined at null:1
I/APP     ( 7777): I 11/17/2012 23:18:39:300 00001e79           HttpServer| GC Start.
I/APP     ( 7777): I 11/17/2012 23:18:39:314 00001e79           HttpServer| GC End.
I/APP     ( 7777): I 11/17/2012 23:18:42:266 00001e79           HttpServer| Process URI: '/app/GeoLocation/geo_callback'
I/APP     ( 7777): I 11/17/2012 23:18:42:267 00001e79                  APP| RHO serve: /app/GeoLocation/geo_callback
I/APP     ( 7777): I 11/17/2012 23:18:42:272 00001e79                  APP| Params: {"rho_callback"=>"1", "status"=>"ok", "available"=>"1", "known_position"=>"1", "latitude"=>"35.400724", "longitude"=>"139.300476", "accuracy"=>"10.000000", "mytag"=>"55"}
I/APP     ( 7777): I 11/17/2012 23:18:42:273 00001e79                  APP| $$$$$$$$$$$ GEOCALLBACK : $$$$$$$$$$$$$$$
I/APP     ( 7777): I 11/17/2012 23:18:42:274 00001e79                  APP| geo_callback : {"rho_callback"=>"1", "status"=>"ok", "available"=>"1", "known_position"=>"1", "latitude"=>"35.400724", "longitude"=>"139.300476", "accuracy"=>"10.000000", "mytag"=>"55"}
I/APP     ( 7777): I 11/17/2012 23:18:42:276 00001e61       SimpleMainView| Cleared URL: javascript:updateLocation(35.400724, 139.300476)
I/APP     ( 7777): I 11/17/2012 23:18:42:281 00001e79           HttpServer| GC Start.
I/APP     ( 7777): I 11/17/2012 23:18:42:301 00001e61   RhoWebChromeClient| Uncaught ReferenceError: updateLocation is not defined -- From line 1 of null
E/Web Console( 7777): Uncaught ReferenceError: updateLocation is not defined at null:1
I/APP     ( 7777): I 11/17/2012 23:18:42:302 00001e79           HttpServer| GC End.
I/APP     ( 7777): I 11/17/2012 23:18:45:268 00001e79           HttpServer| Process URI: '/app/GeoLocation/geo_callback'
I/APP     ( 7777): I 11/17/2012 23:18:45:269 00001e79                  APP| RHO serve: /app/GeoLocation/geo_callback
I/APP     ( 7777): I 11/17/2012 23:18:45:273 00001e79                  APP| Params: {"rho_callback"=>"1", "status"=>"ok", "available"=>"1", "known_position"=>"1", "latitude"=>"35.400724", "longitude"=>"139.300476", "accuracy"=>"10.000000", "mytag"=>"55"}
I/APP     ( 7777): I 11/17/2012 23:18:45:274 00001e79                  APP| $$$$$$$$$$$ GEOCALLBACK : $$$$$$$$$$$$$$$
