--------- beginning of /dev/log/system
I/Vold    (  116): Vold 2.1 (the revenge) firing up
E/Vold    (  116): Error reading configuration (No such file or directory)... continuing anyways
I/SystemServer(  308): Entered the Android system server!
I/SystemServer(  308): Entropy Mixer
I/SystemServer(  308): Power Manager
I/SystemServer(  308): Activity Manager
I/ActivityManager(  308): Memory class: 64
I/SystemServer(  308): Telephony Registry
I/SystemServer(  308): Scheduling Policy
I/SystemServer(  308): Package Manager
I/Installer(  308): connecting...
W/PackageManager(  308): Cannot dexopt /system/framework/com.samsung.device.jar; is it an APK or JAR? /system/framework/com.samsung.device.jar
W/PackageManager(  308): Exception reading jar: /system/framework/com.samsung.device.jar
W/PackageManager(  308): java.io.IOException: /system/framework/com.samsung.device.jar
W/PackageManager(  308): 	at dalvik.system.DexFile.isDexOptNeeded(Native Method)
W/PackageManager(  308): 	at com.android.server.pm.PackageManagerService.<init>(PackageManagerService.java:1014)
W/PackageManager(  308): 	at com.android.server.pm.PackageManagerService.main(PackageManagerService.java:837)
W/PackageManager(  308): 	at com.android.server.ServerThread.run(SystemServer.java:177)
I/PackageManager(  308): Pruning dalvik file: data@app@com.shagami.android.phonegapsample-1.apk@classes.dex
I/PackageManager(  308): Pruning dalvik file: data@app@com.shagami.android.htmlviewer-2.apk@classes.dex
W/PackageParser(  308): No actions in intent filter at /system/app/Bluetooth.apk Binary XML file line #159
W/PackageParser(  308): No actions in intent filter at /system/app/Contacts.apk Binary XML file line #533
W/PackageParser(  308): Unknown element under <manifest>: supports-gl-texture at /system/app/GoogleEarth.apk Binary XML file line #19
E/PackageManager(  308): Package com.google.android.apps.uploader signatures do not match the previously installed version; ignoring!
W/PackageManager(  308): System package com.google.android.apps.uploader signature changed; retaining data.
I/PackageParser(  308): com.nttdocomo.android.pf.minidcmwappush: compat added android.permission.WRITE_EXTERNAL_STORAGE android.permission.READ_PHONE_STATE
W/PackageManager(  308): Package com.android.systemui shared user changed from android.uid.system to <nothing>; replacing with new
W/PackageManager(  308): System package com.android.systemui has changed from uid: 1000 to 10065; old data erased
W/PackageManager(  308): Package com.android.vpndialogs shared user changed from android.uid.system to <nothing>; replacing with new
W/PackageManager(  308): System package com.android.vpndialogs has changed from uid: 1000 to 10067; old data erased
W/PackageParser(  308): Unknown element under <manifest>: meta-data at /system/app/YouTube.apk Binary XML file line #53
I/PackageParser(  308): jp.co.nttdocomo.carriermail: compat added android.permission.WRITE_EXTERNAL_STORAGE android.permission.READ_PHONE_STATE
E/PackageManager(  308): Package com.android.cellbroadcastreceiver signatures do not match the previously installed version; ignoring!
W/PackageManager(  308): System package com.android.cellbroadcastreceiver signature changed; retaining data.
W/PackageManager(  308): Trying to update system app code path from /system/app/GoogleQuickSearchBox.apk to /system/app/Velvet.apk
W/PackageManager(  308): Code path for pkg : com.google.android.googlequicksearchbox changing from /system/app/GoogleQuickSearchBox.apk to /system/app/Velvet.apk
W/PackageManager(  308): Resource path for pkg : com.google.android.googlequicksearchbox changing from /system/app/GoogleQuickSearchBox.apk to /system/app/Velvet.apk
W/PackageManager(  308): Permission com.google.android.voicesearch.AUDIO_FILE_ACCESS from package com.google.android.googlequicksearchbox ignored: original from com.google.android.voicesearch
W/PackageManager(  308): Trying to update system app code path from /system/app/VoiceSearch.apk to /system/app/VoiceSearchStub.apk
W/PackageManager(  308): Code path for pkg : com.google.android.voicesearch changing from /system/app/VoiceSearch.apk to /system/app/VoiceSearchStub.apk
W/PackageManager(  308): Resource path for pkg : com.google.android.voicesearch changing from /system/app/VoiceSearch.apk to /system/app/VoiceSearchStub.apk
W/PackageManager(  308): Trying to update system app code path from /system/app/iWnnIME2_No_Flick.apk to /system/app/iWnnIME.apk
W/PackageManager(  308): Code path for pkg : jp.co.omronsoft.iwnnime.ml changing from /system/app/iWnnIME2_No_Flick.apk to /system/app/iWnnIME.apk
W/PackageManager(  308): Resource path for pkg : jp.co.omronsoft.iwnnime.ml changing from /system/app/iWnnIME2_No_Flick.apk to /system/app/iWnnIME.apk
W/PackageManager(  308): System package com.android.livewallpaper.microbesgl no longer exists; wiping its data
W/PackageManager(  308): System package com.android.camera no longer exists; wiping its data
I/PackageManager(  308): Time to scan packages: 14.704 seconds
I/PackageManager(  308): Platform changed from 15 to 16; regranting permissions for internal storage
W/PackageManager(  308): Unknown permission android.permission.ADD_SYSTEM_SERVICE in package com.android.phone
W/PackageManager(  308): Unknown permission com.android.vending.billing.IBillingAccountService.BIND2 in package com.google.android.gsf.login
W/PackageManager(  308): Unknown permission com.android.chrome.TOS_ACKED in package com.google.android.gsf.login
W/PackageManager(  308): Not granting permission android.permission.SEND_DOWNLOAD_COMPLETED_INTENTS to package com.android.browser (protectionLevel=2 flags=0x9be45)
W/PackageManager(  308): Not granting permission android.permission.DEVICE_POWER to package com.google.android.deskclock (protectionLevel=2 flags=0x8be45)
W/PackageManager(  308): Unknown permission android.permission.READ_OWNER_DATA in package com.google.android.setupwizard
W/PackageManager(  308): Unknown permission android.permission.WRITE_OWNER_DATA in package com.google.android.setupwizard
W/PackageManager(  308): Unknown permission com.google.android.apps.googlevoice.permission.AUTO_SEND in package com.google.android.googlequicksearchbox
W/PackageManager(  308): Not granting permission android.permission.SEND_DOWNLOAD_COMPLETED_INTENTS to package com.android.vending (protectionLevel=2 flags=0xabe45)
W/PackageManager(  308): Unknown permission com.google.android.verifier.permission.UPDATE_VERIFIER in package com.android.vending
W/PackageManager(  308): Not granting permission android.permission.ACCOUNT_MANAGER to package com.google.android.music (protectionLevel=2 flags=0x8be65)
W/PackageManager(  308): Unknown permission com.android.providers.im.permission.READ_ONLY in package com.google.android.apps.maps
I/SystemServer(  308): Account Manager
I/SystemServer(  308): Content Manager
I/SystemServer(  308): System Content Providers
I/SystemServer(  308): Lights Service
I/SystemServer(  308): Battery Service
I/SystemServer(  308): Vibrator Service
I/SystemServer(  308): Alarm Manager
I/SystemServer(  308): Init Watchdog
I/SystemServer(  308): Window Manager
I/InputManager(  308): Initializing input manager
W/StatusBarManager(  308): warning: no STATUS_BAR_SERVICE
I/InputManager(  308): Starting input manager
I/SystemServer(  308): Bluetooth Service
I/SystemServer(  308): Input Method Service
W/InputMethodManagerService(  308): Couldn't create dir.: /data/system/inputmethod
I/SystemServer(  308): Accessibility Manager
I/ActivityManager(  308): Config changed: {1.0 0mcc0mnc ja_JP sw360dp w360dp h567dp nrml port ?uimode ?night finger -keyb/v/h -nav/h s.2}
I/SystemServer(  308): Mount Service
D/MountService(  308): got storage path: /storage/sdcard0 description: 内部ストレージ primary: true removable: false emulated: true mtpReserve: 100 allowMassStorage: false maxFileSize: 0
D/MountService(  308): using emulated external storage
I/SystemServer(  308): LockSettingsService
I/SystemServer(  308): Device Policy
I/SystemServer(  308): Status Bar
I/SystemServer(  308): Clipboard Service
I/SystemServer(  308): NetworkManagement Service
I/SystemServer(  308): Text Service Manager Service
I/SystemServer(  308): NetworkStats Service
D/VoldCmdListener(  116): volume list
D/VoldCmdListener(  116): asec list
I/SystemServer(  308): NetworkPolicy Service
I/PackageManager(  308): Platform changed from 0 to 16; regranting permissions for external storage
I/SystemServer(  308): Wi-Fi P2pService
W/PackageManager(  308): Unknown permission android.permission.ADD_SYSTEM_SERVICE in package com.android.phone
W/PackageManager(  308): Unknown permission com.android.vending.billing.IBillingAccountService.BIND2 in package com.google.android.gsf.login
W/PackageManager(  308): Unknown permission com.android.chrome.TOS_ACKED in package com.google.android.gsf.login
W/PackageManager(  308): Not granting permission android.permission.SEND_DOWNLOAD_COMPLETED_INTENTS to package com.android.browser (protectionLevel=2 flags=0x9be45)
W/PackageManager(  308): Not granting permission android.permission.DEVICE_POWER to package com.google.android.deskclock (protectionLevel=2 flags=0x8be45)
W/PackageManager(  308): Unknown permission android.permission.READ_OWNER_DATA in package com.google.android.setupwizard
W/PackageManager(  308): Unknown permission android.permission.WRITE_OWNER_DATA in package com.google.android.setupwizard
W/PackageManager(  308): Unknown permission com.google.android.apps.googlevoice.permission.AUTO_SEND in package com.google.android.googlequicksearchbox
W/PackageManager(  308): Not granting permission android.permission.SEND_DOWNLOAD_COMPLETED_INTENTS to package com.android.vending (protectionLevel=2 flags=0xabe45)
W/PackageManager(  308): Unknown permission com.google.android.verifier.permission.UPDATE_VERIFIER in package com.android.vending
W/PackageManager(  308): Not granting permission android.permission.ACCOUNT_MANAGER to package com.google.android.music (protectionLevel=2 flags=0x8be65)
W/PackageManager(  308): Unknown permission com.android.providers.im.permission.READ_ONLY in package com.google.android.apps.maps
I/SystemServer(  308): Wi-Fi Service
I/SystemServer(  308): Connectivity Service
D/ConnectivityService(  308): ConnectivityService starting up
E/ConnectivityService(  308): Ignoring protectedNetwork 10
E/ConnectivityService(  308): Ignoring protectedNetwork 11
E/ConnectivityService(  308): Ignoring protectedNetwork 12
E/MobileDataStateTracker(  308): default: Ignoring feature request because could not acquire PhoneService
E/MobileDataStateTracker(  308): default: Could not enable APN type "default"
I/WifiService(  308): WifiService starting up with Wi-Fi enabled
D/WifiService(  308): setWifiEnabled: true pid=308, uid=1000
I/SystemServer(  308): Network Service Discovery Service
D/NsdService(  308): Network service discovery enabled true
I/SystemServer(  308): Throttle Service
I/SystemServer(  308): UpdateLock Service
I/SystemServer(  308): Notification Manager
I/SystemServer(  308): Device Storage Monitor
I/SystemServer(  308): Location Manager
I/SystemServer(  308): Country Detector
I/SystemServer(  308): Search Service
I/SystemServer(  308): DropBox Service
I/SystemServer(  308): Wallpaper Service
I/SystemServer(  308): Audio Service
I/SystemServer(  308): Dock Observer
I/SystemServer(  308): Wired Accessory Observer
I/SystemServer(  308): USB Service
I/SystemServer(  308): Serial Service
I/SystemServer(  308): UI Mode Manager Service
I/SystemServer(  308): Backup Service
V/BackupManagerService(  308): Initializing package tracking
V/BackupManagerService(  308): No ancestral data
V/BackupManagerService(  308): addPackageParticipantsLocked: all
I/BackupManagerService(  308): New app android never backed up; scheduling
D/BackupManagerService(  308): Now staging backup of android
I/BackupManagerService(  308): New app com.android.browser never backed up; scheduling
D/BackupManagerService(  308): Now staging backup of com.android.browser
I/BackupManagerService(  308): New app com.android.nfc never backed up; scheduling
D/BackupManagerService(  308): Now staging backup of com.android.nfc
I/BackupManagerService(  308): New app com.android.providers.settings never backed up; scheduling
D/BackupManagerService(  308): Now staging backup of com.android.providers.settings
I/BackupManagerService(  308): New app com.android.providers.userdictionary never backed up; scheduling
D/BackupManagerService(  308): Now staging backup of com.android.providers.userdictionary
I/BackupManagerService(  308): New app com.android.sharedstoragebackup never backed up; scheduling
D/BackupManagerService(  308): Now staging backup of com.android.sharedstoragebackup
I/BackupManagerService(  308): New app com.android.vending never backed up; scheduling
D/BackupManagerService(  308): Now staging backup of com.android.vending
I/BackupManagerService(  308): New app com.google.android.calendar never backed up; scheduling
D/BackupManagerService(  308): Now staging backup of com.google.android.calendar
I/BackupManagerService(  308): New app com.google.android.gm never backed up; scheduling
D/BackupManagerService(  308): Now staging backup of com.google.android.gm
I/BackupManagerService(  308): New app com.google.android.inputmethod.latin never backed up; scheduling
D/BackupManagerService(  308): Now staging backup of com.google.android.inputmethod.latin
V/BackupManagerService(  308): Registering transport android/com.android.internal.backup.LocalTransport = com.android.internal.backup.LocalTransport@41a5aa90
V/BackupManagerService(  308): Starting with transport com.google.android.backup/.BackupTransportService
V/BackupManagerService(  308): Binding to Google transport
I/BackupManagerService(  308): Found stale backup journal, scheduling
I/BackupManagerService(  308):   android
I/BackupManagerService(  308):   com.android.browser
I/BackupManagerService(  308):   com.android.nfc
I/BackupManagerService(  308):   com.android.providers.settings
I/BackupManagerService(  308):   com.android.providers.userdictionary
I/BackupManagerService(  308):   com.android.sharedstoragebackup
I/BackupManagerService(  308):   com.android.vending
I/BackupManagerService(  308):   com.google.android.calendar
I/BackupManagerService(  308):   com.google.android.gm
I/BackupManagerService(  308):   com.google.android.inputmethod.latin
I/BackupManagerService(  308): Backup enabled => false
I/BackupManagerService(  308): Opting out of backup
I/SystemServer(  308): AppWidget Service
I/SystemServer(  308): Recognition Service
I/SystemServer(  308): DiskStats Service
I/SystemServer(  308): SamplingProfiler Service
I/SystemServer(  308): NetworkTimeUpdateService
I/SystemServer(  308): CommonTimeManagementService
I/SystemServer(  308): CertBlacklister
D/PowerManagerService(  308): system ready!
I/LockSettingsService(  308): Migrated lock settings to new location
I/ActivityManager(  308): Sending system update to: ComponentInfo{com.android.providers.calendar/com.android.providers.calendar.CalendarUpgradeReceiver}
I/ActivityManager(  308): Sending system update to: ComponentInfo{com.android.providers.contacts/com.android.providers.contacts.ContactsUpgradeReceiver}
I/ActivityManager(  308): Sending system update to: ComponentInfo{com.android.providers.media/com.android.providers.media.MediaUpgradeReceiver}
E/PowerManagerService(  308): Excessive delay setting brightness: 113ms, mask=2
I/ActivityManager(  308): Start proc com.android.providers.calendar for broadcast com.android.providers.calendar/.CalendarUpgradeReceiver: pid=448 uid=10006 gids={3003, 1015, 1028}
V/BackupManagerService(  308): Connected to Google transport
V/BackupManagerService(  308): Registering transport com.google.android.backup/.BackupTransportService = com.google.android.backup.BackupTransportService$1@41938530
I/ActivityManager(  308): Launching preboot mode app: ProcessRecord{416aef10 448:com.android.providers.calendar/u0a6}
I/ActivityManager(  308): Start proc android.process.acore for broadcast com.android.providers.contacts/.ContactsUpgradeReceiver: pid=463 uid=10000 gids={3003, 1015, 1028}
I/ActivityManager(  308): Launching preboot mode app: ProcessRecord{4171b330 463:android.process.acore/u0a0}
I/ActivityManager(  308): Start proc android.process.media for broadcast com.android.providers.media/.MediaUpgradeReceiver: pid=478 uid=10012 gids={1015, 1023, 1024, 1028, 2001, 3003, 3007}
I/ActivityManager(  308): Launching preboot mode app: ProcessRecord{417294e0 478:android.process.media/u0a12}
I/MediaUpgradeReceiver(  478): ---> Start upgrade of media database external.db
I/MediaUpgradeReceiver(  478): <--- Finished upgrade of media database external.db in 182ms
I/MediaUpgradeReceiver(  478): ---> Start upgrade of media database internal.db
I/MediaUpgradeReceiver(  478): <--- Finished upgrade of media database internal.db in 148ms
I/ActivityManager(  308): Writing new set of last done pre-boot receivers...
I/ActivityManager(  308): Removing system update proc: ProcessRecord{416aef10 448:com.android.providers.calendar/u0a6}
I/ActivityManager(  308): Killing proc 448:com.android.providers.calendar/u0a6: system update done
I/ActivityManager(  308): Removing system update proc: ProcessRecord{4171b330 463:android.process.acore/u0a0}
I/ActivityManager(  308): Killing proc 463:android.process.acore/u0a0: system update done
I/ActivityManager(  308): Removing system update proc: ProcessRecord{417294e0 478:android.process.media/u0a12}
I/ActivityManager(  308): Killing proc 478:android.process.media/u0a12: system update done
I/ActivityManager(  308): System now ready
I/SystemServer(  308): Making services ready
D/SystemServer(  308): Starting service: Intent { cmp=com.android.systemui/.SystemUIService }
I/ActivityManager(  308): Start proc com.android.systemui for service com.android.systemui/.SystemUIService: pid=498 uid=10065 gids={1028, 1015, 3002, 3001}
D/NetworkManagementService(  308): enabling bandwidth control
D/SystemUIService(  498): loading: class com.android.systemui.statusbar.phone.PhoneStatusBar
D/SystemUIService(  498): running: com.android.systemui.statusbar.phone.PhoneStatusBar@416d7508
I/StatusBarManagerService(  308): registerStatusBar bar=com.android.internal.statusbar.IStatusBar$Stub$Proxy@41a8c2b8
I/ActivityManager(  308): Config changed: {1.0 0mcc0mnc ja_JP sw360dp w360dp h567dp nrml port finger -keyb/v/h -nav/h s.3}
D/PhoneStatusBar(  498): disable: < expand icons alerts ticker system_info back home RECENT* clock >
I/ActivityManager(  308): Start proc com.android.phasebeam for service com.android.phasebeam/.PhaseBeamWallpaper: pid=545 uid=10041 gids={1028}
W/InputMethodManagerService(  308): Ignoring setImeWindowStatus of uid 1000 token: null
I/ActivityManager(  308): Start proc jp.co.omronsoft.iwnnime.ml for service jp.co.omronsoft.iwnnime.ml/.standardcommon.IWnnLanguageSwitcher: pid=551 uid=10058 gids={1028}
D/StorageNotification(  498): Startup with UMS connection false (media state mounted)
I/StorageNotification(  498): UMS connection changed to false (media state mounted)
D/SystemUIService(  498): loading: class com.android.systemui.power.PowerUI
D/SystemUIService(  498): running: com.android.systemui.power.PowerUI@418fd9c0
W/ThrottleService(  308): unable to find stats for iface rmnet0
I/ActivityManager(  308): Start proc com.android.phone for added application com.android.phone: pid=576 uid=1001 gids={3002, 3001, 3003, 1015, 1028}
D/SystemUIService(  498): loading: class com.android.systemui.media.RingtonePlayer
D/SystemUIService(  498): running: com.android.systemui.media.RingtonePlayer@418fe620
I/ActivityManager(  308): Start proc com.android.nfc for added application com.android.nfc: pid=582 uid=1027 gids={3002, 3001, 1015, 1028}
I/ActivityManager(  308): START {act=android.intent.action.MAIN cat=[android.intent.category.HOME] flg=0x10000000 cmp=com.android.launcher/com.android.launcher2.Launcher u=0} from pid 0
I/ActivityManager(  308): Start proc com.android.launcher for activity com.android.launcher/com.android.launcher2.Launcher: pid=589 uid=10028 gids={1028}
W/BroadcastQueue(  308): Permission Denial: broadcasting Intent { act=android.net.conn.TETHER_STATE_CHANGED flg=0x68000010 (has extras) } from null (pid=-1, uid=-1) requires android.permission.CONNECTIVITY_INTERNAL due to registered receiver BroadcastFilter{41b8bd78 ReceiverList{41b8bd00 308 system/1000 local:41acf6a0}}
W/BroadcastQueue(  308): Permission Denial: broadcasting Intent { act=android.net.wifi.STATE_CHANGE flg=0x48000010 (has extras) } from null (pid=-1, uid=-1) requires android.permission.CONNECTIVITY_INTERNAL due to registered receiver BroadcastFilter{41840bd0 ReceiverList{41840b58 308 system/1000 local:41840928}}
I/ActivityManager(  308): Start proc android.process.media for broadcast com.android.providers.media/.UsbReceiver: pid=617 uid=10012 gids={1015, 1023, 1024, 1028, 2001, 3003, 3007}
I/ActivityManager(  308): Start proc com.google.process.gapps for service com.google.android.location/.NetworkLocationService: pid=642 uid=10009 gids={3003, 1015, 1028, 1007, 2001, 3006}
D/WifiService(  308): New client listening to asynchronous messages
I/ActivityManager(  308): Start proc com.google.android.apps.maps for broadcast com.google.android.apps.maps/com.google.android.location.internal.NlpNetworkProviderSettingsUpdateReceiver: pid=672 uid=10031 gids={3003, 1015, 1028}
I/ActivityManager(  308): Start proc com.android.smspush for service com.android.smspush/.WapPushManager: pid=684 uid=10056 gids={1028}
I/ActivityManager(  308): Start proc android.process.acore for content provider com.android.providers.contacts/.CallLogProvider: pid=708 uid=10000 gids={3003, 1015, 1028}
W/ActivityManager(  308): Unable to start service Intent { act=com.android.ussd.IExtendedNetworkService }: not found
I/ActivityManager(  308): Start proc com.android.settings for broadcast com.android.settings/.widget.SettingsAppWidgetProvider: pid=763 uid=1000 gids={1015, 3002, 3001, 3003, 1028, 3007}
I/ActivityManager(  308): Start proc com.google.android.deskclock for broadcast com.google.android.deskclock/com.android.alarmclock.AnalogAppWidgetProvider: pid=802 uid=10011 gids={1028}
I/ActivityManager(  308): Start proc com.google.android.exchange for content provider com.google.android.exchange/com.android.exchange.provider.ExchangeDirectoryProvider: pid=814 uid=10014 gids={3003, 1015, 1028}
D/ConnectivityService(  308): ConnectivityChange for WIFI: CONNECTED/CONNECTED
I/WifiService(  308): WifiService trying to set country code to jp with persist set to true
I/ActivityManager(  308): Config changed: {1.0 440mcc10mnc ja_JP sw360dp w360dp h567dp nrml port finger -keyb/v/h -nav/h s.4}
D/ConnectivityService(  308): ConnectivityChange for WIFI: CONNECTED/CONNECTED
D/ConnectivityService(  308): handleConnectivityChange: address are the same reset per doReset linkProperty[1]: resetMask=0
I/ActivityManager(  308): Start proc com.android.vending for broadcast com.android.vending/.MarketWidgetProvider: pid=828 uid=10042 gids={3003, 1015, 1028}
W/ActivityManager(  308): Permission denied: checkComponentPermission() owningUid=1000
W/BroadcastQueue(  308): Permission Denial: broadcasting Intent { act=android.appwidget.action.APPWIDGET_UPDATE_OPTIONS flg=0x10 cmp=com.android.settings/.widget.SettingsAppWidgetProvider (has extras) } from android (pid=589, uid=10028) is not exported from uid 1000 due to receiver com.android.settings/com.android.settings.widget.SettingsAppWidgetProvider
D/PowerManagerService(  308): bootCompleted
V/DevicePolicyManagerService(  308): Sending password expiration notifications for action android.intent.action.BOOT_COMPLETED
I/ActivityManager(  308): Start proc com.android.contacts for broadcast com.android.contacts/.calllog.CallLogReceiver: pid=862 uid=10000 gids={3003, 1015, 1028}
W/MountService(  308): Duplicate state transition (mounted -> mounted) for /storage/sdcard0
D/MountService(  308): sendStorageIntent Intent { act=android.intent.action.MEDIA_MOUNTED dat=file:///storage/sdcard0 (has extras) }
V/WiredAccessoryObserver(  308): init()
D/PhoneStatusBar(  498): disable: < expand icons alerts ticker system_info BACK* HOME* RECENT CLOCK* >
I/ActivityManager(  308): Start proc com.android.providers.calendar for broadcast com.android.providers.calendar/.CalendarReceiver: pid=892 uid=10006 gids={3003, 1015, 1028}
I/LocationManagerService(  308): request passive (pid 308) 0 0
I/BootReceiver(  308): Copying /proc/last_kmsg to DropBox (SYSTEM_LAST_KMSG)
I/ActivityManager(  308): Start proc com.google.android.email for broadcast com.google.android.email/com.android.email.service.EmailBroadcastReceiver: pid=924 uid=10013 gids={3003, 1015, 1028}
D/ActivityThread(  924): Loading provider com.android.email.provider;com.android.email.notifier: com.android.email.provider.EmailProvider
I/ActivityManager(  308): Start proc com.google.android.gallery3d for broadcast com.google.android.gallery3d/com.android.gallery3d.onetimeinitializer.AutoSyncCarryOverFromICSReceiver: pid=952 uid=10016 gids={1006, 3003, 1015, 1028}
I/ActivityManager(  308): Start proc com.google.android.apps.genie.geniewidget for broadcast com.google.android.apps.genie.geniewidget/.miniwidget.MiniWidgetProvider: pid=984 uid=10017 gids={3003, 1015, 1028}
I/ActivityManager(  308): Start proc com.google.android.gm for broadcast com.google.android.gm/.MailIntentReceiver: pid=1002 uid=10018 gids={3003, 1015, 1028}
I/ActivityManager(  308): Start proc com.google.android.gsf.login for service com.google.android.gsf.login/com.google.android.gsf.loginservice.GoogleLoginService: pid=1020 uid=10009 gids={3003, 1015, 1028, 1007, 2001, 3006}
I/ActivityManager(  308): Start proc com.google.android.partnersetup for broadcast com.google.android.partnersetup/.GooglePartnerSetup: pid=1032 uid=10021 gids={3003, 1028}
I/ActivityManager(  308): Force stopping package com.google.android.apps.magazines uid=10066
I/ActivityManager(  308): Force stopping package com.google.android.apps.books uid=10064
I/SystemUpdateService(  642): first boot since true install of /cache/eb1409120226.update_yakjusc_LE3_LK2_IMM76K_to_JRO03C.zip
I/ActivityManager(  308): Start proc com.google.android.apps.maps:FriendService for broadcast com.google.android.apps.maps/com.google.googlenav.friend.android.ServiceReceiver: pid=1069 uid=10031 gids={3003, 1015, 1028}
I/ActivityManager(  308): Start proc com.nttdocomo.android.pf.minidcmwappush for broadcast com.nttdocomo.android.pf.minidcmwappush/.MiniWapPushReceiver: pid=1084 uid=10034 gids={1015, 1028}
I/ActivityManager(  308): Start proc com.android.mms for broadcast com.android.mms/.transaction.MmsSystemEventReceiver: pid=1097 uid=10035 gids={3003, 1015, 1028}
D/CountryDetector(  308): The first listener is added
I/ActivityManager(  308): Start proc com.google.android.onetimeinitializer for broadcast com.google.android.onetimeinitializer/.OneTimeInitializerReceiver: pid=1119 uid=10039 gids={1028}
I/ActivityManager(  308): Start proc com.google.android.talk for broadcast com.google.android.talk/.videochat.BootCompleteReceiver: pid=1135 uid=10049 gids={3003, 1015, 1006, 3002, 1028}
I/ActivityManager(  308): No longer want com.google.android.apps.maps (pid 672): hidden #16
I/ActivityManager(  308): Start proc com.google.android.videos for broadcast com.google.android.videos/com.google.android.youtube.videos.pinning.TransferService$BootReceiver: pid=1156 uid=10052 gids={3003, 1028, 1015}
I/ActivityManager(  308): No longer want com.android.settings (pid 763): hidden #16
I/ActivityManager(  308): No longer want com.android.contacts (pid 862): hidden #16
I/ActivityManager(  308): Start proc com.android.voicedialer for broadcast com.android.voicedialer/.VoiceDialerReceiver: pid=1194 uid=10054 gids={3002, 1028}
W/BroadcastQueue(  308): Permission Denial: receiving Intent { act=android.intent.action.BOOT_COMPLETED flg=0x10 } to com.google.android.youtube requires android.permission.RECEIVE_BOOT_COMPLETED due to sender null (uid 1000)
I/ActivityManager(  308): No longer want com.google.android.deskclock (pid 802): hidden #16
I/ActivityManager(  308): Start proc com.sec.japan.onetime for broadcast com.sec.japan.onetime/.PreBootCompletedReceiver: pid=1207 uid=10068 gids={1028}
I/ActivityManager(  308): Start proc com.android.cellbroadcastreceiver for broadcast com.android.cellbroadcastreceiver/.CellBroadcastReceiver: pid=1227 uid=10061 gids={1028}
I/ActivityManager(  308): No longer want com.android.providers.calendar (pid 892): hidden #16
I/ActivityManager(  308): No longer want com.google.android.gallery3d (pid 952): hidden #16
I/ActivityManager(  308): Start proc com.google.android.googlequicksearchbox for broadcast com.google.android.googlequicksearchbox/com.google.android.apps.sidekick.StartUpReceiver: pid=1244 uid=10022 gids={3003, 1028, 1007, 3002, 1015}
I/ActivityManager(  308): No longer want com.google.android.apps.genie.geniewidget (pid 984): hidden #16
I/ActivityManager(  308): Start proc com.google.android.voicesearch for content provider com.google.android.voicesearch/.VoiceSearchSettingsProvider: pid=1260 uid=10055 gids={1028}
W/InputMethodManagerService(  308): IME uninstalled or not valid.: com.google.android.voicesearch/.ime.VoiceInputMethodService
I/ActivityManager(  308): No longer want android.process.acore (pid 708): hidden #16
I/ActivityManager(  308): No longer want com.google.android.gm (pid 1002): hidden #17
I/ActivityManager(  308): Start proc com.google.android.apps.plus for broadcast com.google.android.apps.plus/.service.PackagesMediaMonitor: pid=1290 uid=10043 gids={3003, 3002, 1015, 1006, 1028}
W/InputMethodManagerService(  308): Illegal subtype state: old subtype = null, new subtype = android.view.inputmethod.InputMethodSubtype@ccd7bbaf
I/ActivityManager(  308): Start proc com.google.android.deskclock for broadcast com.google.android.deskclock/com.android.alarmclock.AnalogAppWidgetProvider: pid=1307 uid=10011 gids={1028}
D/ConnectivityService(  308): handleInetConditionHoldEnd: net=1, condition=100, published condition=0
W/PackageManager(  308): Failed setComponentEnabledSetting: component class com.google.android.picasasync.BatteryReceiver does not exist in com.google.android.apps.plus
W/BackupManagerService(  308): dataChanged but no participant pkg='com.android.providers.settings' uid=10043
I/ActivityManager(  308): No longer want com.google.android.gsf.login (pid 1020): hidden #16
I/ActivityManager(  308): No longer want com.google.android.apps.maps:FriendService (pid 1069): hidden #16
I/ActivityManager(  308): Start proc com.android.settings for broadcast com.android.settings/.widget.SettingsAppWidgetProvider: pid=1325 uid=1000 gids={1015, 3002, 3001, 3003, 1028, 3007}
W/ActivityManager(  308): Permission denied: checkComponentPermission() owningUid=1000
W/BroadcastQueue(  308): Permission Denial: broadcasting Intent { act=android.appwidget.action.APPWIDGET_UPDATE_OPTIONS flg=0x10 cmp=com.android.settings/.widget.SettingsAppWidgetProvider (has extras) } from android (pid=589, uid=10028) is not exported from uid 1000 due to receiver com.android.settings/com.android.settings.widget.SettingsAppWidgetProvider
I/ActivityManager(  308): No longer want com.google.android.exchange (pid 814): hidden #16
I/ActivityManager(  308): Start proc com.google.android.calendar for broadcast com.google.android.calendar/com.android.calendar.alerts.AlertReceiver: pid=1339 uid=10005 gids={3003, 1028}
I/ActivityManager(  308): Start proc com.android.providers.calendar for content provider com.android.providers.calendar/.CalendarProvider2: pid=1357 uid=10006 gids={3003, 1015, 1028}
I/ActivityManager(  308): Start proc com.google.android.gallery3d for broadcast com.google.android.gallery3d/com.google.android.picasasync.ConnectivityReceiver: pid=1371 uid=10016 gids={1006, 3003, 1015, 1028}
I/ActivityManager(  308): No longer want com.google.android.email (pid 924): hidden #16
I/ActivityManager(  308): Start proc com.google.android.apps.uploader for broadcast com.google.android.apps.uploader/com.google.android.picasasync.ConnectivityReceiver: pid=1391 uid=10032 gids={3003, 1015, 1028}
I/ActivityManager(  308): No longer want com.nttdocomo.android.pf.minidcmwappush (pid 1084): hidden #16
I/ActivityManager(  308): Start proc com.google.android.gm for broadcast com.google.android.gm/.MailIntentReceiver: pid=1411 uid=10018 gids={3003, 1015, 1028}
I/ActivityManager(  308): No longer want com.android.mms (pid 1097): hidden #16
D/CountryDetector(  308): No listener is left
I/ActivityManager(  308): Start proc android.process.acore for broadcast com.android.providers.contacts/.PackageIntentReceiver: pid=1429 uid=10000 gids={3003, 1015, 1028}
I/ActivityManager(  308): No longer want com.google.android.onetimeinitializer (pid 1119): hidden #16
I/ActivityManager(  308): No longer want com.google.android.talk (pid 1135): hidden #16
I/ActivityManager(  308): Start proc com.google.android.apps.maps:LocationFriendService for broadcast com.google.android.apps.maps/com.google.googlenav.friend.reporting.LocationReportingIntentReceiver: pid=1452 uid=10031 gids={3003, 1015, 1028}
I/ActivityManager(  308): No longer want com.google.android.videos (pid 1156): hidden #16
I/ActivityManager(  308): Start proc com.google.android.music:main for broadcast com.google.android.music/.store.MediaStoreImportService$Receiver: pid=1467 uid=10036 gids={3003, 1015, 1028}
I/ActivityManager(  308): No longer want com.sec.japan.onetime (pid 1207): hidden #16
I/ActivityManager(  308): No longer want com.android.cellbroadcastreceiver (pid 1227): hidden #16
I/ActivityManager(  308): Start proc com.google.android.talk for broadcast com.google.android.talk/.McsConnectionStartedReceiver: pid=1488 uid=10049 gids={3003, 1015, 1006, 3002, 1028}
I/ActivityManager(  308): No longer want com.google.android.voicesearch (pid 1260): hidden #16
W/ActivityManager(  308): Permission denied: checkComponentPermission() owningUid=1000
W/BroadcastQueue(  308): Permission Denial: broadcasting Intent { act=android.appwidget.action.APPWIDGET_UPDATE_OPTIONS flg=0x10 cmp=com.android.settings/.widget.SettingsAppWidgetProvider (has extras) } from android (pid=589, uid=10028) is not exported from uid 1000 due to receiver com.android.settings/com.android.settings.widget.SettingsAppWidgetProvider
I/ActivityManager(  308): Start proc com.google.android.apps.maps for broadcast com.google.android.apps.maps/com.google.android.location.internal.NlpNetworkProviderSettingsUpdateReceiver: pid=1512 uid=10031 gids={3003, 1015, 1028}
I/ActivityManager(  308): No longer want com.google.android.partnersetup (pid 1032): hidden #16
I/ActivityManager(  308): No longer want com.google.android.calendar (pid 1339): hidden #16
I/ActivityManager(  308): Start proc com.google.android.calendar for broadcast com.google.android.calendar/com.android.calendar.widget.CalendarAppWidgetProvider: pid=1532 uid=10005 gids={3003, 1028}
I/ActivityManager(  308): Start proc com.google.android.partnersetup for broadcast com.google.android.partnersetup/.GservicesChangedReceiver: pid=1554 uid=10021 gids={3003, 1028}
I/SystemUpdateService(  642): cancelUpdate (empty URL)
I/ActivityManager(  308): Start proc com.google.android.setupwizard for broadcast com.google.android.setupwizard/.GservicesChangedReceiver: pid=1574 uid=10044 gids={3003, 1028}
I/SystemUpdateService(  642): cancelUpdate (empty URL)
D/DownloadManager(  617): deleteFileIfExists() deleting /cache/eb1409120226.update_yakjusc_LE3_LK2_IMM76K_to_JRO03C.zip
I/ActivityManager(  308): No longer want com.google.android.apps.uploader (pid 1391): hidden #16
D/DownloadManager(  617): deleteDownloadLocked() deleting /cache/eb1409120226.update_yakjusc_LE3_LK2_IMM76K_to_JRO03C.zip
D/PhoneStatusBar(  498): disable: < expand icons alerts ticker system_info BACK HOME recent* CLOCK >
D/PhoneStatusBar(  498): disable: < expand icons alerts ticker system_info back* home* recent clock* >
I/ActivityManager(  308): No longer want com.google.android.apps.maps:LocationFriendService (pid 1452): hidden #16
W/InputMethodManagerService(  308): IME uninstalled or not valid.: com.google.android.voicesearch/.ime.VoiceInputMethodService
I/ActivityManager(  308): No longer want com.google.android.talk (pid 1488): hidden #16
D/PhoneStatusBar(  498): disable: < expand icons alerts TICKER* system_info back home recent clock >
I/ActivityManager(  308): START {act=android.settings.SETTINGS flg=0x10000000 cmp=com.android.settings/.Settings u=0} from pid 498
D/WifiService(  308): setWifiEnabled: true pid=1325, uid=1000
D/PhoneStatusBar(  498): disable: < expand icons alerts ticker* system_info back home recent clock >
I/ActivityManager(  308): START {act=android.intent.action.MAIN cmp=com.android.settings/.SubSettings (has extras) u=0} from pid 1325
I/ActivityManager(  308): START {act=android.intent.action.MAIN cat=[android.intent.category.HOME] flg=0x10200000 cmp=com.android.launcher/com.android.launcher2.Launcher u=0} from pid 308
D/PhoneStatusBar(  498): disable: < expand icons alerts ticker system_info back home RECENT* clock >
D/PhoneStatusBar(  498): disable: < expand icons alerts ticker system_info BACK* HOME* RECENT CLOCK* >
W/ThrottleService(  308): unable to find stats for iface rmnet0
W/ThrottleService(  308): unable to find stats for iface rmnet0
W/ThrottleService(  308): unable to find stats for iface rmnet0
W/ThrottleService(  308): unable to find stats for iface rmnet0
W/ThrottleService(  308): unable to find stats for iface rmnet0
W/ThrottleService(  308): unable to find stats for iface rmnet0
W/ThrottleService(  308): unable to find stats for iface rmnet0
W/ThrottleService(  308): unable to find stats for iface rmnet0
D/ConnectivityService(  308): ConnectivityChange for WIFI: CONNECTED/CONNECTED
D/ConnectivityService(  308): handleConnectivityChange: address are the same reset per doReset linkProperty[1]: resetMask=0
D/ConnectivityService(  308): ConnectivityChange for WIFI: CONNECTED/CONNECTED
D/ConnectivityService(  308): handleConnectivityChange: address are the same reset per doReset linkProperty[1]: resetMask=0
D/ConnectivityService(  308): NetTransition Wakelock for WifiStateMachine released by timeout
I/ActivityManager(  308): Start proc com.google.android.apps.uploader for broadcast com.google.android.apps.uploader/com.google.android.picasasync.ConnectivityReceiver: pid=1975 uid=10032 gids={3003, 1015, 1028}
D/ConnectivityService(  308): handleInetConditionHoldEnd: net=1, condition=100, published condition=0
W/ThrottleService(  308): unable to find stats for iface rmnet0
W/ThrottleService(  308): unable to find stats for iface rmnet0
W/ThrottleService(  308): unable to find stats for iface rmnet0
W/ThrottleService(  308): unable to find stats for iface rmnet0
W/ThrottleService(  308): unable to find stats for iface rmnet0
W/ThrottleService(  308): unable to find stats for iface rmnet0
W/ThrottleService(  308): unable to find stats for iface rmnet0
W/ThrottleService(  308): unable to find stats for iface rmnet0
D/ConnectivityService(  308): ConnectivityChange for WIFI: CONNECTED/CONNECTED
D/ConnectivityService(  308): handleConnectivityChange: address are the same reset per doReset linkProperty[1]: resetMask=0
D/ConnectivityService(  308): ConnectivityChange for WIFI: CONNECTED/CONNECTED
D/ConnectivityService(  308): handleConnectivityChange: address are the same reset per doReset linkProperty[1]: resetMask=0
D/ConnectivityService(  308): NetTransition Wakelock for WifiStateMachine released by timeout
W/ThrottleService(  308): unable to find stats for iface rmnet0
D/ConnectivityService(  308): handleInetConditionHoldEnd: net=1, condition=100, published condition=0
W/ThrottleService(  308): unable to find stats for iface rmnet0
W/ThrottleService(  308): unable to find stats for iface rmnet0
W/ThrottleService(  308): unable to find stats for iface rmnet0
W/ThrottleService(  308): unable to find stats for iface rmnet0
W/ThrottleService(  308): unable to find stats for iface rmnet0
W/ThrottleService(  308): unable to find stats for iface rmnet0
W/ThrottleService(  308): unable to find stats for iface rmnet0
D/ConnectivityService(  308): ConnectivityChange for WIFI: CONNECTED/CONNECTED
D/ConnectivityService(  308): handleConnectivityChange: address are the same reset per doReset linkProperty[1]: resetMask=0
D/ConnectivityService(  308): ConnectivityChange for WIFI: CONNECTED/CONNECTED
D/ConnectivityService(  308): handleConnectivityChange: address are the same reset per doReset linkProperty[1]: resetMask=0
D/ConnectivityService(  308): NetTransition Wakelock for WifiStateMachine released by timeout
D/ConnectivityService(  308): handleInetConditionHoldEnd: net=1, condition=100, published condition=0
W/ThrottleService(  308): unable to find stats for iface rmnet0
W/ThrottleService(  308): unable to find stats for iface rmnet0
W/ThrottleService(  308): unable to find stats for iface rmnet0
W/ThrottleService(  308): unable to find stats for iface rmnet0
W/ThrottleService(  308): unable to find stats for iface rmnet0
W/ThrottleService(  308): unable to find stats for iface rmnet0
W/ThrottleService(  308): unable to find stats for iface rmnet0
W/ThrottleService(  308): unable to find stats for iface rmnet0
D/ConnectivityService(  308): ConnectivityChange for WIFI: CONNECTED/CONNECTED
D/ConnectivityService(  308): handleConnectivityChange: address are the same reset per doReset linkProperty[1]: resetMask=0
D/ConnectivityService(  308): ConnectivityChange for WIFI: CONNECTED/CONNECTED
D/ConnectivityService(  308): handleConnectivityChange: address are the same reset per doReset linkProperty[1]: resetMask=0
D/ConnectivityService(  308): NetTransition Wakelock for WifiStateMachine released by timeout
D/ConnectivityService(  308): handleInetConditionHoldEnd: net=1, condition=100, published condition=0
W/ThrottleService(  308): unable to find stats for iface rmnet0
W/ThrottleService(  308): unable to find stats for iface rmnet0
W/ThrottleService(  308): unable to find stats for iface rmnet0
W/ThrottleService(  308): unable to find stats for iface rmnet0
W/ThrottleService(  308): unable to find stats for iface rmnet0
W/ThrottleService(  308): unable to find stats for iface rmnet0
W/ThrottleService(  308): unable to find stats for iface rmnet0
D/ConnectivityService(  308): ConnectivityChange for WIFI: CONNECTED/CONNECTED
D/ConnectivityService(  308): handleConnectivityChange: address are the same reset per doReset linkProperty[1]: resetMask=0
D/ConnectivityService(  308): ConnectivityChange for WIFI: CONNECTED/CONNECTED
D/ConnectivityService(  308): handleConnectivityChange: address are the same reset per doReset linkProperty[1]: resetMask=0
D/ConnectivityService(  308): NetTransition Wakelock for WifiStateMachine released by timeout
W/ThrottleService(  308): unable to find stats for iface rmnet0
D/ConnectivityService(  308): handleInetConditionHoldEnd: net=1, condition=100, published condition=0
W/ThrottleService(  308): unable to find stats for iface rmnet0
W/ThrottleService(  308): unable to find stats for iface rmnet0
W/ThrottleService(  308): unable to find stats for iface rmnet0
W/ThrottleService(  308): unable to find stats for iface rmnet0
W/ThrottleService(  308): unable to find stats for iface rmnet0
W/ThrottleService(  308): unable to find stats for iface rmnet0
W/ThrottleService(  308): unable to find stats for iface rmnet0
D/ConnectivityService(  308): ConnectivityChange for WIFI: CONNECTED/CONNECTED
D/ConnectivityService(  308): handleConnectivityChange: address are the same reset per doReset linkProperty[1]: resetMask=0
D/ConnectivityService(  308): ConnectivityChange for WIFI: CONNECTED/CONNECTED
D/ConnectivityService(  308): handleConnectivityChange: address are the same reset per doReset linkProperty[1]: resetMask=0
D/ConnectivityService(  308): NetTransition Wakelock for WifiStateMachine released by timeout
W/ThrottleService(  308): unable to find stats for iface rmnet0
D/ConnectivityService(  308): handleInetConditionHoldEnd: net=1, condition=100, published condition=0
W/ThrottleService(  308): unable to find stats for iface rmnet0
W/ThrottleService(  308): unable to find stats for iface rmnet0
W/ThrottleService(  308): unable to find stats for iface rmnet0
W/ThrottleService(  308): unable to find stats for iface rmnet0
W/ThrottleService(  308): unable to find stats for iface rmnet0
W/ThrottleService(  308): unable to find stats for iface rmnet0
W/ThrottleService(  308): unable to find stats for iface rmnet0
D/ConnectivityService(  308): ConnectivityChange for WIFI: CONNECTED/CONNECTED
D/ConnectivityService(  308): handleConnectivityChange: address are the same reset per doReset linkProperty[1]: resetMask=0
D/ConnectivityService(  308): ConnectivityChange for WIFI: CONNECTED/CONNECTED
D/ConnectivityService(  308): handleConnectivityChange: address are the same reset per doReset linkProperty[1]: resetMask=0
D/ConnectivityService(  308): NetTransition Wakelock for WifiStateMachine released by timeout
D/ConnectivityService(  308): handleInetConditionHoldEnd: net=1, condition=100, published condition=0
W/ThrottleService(  308): unable to find stats for iface rmnet0
W/ThrottleService(  308): unable to find stats for iface rmnet0
W/ThrottleService(  308): unable to find stats for iface rmnet0
W/ThrottleService(  308): unable to find stats for iface rmnet0
W/ThrottleService(  308): unable to find stats for iface rmnet0
W/ThrottleService(  308): unable to find stats for iface rmnet0
I/ActivityManager(  308): Start proc com.google.android.inputmethod.latin.dictionarypack for broadcast com.google.android.inputmethod.latin.dictionarypack/.EventHandler: pid=4065 uid=10026 gids={3003, 1015, 1028}
I/ActivityManager(  308): No longer want com.google.android.deskclock (pid 1307): hidden #16
W/ThrottleService(  308): unable to find stats for iface rmnet0
W/ThrottleService(  308): unable to find stats for iface rmnet0
D/ConnectivityService(  308): ConnectivityChange for WIFI: CONNECTED/CONNECTED
D/ConnectivityService(  308): handleConnectivityChange: address are the same reset per doReset linkProperty[1]: resetMask=0
D/ConnectivityService(  308): ConnectivityChange for WIFI: CONNECTED/CONNECTED
D/ConnectivityService(  308): handleConnectivityChange: address are the same reset per doReset linkProperty[1]: resetMask=0
D/ConnectivityService(  308): NetTransition Wakelock for WifiStateMachine released by timeout
D/ConnectivityService(  308): handleInetConditionHoldEnd: net=1, condition=100, published condition=0
W/ThrottleService(  308): unable to find stats for iface rmnet0
W/ThrottleService(  308): unable to find stats for iface rmnet0
W/ThrottleService(  308): unable to find stats for iface rmnet0
W/ThrottleService(  308): unable to find stats for iface rmnet0
W/ThrottleService(  308): unable to find stats for iface rmnet0
W/ThrottleService(  308): unable to find stats for iface rmnet0
W/ThrottleService(  308): unable to find stats for iface rmnet0
W/ThrottleService(  308): unable to find stats for iface rmnet0
D/ConnectivityService(  308): ConnectivityChange for WIFI: CONNECTED/CONNECTED
D/ConnectivityService(  308): handleConnectivityChange: address are the same reset per doReset linkProperty[1]: resetMask=0
D/ConnectivityService(  308): ConnectivityChange for WIFI: CONNECTED/CONNECTED
D/ConnectivityService(  308): handleConnectivityChange: address are the same reset per doReset linkProperty[1]: resetMask=0
D/ConnectivityService(  308): NetTransition Wakelock for WifiStateMachine released by timeout
W/ThrottleService(  308): unable to find stats for iface rmnet0
D/ConnectivityService(  308): handleInetConditionHoldEnd: net=1, condition=100, published condition=0
W/ThrottleService(  308): unable to find stats for iface rmnet0
W/ThrottleService(  308): unable to find stats for iface rmnet0
W/ThrottleService(  308): unable to find stats for iface rmnet0
W/ThrottleService(  308): unable to find stats for iface rmnet0
W/ThrottleService(  308): unable to find stats for iface rmnet0
W/ThrottleService(  308): unable to find stats for iface rmnet0
W/ThrottleService(  308): unable to find stats for iface rmnet0
D/ConnectivityService(  308): ConnectivityChange for WIFI: CONNECTED/CONNECTED
D/ConnectivityService(  308): handleConnectivityChange: address are the same reset per doReset linkProperty[1]: resetMask=0
D/ConnectivityService(  308): ConnectivityChange for WIFI: CONNECTED/CONNECTED
D/ConnectivityService(  308): handleConnectivityChange: address are the same reset per doReset linkProperty[1]: resetMask=0
D/ConnectivityService(  308): NetTransition Wakelock for WifiStateMachine released by timeout
D/ConnectivityService(  308): handleInetConditionHoldEnd: net=1, condition=100, published condition=0
W/ThrottleService(  308): unable to find stats for iface rmnet0
W/ThrottleService(  308): unable to find stats for iface rmnet0
W/ThrottleService(  308): unable to find stats for iface rmnet0
W/ThrottleService(  308): unable to find stats for iface rmnet0
W/ThrottleService(  308): unable to find stats for iface rmnet0
W/ThrottleService(  308): unable to find stats for iface rmnet0
W/ThrottleService(  308): unable to find stats for iface rmnet0
W/ThrottleService(  308): unable to find stats for iface rmnet0
D/ConnectivityService(  308): ConnectivityChange for WIFI: CONNECTED/CONNECTED
