I/APP     (11228): I 11/18/2012 11:55:15:384 00002bf4              RhoRuby| require_compiled: rho/rhotabbar
I/APP     (11228): I 11/18/2012 11:55:15:387 00002bf4              RhoRuby| require_compiled: rho/rhotoolbar
I/APP     (11228): I 11/18/2012 11:55:15:389 00002bf4                  APP| Current locale: ; Country code: 
I/APP     (11228): I 11/18/2012 11:55:15:390 00002bf4                  APP| Locilized file: /data/data/com.rhomobile.memopad/rhodata/lib/rholang/lang_
I/APP     (11228): I 11/18/2012 11:55:15:391 00002bf4                  APP| Could not find resources for locale: ja;file: /data/data/com.rhomobile.memopad/rhodata/lib/rholang/lang_
I/APP     (11228): I 11/18/2012 11:55:15:391 00002bf4                  APP| Load english resources.
I/APP     (11228): I 11/18/2012 11:55:15:392 00002bf4              RhoRuby| require_compiled: /data/data/com.rhomobile.memopad/rhodata/lib/rholang/lang_en
I/APP     (11228): I 11/18/2012 11:55:15:395 00002bf4                  APP| Locilized file: /data/data/com.rhomobile.memopad/rhodata/apps/app/lang/lang_
I/APP     (11228): I 11/18/2012 11:55:15:395 00002bf4                  APP| Could not find resources for locale: ja;file: /data/data/com.rhomobile.memopad/rhodata/apps/app/lang/lang_
I/APP     (11228): I 11/18/2012 11:55:15:398 00002bf4                  APP| Locilized file: /data/data/com.rhomobile.memopad/rhodata/lib/rholang/rhoerror_
I/APP     (11228): I 11/18/2012 11:55:15:399 00002bf4                  APP| Could not find resources for locale: ja;file: /data/data/com.rhomobile.memopad/rhodata/lib/rholang/rhoerror_
I/APP     (11228): I 11/18/2012 11:55:15:400 00002bf4                  APP| Load english resources.
I/APP     (11228): I 11/18/2012 11:55:15:400 00002bf4              RhoRuby| require_compiled: /data/data/com.rhomobile.memopad/rhodata/lib/rholang/rhoerror_en
I/APP     (11228): I 11/18/2012 11:55:15:403 00002bf4                  APP| Locilized file: /data/data/com.rhomobile.memopad/rhodata/lib/rholang/rhomsg_
I/APP     (11228): I 11/18/2012 11:55:15:404 00002bf4                  APP| Could not find resources for locale: ja;file: /data/data/com.rhomobile.memopad/rhodata/lib/rholang/rhomsg_
I/APP     (11228): I 11/18/2012 11:55:15:404 00002bf4                  APP| Load english resources.
I/APP     (11228): I 11/18/2012 11:55:15:405 00002bf4              RhoRuby| require_compiled: /data/data/com.rhomobile.memopad/rhodata/lib/rholang/rhomsg_en
I/APP     (11228): I 11/18/2012 11:55:15:408 00002bf4              RhoRuby| require_compiled: indifferent_access
I/APP     (11228): I 11/18/2012 11:55:15:414 00002bf4              RhoRuby| require_compiled: rho/rhosupport
I/APP     (11228): I 11/18/2012 11:55:15:423 00002bf4              RhoRuby| require_compiled: rho/rhocontroller
I/APP     (11228): I 11/18/2012 11:55:15:428 00002bf4              RhoRuby| require_compiled: rho/render
I/APP     (11228): I 11/18/2012 11:55:15:453 00002bf4              RhoRuby| require_compiled: rho/rho
D/dalvikvm(  589): GC_CONCURRENT freed 1618K, 56% free 16006K/36231K, paused 13ms+64ms, total 188ms
I/APP     (11228): I 11/18/2012 11:55:15:510 00002bf4              RhoRuby| require_compiled: rho/rhoerror
I/APP     (11228): I 11/18/2012 11:55:15:512 00002bf4              RhoRuby| require_compiled: rhom/rhom_source
I/APP     (11152): I 11/18/2012 11:55:15:514 00002b90    RhodesApplication| New AppState: AppDeactivated
I/APP     (11152): I 11/18/2012 11:55:15:515 00002b90        RhodesService| activityStopped() temporary release wakeLock object
I/APP     (11152): I 11/18/2012 11:55:15:515 00002b90            RhodesApp| callAppActiveCallback
I/APP     (11152): I 11/18/2012 11:55:15:516 00002b90         AppCallbacks| addCommand: APP-DEACTIVATED
I/APP     (11152): I 11/18/2012 11:55:15:517 00002ba6         AppCallbacks| process command: APP-DEACTIVATED
I/APP     (11152): I 11/18/2012 11:55:15:518 00002ba6         AppCallbacks| ThreadQueue blocked for 4294967295 seconds...
I/APP     (11152): I 11/18/2012 11:55:15:519 00002ba8           HttpServer| Process URI: '/system/deactivateapp'
I/APP     (11152): I 11/18/2012 11:55:15:519 00002ba8                  APP| Application deactivate failed: #<NoMethodError: undefined method `+' for nil:NilClass>;Trace: apps/app/application.rb:27:in `on_deactivate_app'
I/APP     (11152): lib/rho/rho.rb:166:in `deactivate_app'
I/APP     (11152): I 11/18/2012 11:55:15:521 00002b90       RhodesActivity| onStop
I/APP     (11228): I 11/18/2012 11:55:15:525 00002bf4              RhoRuby| require_compiled: rho/rhoviewhelpers
I/APP     (11228): I 11/18/2012 11:55:15:530 00002bf4              RhoRuby| require_compiled: rho
I/APP     (11228): I 11/18/2012 11:55:15:531 00002bf4                  APP| RHO loaded
I/APP     (11228): I 11/18/2012 11:55:15:531 00002bf4                  APP| Calling RHO.initialize
I/APP     (11228): I 11/18/2012 11:55:15:534 00002bf4                  APP| model file: MemoPad/memo_pad
I/APP     (11228): I 11/18/2012 11:55:15:536 00002bf4                   DB| Open DB: /data/data/com.rhomobile.memopad/rhodata/db/syncdbuser.sqlite
I/APP     (11228): I 11/18/2012 11:55:15:929 00002bf4          GeoLocation| Creating singleton instance.
I/APP     (11228): I 11/18/2012 11:55:15:930 00002bf4            RhodesApp| Starting sync engine...
I/APP     (11228): I 11/18/2012 11:55:15:931 00002bf4                 Sync| sync_poll_interval: 0
I/APP     (11228): I 11/18/2012 11:55:15:932 00002bf4                 Sync| syncserver: 
I/APP     (11228): I 11/18/2012 11:55:15:934 00002bf4                 Sync| bulksync_state: 0
I/APP     (11228): I 11/18/2012 11:55:15:935 00002bf4            RhodesApp| RhoRubyInitApp...
I/APP     (11228): I 11/18/2012 11:55:15:935 00002bf4                  APP| init_app
I/APP     (11228): I 11/18/2012 11:55:15:937 00002bf4              RhoRuby| require_compiled: application
I/APP     (11228): I 11/18/2012 11:55:15:942 00002bf4                 Sync| Set notification. Source ID: -1;Url :http://localhost:59844/app/Settings/sync_notify; Params: 
I/APP     (11228): I 11/18/2012 11:55:15:942 00002bf4           HttpServer| Start HTTP server
I/APP     (11228): I 11/18/2012 11:55:15:943 00002bf4           HttpServer| Listen for connections on port 59844
I/APP     (11228): I 11/18/2012 11:55:15:944 00002bf4         AppCallbacks| addCommand: LOCAL-SERVER-STARTED
I/APP     (11228): I 11/18/2012 11:55:15:945 00002bf2         AppCallbacks| process command: LOCAL-SERVER-STARTED
I/APP     (11228): I 11/18/2012 11:55:15:946 00002bf2 RhodesAppActiveObserver| Ready
I/APP     (11228): I 11/18/2012 11:55:15:950 00002bdc AndroidFunctionality| Disable WebView zoom
I/APP     (11228): I 11/18/2012 11:55:15:951 00002bf2    RhodesApplication| New AppState: AppActivated
I/APP     (11228): I 11/18/2012 11:55:15:952 00002bf2         AppCallbacks| process command: UI-CREATED
I/APP     (11228): I 11/18/2012 11:55:15:951 00002bdc AndroidFunctionality| Set web plugins state 'OFF'
I/APP     (11228): I 11/18/2012 11:55:15:970 00002bf4           HttpServer| Process URI: '/system/uicreated'
I/APP     (11228): I 11/18/2012 11:55:15:971 00002bf4                  APP| on_ui_created.navigate to start url: '/app'
I/APP     (11228): I 11/18/2012 11:55:15:978 00002bf2         AppCallbacks| process command: APP-ACTIVATED
I/APP     (11228): I 11/18/2012 11:55:15:984 00002bf4           HttpServer| Process URI: '/system/activateapp'
I/APP     (11228): I 11/18/2012 11:55:15:989 00002bf2         AppCallbacks| ThreadQueue blocked for 4294967295 seconds...
I/APP     (11228): I 11/18/2012 11:55:16:053 00002bdc         SplashScreen| navigate: url=http://localhost:59844/app
I/APP     (11228): I 11/18/2012 11:55:16:053 00002bdc         SplashScreen| DELAY for SplashScreen = 0
I/APP     (11228): I 11/18/2012 11:55:16:122 00002bdc        GoogleWebView| Creating new RhoWebChromeClient
I/APP     (11228): I 11/18/2012 11:55:16:123 00002bdc       SimpleMainView| Cleared URL: http://localhost:59844/app
V/SimpleMainView.View(11228): ms[1353207316127]  Main Window :: onSizeChanged() old [ 720 x 1134 ]  new [ 0 x 0 ]
I/APP     (11228): I 11/18/2012 11:55:16:138 00002bdc        GoogleWebView| Setting RhoWebChromeClient
I/APP     (11228): I 11/18/2012 11:55:16:335 00002bf4           HttpServer| Process URI: '/app'
I/APP     (11228): I 11/18/2012 11:55:16:362 00002bdc     RhoWebViewClient| Loading URL: http://localhost:59844/app/index_erb.iseq
I/APP     (11228): I 11/18/2012 11:55:16:370 00002bf4           HttpServer| Process URI: '/app/index_erb.iseq'
I/APP     (11228): I 11/18/2012 11:55:16:372 00002bf4                  APP| RHO serve_index: /app/index_erb.iseq
I/APP     (11228): I 11/18/2012 11:55:16:374 00002bf4 RHO Rho::RhoController| inst_render_index
I/APP     (11228): I 11/18/2012 11:55:16:382 00002bf4 RHO Rho::RhoController| index layout
I/APP     (11228): I 11/18/2012 11:55:16:402 00002bf4           HttpServer| GC Start.
I/APP     (11228): I 11/18/2012 11:55:16:438 00002bf4           HttpServer| GC End.
I/APP     (11228): I 11/18/2012 11:55:16:501 00002bf4           HttpServer| Process URI: '/public/jquery/jquery-1.6.4.min.js'
I/APP     (11228): I 11/18/2012 11:55:16:527 00002bf4           HttpServer| Process URI: '/public/jquery/jquery.json-2.3.min.js'
I/APP     (11228): I 11/18/2012 11:55:16:541 00002bf4           HttpServer| Process URI: '/public/jqmobile/jquery.mobile-1.0.1.min.css'
D/dalvikvm(11228): GC_CONCURRENT freed 585K, 5% free 13660K/14343K, paused 12ms+3ms, total 51ms
I/APP     (11228): I 11/18/2012 11:55:16:565 00002bf4           HttpServer| Process URI: '/public/css/jqmobile-patch.css'
D/webviewglue(11228): nativeDestroy view: 0x57fcd4f0
I/APP     (11228): I 11/18/2012 11:55:16:570 00002bf4           HttpServer| Process URI: '/public/jqmobile/jquery.mobile-1.0.1.min.js'
I/APP     (11228): I 11/18/2012 11:55:16:580 00002bf4           HttpServer| Process URI: '/public/js/jqmobile-patch.js'
I/APP     (11228): I 11/18/2012 11:55:16:586 00002bf4           HttpServer| Process URI: '/public/css/android.css'
I/APP     (11228): I 11/18/2012 11:55:17:350 00002bf4           HttpServer| Process URI: '/public/jqmobile/images/icons-36-white.png'
D/dalvikvm(  828): GC_CONCURRENT freed 419K, 6% free 11421K/12039K, paused 13ms+3ms, total 41ms
D/Finsky  (  828): [1] 5.onFinished: Installation state replication succeeded.
W/ThrottleService(  308): unable to find stats for iface rmnet0
D/dalvikvm(  308): GC_CONCURRENT freed 1620K, 18% free 18280K/22279K, paused 6ms+8ms, total 83ms
W/ThrottleService(  308): unable to find stats for iface rmnet0
I/ActivityManager(  308): No longer want com.google.android.calendar (pid 9404): hidden #16
D/dalvikvm(  308): GC_CONCURRENT freed 1787K, 19% free 18263K/22279K, paused 22ms+8ms, total 103ms
W/ThrottleService(  308): unable to find stats for iface rmnet0
D/dalvikvm(  308): GC_CONCURRENT freed 1779K, 19% free 18242K/22279K, paused 7ms+8ms, total 96ms
I/EventLogService(  642): Aggregate from 1353207244440 (log), 1353207244440 (data)
D/dalvikvm(  642): GC_CONCURRENT freed 429K, 6% free 11525K/12167K, paused 13ms+3ms, total 40ms
I/ActivityManager(  308): No longer want com.rhomobile.rhodessystemapisamples (pid 9458): hidden #16
W/ActivityManager(  308): Scheduling restart of crashed service com.rhomobile.rhodessystemapisamples/com.rhomobile.rhodes.RhodesService in 5000ms
I/ActivityManager(  308): Start proc com.rhomobile.rhodessystemapisamples for service com.rhomobile.rhodessystemapisamples/com.rhomobile.rhodes.RhodesService: pid=11268 uid=10070 gids={3003, 1006, 3001, 3002, 1015, 1028}
I/dalvikvm(11268): Turning on JNI app bug workarounds for target SDK version 4...
D/dalvikvm(11268): Trying to load lib /data/data/com.rhomobile.rhodessystemapisamples/lib/librhodes.so 0x416b79c8
D/dalvikvm(11268): Added shared lib /data/data/com.rhomobile.rhodessystemapisamples/lib/librhodes.so 0x416b79c8
D/dalvikvm(11268): Trying to load lib /data/data/com.rhomobile.rhodessystemapisamples/lib/librhodes.so 0x416b79c8
D/dalvikvm(11268): Shared lib '/data/data/com.rhomobile.rhodessystemapisamples/lib/librhodes.so' already loaded in same CL 0x416b79c8
I/ActivityThread(11268): Pub com.rhomobile.rhodessystemapisamples: com.rhomobile.rhodes.LocalFileProvider
I/RhodesApplication(11268): Initializing...
D/RhoFileApi(11268): App root path: /data/data/com.rhomobile.rhodessystemapisamples/rhodata/
D/RhoFileApi(11268): Sqlite journals path: /data/data/com.rhomobile.rhodessystemapisamples/sqlite_stmt_journals/
D/RhoFileApi(11268): Shared path: /data/data/com.rhomobile.rhodessystemapisamples/rhodata/
D/RhodesApplication(11268): Root path: /data/data/com.rhomobile.rhodessystemapisamples/rhodata/
I/RhoFileApi(11268): Opening stat table from FS: /data/data/com.rhomobile.rhodessystemapisamples/rhodata/rho.dat
D/dalvikvm(11268): GC_CONCURRENT freed 269K, 3% free 11013K/11335K, paused 13ms+2ms, total 29ms
D/dalvikvm(11268): WAIT_FOR_CONCURRENT_GC blocked 4ms
I/APP     (11268): I 11/18/2012 12:25:21:530 00002c04    RhodesApplication| Initialized
I/APP     (11268): I 11/18/2012 12:25:21:531 00002c04        RhodesService| onCreate
I/APP     (11268): I 11/18/2012 12:25:21:532 00002c04    LocalFileProvider| Revoke URI permissions: content:///com.rhomobile.rhodessystemapisamples
I/APP     (11268): I 11/18/2012 12:25:21:533 00002c04               Rhodes| Loading...
I/APP     (11268): I 11/18/2012 12:25:21:533 00002c04            RhodesApp| Trying to get free listening port.
I/APP     (11268): I 11/18/2012 12:25:21:534 00002c04            RhodesApp| Trying to bind of 0 port...
I/APP     (11268): I 11/18/2012 12:25:21:534 00002c10         AppCallbacks| Starting main routine...
I/APP     (11268): I 11/18/2012 12:25:21:534 00002c10         AppCallbacks| ThreadQueue blocked for 4294967295 seconds...
I/APP     (11268): I 11/18/2012 12:25:21:534 00002c04            RhodesApp| Got port to bind on: 44458
I/APP     (11268): I 11/18/2012 12:25:21:534 00002c04            RhodesApp| Free listening port: 44458
I/APP     (11268): I 11/18/2012 12:25:21:536 00002c04        RhodesService| Push is disabled
I/APP     (11268): I 11/18/2012 12:25:21:537 00002c11            RhodesApp| Starting RhodesApp main routine...
D/RhodesService(11268): +++ onStartCommand
W/ActivityManager(  308): No content provider found for permission revoke: content:///com.rhomobile.rhodessystemapisamples
I/APP     (11268): I 11/18/2012 12:25:21:569 00002c11              RhoRuby| Init_RhoBlobs: /data/data/com.rhomobile.rhodessystemapisamples/rhodata/db/db-files
I/APP     (11268): I 11/18/2012 12:25:21:576 00002c11              RhoRuby| require_compiled: digest
I/APP     (11268): I 11/18/2012 12:25:21:579 00002c11              RhoRuby| require_compiled: digest.so
I/APP     (11268): I 11/18/2012 12:25:21:606 00002c11              RhoRuby| require_compiled: rhoframework
I/APP     (11268): I 11/18/2012 12:25:21:611 00002c11              RhoRuby| require_compiled: rational
I/APP     (11268): I 11/18/2012 12:25:21:613 00002c11              RhoRuby| require_compiled: rhom/rhom_db_adapter
I/APP     (11268): I 11/18/2012 12:25:21:623 00002c11              RhoRuby| require_compiled: rhodes
I/APP     (11268): I 11/18/2012 12:25:21:624 00002c11              RhoRuby| require_compiled: rhom/rhom_object
I/APP     (11268): I 11/18/2012 12:25:21:626 00002c11              RhoRuby| require_compiled: rhofsconnector
I/APP     (11268): I 11/18/2012 12:25:21:627 00002c11              RhoRuby| require_compiled: rho/rhofsconnector
I/APP     (11268): I 11/18/2012 12:25:21:631 00002c11              RhoRuby| require_compiled: rhom/rhom_object_factory
I/APP     (11268): I 11/18/2012 12:25:21:670 00002c11              RhoRuby| require_compiled: rhom/rhom
I/APP     (11268): I 11/18/2012 12:25:21:678 00002c11              RhoRuby| require_compiled: rhom/rhom_model
I/APP     (11268): I 11/18/2012 12:25:21:683 00002c11              RhoRuby| require_compiled: rhom
I/APP     (11268): I 11/18/2012 12:25:21:684 00002c11              RhoRuby| require_compiled: rho/rhoapplication
I/APP     (11268): I 11/18/2012 12:25:21:691 00002c11              RhoRuby| require_compiled: rholang/localization_simplified
I/APP     (11268): I 11/18/2012 12:25:21:697 00002c11              RhoRuby| require_compiled: rho/rhomsg
I/APP     (11268): I 11/18/2012 12:25:21:698 00002c11              RhoRuby| require_compiled: rho/rhotabbar
I/APP     (11268): I 11/18/2012 12:25:21:700 00002c11              RhoRuby| require_compiled: rho/rhotoolbar
I/APP     (11268): I 11/18/2012 12:25:21:702 00002c11                  APP| Current locale: ; Country code: 
I/APP     (11268): I 11/18/2012 12:25:21:702 00002c11                  APP| Locilized file: /data/data/com.rhomobile.rhodessystemapisamples/rhodata/lib/rholang/lang_
I/APP     (11268): I 11/18/2012 12:25:21:702 00002c11                  APP| Could not find resources for locale: ja;file: /data/data/com.rhomobile.rhodessystemapisamples/rhodata/lib/rholang/lang_
I/APP     (11268): I 11/18/2012 12:25:21:703 00002c11                  APP| Load english resources.
I/APP     (11268): I 11/18/2012 12:25:21:703 00002c11              RhoRuby| require_compiled: /data/data/com.rhomobile.rhodessystemapisamples/rhodata/lib/rholang/lang_en
I/APP     (11268): I 11/18/2012 12:25:21:706 00002c11                  APP| Locilized file: /data/data/com.rhomobile.rhodessystemapisamples/rhodata/apps/app/lang/lang_
I/APP     (11268): I 11/18/2012 12:25:21:706 00002c11                  APP| Could not find resources for locale: ja;file: /data/data/com.rhomobile.rhodessystemapisamples/rhodata/apps/app/lang/lang_
I/APP     (11268): I 11/18/2012 12:25:21:706 00002c11                  APP| Load english resources.
I/APP     (11268): I 11/18/2012 12:25:21:707 00002c11              RhoRuby| require_compiled: /data/data/com.rhomobile.rhodessystemapisamples/rhodata/apps/app/lang/lang_en
I/APP     (11268): I 11/18/2012 12:25:21:708 00002c11                  APP| Locilized file: /data/data/com.rhomobile.rhodessystemapisamples/rhodata/lib/rholang/rhoerror_
I/APP     (11268): I 11/18/2012 12:25:21:708 00002c11                  APP| Could not find resources for locale: ja;file: /data/data/com.rhomobile.rhodessystemapisamples/rhodata/lib/rholang/rhoerror_
I/APP     (11268): I 11/18/2012 12:25:21:708 00002c11                  APP| Load english resources.
I/APP     (11268): I 11/18/2012 12:25:21:708 00002c11              RhoRuby| require_compiled: /data/data/com.rhomobile.rhodessystemapisamples/rhodata/lib/rholang/rhoerror_en
I/APP     (11268): I 11/18/2012 12:25:21:710 00002c11                  APP| Locilized file: /data/data/com.rhomobile.rhodessystemapisamples/rhodata/lib/rholang/rhomsg_
I/APP     (11268): I 11/18/2012 12:25:21:711 00002c11                  APP| Could not find resources for locale: ja;file: /data/data/com.rhomobile.rhodessystemapisamples/rhodata/lib/rholang/rhomsg_
I/APP     (11268): I 11/18/2012 12:25:21:711 00002c11                  APP| Load english resources.
I/APP     (11268): I 11/18/2012 12:25:21:711 00002c11              RhoRuby| require_compiled: /data/data/com.rhomobile.rhodessystemapisamples/rhodata/lib/rholang/rhomsg_en
I/APP     (11268): I 11/18/2012 12:25:21:713 00002c11              RhoRuby| require_compiled: indifferent_access
I/APP     (11268): I 11/18/2012 12:25:21:718 00002c11              RhoRuby| require_compiled: rho/rhosupport
I/APP     (11268): I 11/18/2012 12:25:21:727 00002c11              RhoRuby| require_compiled: rho/rhocontroller
D/dalvikvm(11268): GC_CONCURRENT freed 421K, 5% free 11010K/11527K, paused 2ms+1ms, total 13ms
I/APP     (11268): I 11/18/2012 12:25:21:732 00002c11              RhoRuby| require_compiled: rho/render
I/APP     (11268): I 11/18/2012 12:25:21:744 00002c11              RhoRuby| require_compiled: rho/rho
I/APP     (11268): I 11/18/2012 12:25:21:784 00002c11              RhoRuby| require_compiled: rho/rhoerror
I/APP     (11268): I 11/18/2012 12:25:21:786 00002c11              RhoRuby| require_compiled: rhom/rhom_source
I/APP     (11268): I 11/18/2012 12:25:21:792 00002c11              RhoRuby| require_compiled: rhodes_translator
I/APP     (11268): I 11/18/2012 12:25:21:793 00002c11              RhoRuby| require_compiled: rhodes_translator/translator
I/APP     (11268): I 11/18/2012 12:25:21:795 00002c11              RhoRuby| require_compiled: rhodes_translator/binding
I/APP     (11268): I 11/18/2012 12:25:21:799 00002c11              RhoRuby| require_compiled: rhodes_translator/validation
I/APP     (11268): I 11/18/2012 12:25:21:802 00002c11              RhoRuby| require_compiled: rho/rhoviewhelpers
I/APP     (11268): I 11/18/2012 12:25:21:807 00002c11              RhoRuby| require_compiled: rho
I/APP     (11268): I 11/18/2012 12:25:21:808 00002c11                  APP| RHO loaded
I/APP     (11268): I 11/18/2012 12:25:21:808 00002c11                  APP| Calling RHO.initialize
I/APP     (11268): I 11/18/2012 12:25:21:809 00002c11                  APP| model file: BarcodeRecognizer/barcode_recognizer
I/APP     (11268): I 11/18/2012 12:25:21:809 00002c11                  APP| model file: Blob/blob
I/APP     (11268): I 11/18/2012 12:25:21:809 00002c11                  APP| model file: Image/image
I/APP     (11268): I 11/18/2012 12:25:21:809 00002c11                  APP| model file: Metadata/metadata
I/APP     (11268): I 11/18/2012 12:25:21:810 00002c11                  APP| model file: SignatureInline/signature_inline
I/APP     (11268): I 11/18/2012 12:25:21:810 00002c11                  APP| model file: SignatureUtil/signature_util
I/APP     (11268): I 11/18/2012 12:25:21:810 00002c11                  APP| model file: UIFormDemo/u_i_form_demo
I/APP     (11268): I 11/18/2012 12:25:21:811 00002c11                   DB| Open DB: /data/data/com.rhomobile.rhodessystemapisamples/rhodata/db/syncdbuser.sqlite
I/APP     (11268): I 11/18/2012 12:25:21:812 00002c11          GeoLocation| Creating singleton instance.
I/APP     (11268): I 11/18/2012 12:25:21:812 00002c11            RhodesApp| Starting sync engine...
I/APP     (11268): I 11/18/2012 12:25:21:812 00002c11                 Sync| sync_poll_interval: 0
I/APP     (11268): I 11/18/2012 12:25:21:812 00002c11                 Sync| syncserver: http://rhodes-samples-server.heroku.com/application
I/APP     (11268): I 11/18/2012 12:25:21:813 00002c11                 Sync| bulksync_state: 0
I/APP     (11268): I 11/18/2012 12:25:21:813 00002c11            RhodesApp| RhoRubyInitApp...
I/APP     (11268): I 11/18/2012 12:25:21:813 00002c11                  APP| init_app
I/APP     (11268): I 11/18/2012 12:25:21:813 00002c13                 Sync| Starting main routine...
I/APP     (11268): I 11/18/2012 12:25:21:814 00002c11              RhoRuby| require_compiled: application
I/APP     (11268): I 11/18/2012 12:25:21:817 00002c11                 Sync| Set notification. Source ID: -1;Url :http://localhost:44458/app/Settings/sync_notify; Params: 
I/APP     (11268): I 11/18/2012 12:25:21:817 00002c11           HttpServer| Start HTTP server
I/APP     (11268): I 11/18/2012 12:25:21:817 00002c13                 Sync| ThreadQueue blocked for 4294967295 seconds...
I/APP     (11268): I 11/18/2012 12:25:21:817 00002c11           HttpServer| Listen for connections on port 44458
I/APP     (11268): I 11/18/2012 12:25:21:818 00002c11         AppCallbacks| addCommand: LOCAL-SERVER-STARTED
I/APP     (11268): I 11/18/2012 12:25:21:818 00002c10         AppCallbacks| process command: LOCAL-SERVER-STARTED
I/APP     (11268): I 11/18/2012 12:25:21:818 00002c10 RhodesAppActiveObserver| Ready
I/APP     (11268): I 11/18/2012 12:25:21:819 00002c10    RhodesApplication| New AppState: AppStarted
I/APP     (11268): I 11/18/2012 12:25:21:819 00002c10         AppCallbacks| ThreadQueue blocked for 4294967295 seconds...
W/ThrottleService(  308): unable to find stats for iface rmnet0
D/dalvikvm(  498): GC_CONCURRENT freed 849K, 15% free 13568K/15879K, paused 5ms+4ms, total 45ms
D/dalvikvm(  308): GC_CONCURRENT freed 1729K, 19% free 18260K/22279K, paused 6ms+8ms, total 83ms
W/ThrottleService(  308): unable to find stats for iface rmnet0
D/PermissionCache(  123): checking android.permission.READ_FRAME_BUFFER for uid=2000 => granted (305 us)
D/dalvikvm(  308): GC_CONCURRENT freed 1778K, 19% free 18236K/22279K, paused 7ms+8ms, total 94ms
D/MDnsDS  (  120): MDnsSdListener::Monitor poll timed out
D/MDnsDS  (  120): Going to poll with pollCount 1
D/DhcpInfoInternal(  308): makeLinkProperties with empty dns2!
D/DhcpInfoInternal(  308): makeLinkProperties with empty dns2!
D/ConnectivityService(  308): ConnectivityChange for WIFI: CONNECTED/CONNECTED
D/ConnectivityService(  308): handleConnectivityChange: address are the same reset per doReset linkProperty[1]: resetMask=0
D/ConnectivityService(  308): ConnectivityChange for WIFI: CONNECTED/CONNECTED
D/ConnectivityService(  308): handleConnectivityChange: address are the same reset per doReset linkProperty[1]: resetMask=0
D/ConnectivityService(  308): NetTransition Wakelock for WifiStateMachine released by timeout
D/Tethering(  308): MasterInitialState.processMessage what=3
D/Tethering(  308): MasterInitialState.processMessage what=3
D/PicasaSyncManager( 9513): active network: NetworkInfo: type: WIFI[], state: CONNECTED/CONNECTED, reason: (unspecified), extra: (none), roaming: false, failover: false, isAvailable: true
D/PicasaSyncManager( 9513): background data: true
D/PicasaUploaderSyncManager( 9529): active network: NetworkInfo: type: WIFI[], state: CONNECTED/CONNECTED, reason: (unspecified), extra: (none), roaming: false, failover: false, isAvailable: true
D/PicasaUploaderSyncManager( 9529): background data: true
D/dalvikvm( 9386): GC_CONCURRENT freed 286K, 4% free 11147K/11527K, paused 13ms+5ms, total 73ms
D/PicasaSyncManager( 9513): active network: NetworkInfo: type: WIFI[], state: CONNECTED/CONNECTED, reason: (unspecified), extra: (none), roaming: false, failover: false, isAvailable: true
D/PicasaSyncManager( 9513): background data: true
D/PicasaUploaderSyncManager( 9529): active network: NetworkInfo: type: WIFI[], state: CONNECTED/CONNECTED, reason: (unspecified), extra: (none), roaming: false, failover: false, isAvailable: true
D/PicasaUploaderSyncManager( 9529): background data: true
D/ConnectivityService(  308): handleInetConditionHoldEnd: net=1, condition=100, published condition=0
W/ThrottleService(  308): unable to find stats for iface rmnet0
D/dalvikvm(  308): GC_CONCURRENT freed 1766K, 19% free 18217K/22279K, paused 7ms+8ms, total 90ms
I/EventLogService(  642): Aggregate from 1353209044511 (log), 1353209044511 (data)
W/ThrottleService(  308): unable to find stats for iface rmnet0
D/dalvikvm(  308): GC_CONCURRENT freed 1718K, 19% free 18239K/22279K, paused 6ms+8ms, total 90ms
W/ThrottleService(  308): unable to find stats for iface rmnet0
D/dalvikvm(  308): GC_CONCURRENT freed 1779K, 19% free 18221K/22279K, paused 7ms+8ms, total 90ms
I/ActivityManager(  308): No longer want com.android.providers.calendar (pid 9423): hidden #16
W/ThrottleService(  308): unable to find stats for iface rmnet0
D/dalvikvm(  498): GC_CONCURRENT freed 799K, 15% free 13575K/15879K, paused 12ms+4ms, total 45ms
I/EventLogService(  642): Aggregate from 1353210844606 (log), 1353210844606 (data)
W/ThrottleService(  308): unable to find stats for iface rmnet0
D/dalvikvm(  308): GC_CONCURRENT freed 1746K, 19% free 18217K/22279K, paused 7ms+8ms, total 86ms
W/ThrottleService(  308): unable to find stats for iface rmnet0
D/dalvikvm(  308): GC_CONCURRENT freed 1754K, 19% free 18208K/22279K, paused 8ms+8ms, total 88ms
I/ActivityManager(  308): START {act=android.intent.action.MAIN cat=[android.intent.category.HOME] flg=0x10200000 cmp=com.android.launcher/com.android.launcher2.Launcher u=0} from pid 308
I/APP     (11228): I 11/18/2012 13:40:57:040 00002bdc AndroidFunctionality| Pause WebView
I/APP     (11228): I 11/18/2012 13:40:57:041 00002bdc       RhodesActivity| onPause
I/APP     (11228): I 11/18/2012 13:40:57:045 00002bf4           HttpServer| Process URI: '/system/uidestroyed'
I/APP     (11228): I 11/18/2012 13:40:57:049 00002bdc    RhodesApplication| New UiState: MainActivityPaused
W/IInputConnectionWrapper(11228): showStatusIcon on inactive InputConnection
I/APP     (11228): I 11/18/2012 13:40:57:783 00002bdc    RhodesApplication| New AppState: AppDeactivated
I/APP     (11228): I 11/18/2012 13:40:57:783 00002bdc        RhodesService| activityStopped() temporary release wakeLock object
I/APP     (11228): I 11/18/2012 13:40:57:784 00002bdc            RhodesApp| callAppActiveCallback
I/APP     (11228): I 11/18/2012 13:40:57:784 00002bdc         AppCallbacks| addCommand: APP-DEACTIVATED
I/APP     (11228): I 11/18/2012 13:40:57:784 00002bf2         AppCallbacks| process command: APP-DEACTIVATED
I/APP     (11228): I 11/18/2012 13:40:57:785 00002bf2         AppCallbacks| ThreadQueue blocked for 4294967295 seconds...
I/APP     (11228): I 11/18/2012 13:40:57:787 00002bf4           HttpServer| Process URI: '/system/deactivateapp'
I/APP     (11228): I 11/18/2012 13:40:57:789 00002bdc       RhodesActivity| onStop
I/ActivityManager(  308): No longer want com.android.keychain (pid 11076): hidden #16
D/dalvikvm(  308): GC_CONCURRENT freed 1735K, 19% free 18218K/22279K, paused 8ms+8ms, total 86ms
D/dalvikvm(  308): GC_CONCURRENT freed 1715K, 19% free 18251K/22279K, paused 6ms+8ms, total 85ms
D/dalvikvm(  308): GC_CONCURRENT freed 1754K, 19% free 18253K/22279K, paused 6ms+9ms, total 93ms
D/dalvikvm(  308): GC_CONCURRENT freed 1759K, 19% free 18252K/22279K, paused 6ms+8ms, total 99ms
D/dalvikvm(  308): GC_CONCURRENT freed 1756K, 19% free 18254K/22279K, paused 7ms+8ms, total 91ms
D/dalvikvm(  308): GC_CONCURRENT freed 1756K, 19% free 18253K/22279K, paused 7ms+9ms, total 84ms
D/dalvikvm(  308): GC_CONCURRENT freed 1756K, 19% free 18255K/22279K, paused 18ms+9ms, total 102ms
D/dalvikvm(  308): GC_CONCURRENT freed 1760K, 19% free 18254K/22279K, paused 6ms+9ms, total 90ms
D/dalvikvm(  308): GC_CONCURRENT freed 1754K, 19% free 18255K/22279K, paused 7ms+9ms, total 89ms
D/dalvikvm(  308): GC_CONCURRENT freed 1759K, 19% free 18256K/22279K, paused 6ms+9ms, total 90ms
D/dalvikvm(  308): GC_CONCURRENT freed 1759K, 19% free 18255K/22279K, paused 7ms+8ms, total 88ms
D/dalvikvm(  308): GC_CONCURRENT freed 1755K, 19% free 18258K/22279K, paused 9ms+9ms, total 98ms
D/dalvikvm(  308): GC_CONCURRENT freed 1758K, 19% free 18258K/22279K, paused 6ms+9ms, total 92ms
D/dalvikvm(  308): GC_CONCURRENT freed 1758K, 19% free 18257K/22279K, paused 7ms+9ms, total 85ms
D/dalvikvm(  308): GC_CONCURRENT freed 1758K, 19% free 18257K/22279K, paused 7ms+10ms, total 93ms
W/ThrottleService(  308): unable to find stats for iface rmnet0
D/dalvikvm(  308): GC_CONCURRENT freed 1760K, 19% free 18255K/22279K, paused 7ms+9ms, total 96ms
D/dalvikvm(  308): GC_CONCURRENT freed 1758K, 19% free 18255K/22279K, paused 7ms+10ms, total 85ms
D/dalvikvm(  308): GC_CONCURRENT freed 1757K, 19% free 18255K/22279K, paused 8ms+10ms, total 95ms
D/dalvikvm(  308): GC_CONCURRENT freed 1758K, 19% free 18255K/22279K, paused 6ms+8ms, total 87ms
D/dalvikvm(  308): GC_CONCURRENT freed 1756K, 19% free 18257K/22279K, paused 7ms+11ms, total 85ms
D/dalvikvm(  308): GC_CONCURRENT freed 1760K, 19% free 18254K/22279K, paused 7ms+9ms, total 90ms
D/dalvikvm(  308): GC_CONCURRENT freed 1756K, 19% free 18256K/22279K, paused 18ms+10ms, total 98ms
D/dalvikvm(  308): GC_CONCURRENT freed 1759K, 19% free 18254K/22279K, paused 7ms+8ms, total 84ms
D/dalvikvm(  308): GC_CONCURRENT freed 1757K, 19% free 18255K/22279K, paused 7ms+10ms, total 94ms
D/dalvikvm(  308): GC_CONCURRENT freed 1756K, 19% free 18255K/22279K, paused 6ms+9ms, total 95ms
D/dalvikvm(  308): GC_CONCURRENT freed 1758K, 19% free 18255K/22279K, paused 6ms+10ms, total 94ms
D/dalvikvm(  308): GC_CONCURRENT freed 1759K, 19% free 18255K/22279K, paused 7ms+9ms, total 90ms
D/dalvikvm(  308): GC_CONCURRENT freed 1756K, 19% free 18255K/22279K, paused 7ms+8ms, total 89ms
D/dalvikvm(  308): GC_CONCURRENT freed 1757K, 19% free 18255K/22279K, paused 7ms+8ms, total 87ms
D/dalvikvm(  308): GC_CONCURRENT freed 1756K, 19% free 18257K/22279K, paused 19ms+9ms, total 98ms
D/dalvikvm(  308): GC_CONCURRENT freed 1760K, 19% free 18255K/22279K, paused 7ms+9ms, total 88ms
D/dalvikvm(  308): GC_CONCURRENT freed 1755K, 19% free 18258K/22279K, paused 6ms+9ms, total 91ms
D/dalvikvm(  308): GC_CONCURRENT freed 1762K, 19% free 18256K/22279K, paused 18ms+8ms, total 105ms
D/dalvikvm(  308): GC_CONCURRENT freed 1760K, 19% free 18255K/22279K, paused 6ms+9ms, total 93ms
D/dalvikvm(  308): GC_CONCURRENT freed 1757K, 19% free 18256K/22279K, paused 19ms+9ms, total 106ms
D/dalvikvm(  308): GC_CONCURRENT freed 1759K, 19% free 18255K/22279K, paused 7ms+9ms, total 89ms
D/dalvikvm(  308): GC_CONCURRENT freed 1761K, 19% free 18253K/22279K, paused 19ms+8ms, total 107ms
D/dalvikvm(  308): GC_CONCURRENT freed 1757K, 19% free 18254K/22279K, paused 7ms+9ms, total 89ms
D/dalvikvm(  308): GC_CONCURRENT freed 1757K, 19% free 18254K/22279K, paused 7ms+9ms, total 92ms
D/dalvikvm(  308): GC_CONCURRENT freed 1760K, 19% free 18251K/22279K, paused 7ms+9ms, total 88ms
D/dalvikvm(  308): GC_CONCURRENT freed 1755K, 19% free 18254K/22279K, paused 7ms+9ms, total 87ms
D/dalvikvm(  308): GC_CONCURRENT freed 1759K, 19% free 18253K/22279K, paused 7ms+10ms, total 85ms
D/dalvikvm(  308): GC_CONCURRENT freed 1759K, 19% free 18252K/22279K, paused 7ms+9ms, total 91ms
I/EventLogService(  642): Aggregate from 1353212644688 (log), 1353212644688 (data)
D/dalvikvm(  308): GC_CONCURRENT freed 1760K, 19% free 18249K/22279K, paused 7ms+8ms, total 87ms
D/dalvikvm(  308): GC_CONCURRENT freed 1752K, 19% free 18254K/22279K, paused 7ms+9ms, total 91ms
D/dalvikvm(  308): GC_CONCURRENT freed 1758K, 19% free 18253K/22279K, paused 6ms+9ms, total 85ms
D/dalvikvm(  308): GC_CONCURRENT freed 1761K, 19% free 18253K/22279K, paused 17ms+9ms, total 103ms
D/dalvikvm(  308): GC_CONCURRENT freed 1756K, 19% free 18253K/22279K, paused 8ms+9ms, total 88ms
W/ThrottleService(  308): unable to find stats for iface rmnet0
D/dalvikvm(  308): GC_CONCURRENT freed 1759K, 19% free 18253K/22279K, paused 8ms+10ms, total 102ms
D/dalvikvm(  308): GC_CONCURRENT freed 1757K, 19% free 18253K/22279K, paused 6ms+9ms, total 90ms
D/dalvikvm(  308): GC_CONCURRENT freed 1758K, 19% free 18253K/22279K, paused 7ms+9ms, total 92ms
D/dalvikvm(  308): GC_CONCURRENT freed 1757K, 19% free 18253K/22279K, paused 7ms+10ms, total 102ms
D/dalvikvm(  308): GC_CONCURRENT freed 1758K, 19% free 18252K/22279K, paused 19ms+10ms, total 101ms
D/dalvikvm(  308): GC_CONCURRENT freed 1756K, 19% free 18252K/22279K, paused 7ms+10ms, total 98ms
D/dalvikvm(  308): GC_CONCURRENT freed 1756K, 19% free 18254K/22279K, paused 7ms+9ms, total 92ms
D/dalvikvm(  308): GC_CONCURRENT freed 1758K, 19% free 18254K/22279K, paused 6ms+9ms, total 92ms
D/dalvikvm(  308): GC_CONCURRENT freed 1760K, 19% free 18252K/22279K, paused 7ms+9ms, total 87ms
D/dalvikvm(  308): GC_CONCURRENT freed 1756K, 19% free 18254K/22279K, paused 7ms+9ms, total 90ms
D/dalvikvm(  308): GC_CONCURRENT freed 1759K, 19% free 18253K/22279K, paused 7ms+8ms, total 91ms
D/dalvikvm(  308): GC_CONCURRENT freed 1757K, 19% free 18253K/22279K, paused 7ms+9ms, total 88ms
D/dalvikvm(  308): GC_CONCURRENT freed 1756K, 19% free 18254K/22279K, paused 7ms+9ms, total 94ms
D/dalvikvm(  308): GC_CONCURRENT freed 1758K, 19% free 18253K/22279K, paused 6ms+8ms, total 90ms
D/dalvikvm(  308): GC_CONCURRENT freed 1758K, 19% free 18253K/22279K, paused 6ms+9ms, total 93ms
D/dalvikvm(  308): GC_CONCURRENT freed 1755K, 19% free 18255K/22279K, paused 19ms+10ms, total 99ms
D/dalvikvm(  308): GC_CONCURRENT freed 1758K, 19% free 18255K/22279K, paused 19ms+10ms, total 95ms
D/dalvikvm(  308): GC_CONCURRENT freed 1762K, 19% free 18253K/22279K, paused 6ms+8ms, total 88ms
D/dalvikvm(  308): GC_CONCURRENT freed 1756K, 19% free 18255K/22279K, paused 6ms+8ms, total 84ms
D/dalvikvm(  308): GC_CONCURRENT freed 1760K, 19% free 18253K/22279K, paused 7ms+10ms, total 95ms
D/dalvikvm(  308): GC_CONCURRENT freed 1758K, 19% free 18253K/22279K, paused 6ms+9ms, total 89ms
D/dalvikvm(  308): GC_CONCURRENT freed 1759K, 19% free 18252K/22279K, paused 7ms+8ms, total 90ms
D/dalvikvm(  308): GC_CONCURRENT freed 1756K, 19% free 18253K/22279K, paused 7ms+9ms, total 87ms
D/dalvikvm(  308): GC_CONCURRENT freed 1756K, 19% free 18254K/22279K, paused 7ms+9ms, total 85ms
D/dalvikvm(  308): GC_CONCURRENT freed 1758K, 19% free 18253K/22279K, paused 6ms+9ms, total 91ms
D/dalvikvm(  308): GC_CONCURRENT freed 1756K, 19% free 18255K/22279K, paused 7ms+8ms, total 86ms
D/dalvikvm(  308): GC_CONCURRENT freed 1761K, 19% free 18253K/22279K, paused 7ms+9ms, total 88ms
D/dalvikvm(  308): GC_CONCURRENT freed 1756K, 19% free 18254K/22279K, paused 7ms+9ms, total 86ms
D/dalvikvm(  308): GC_CONCURRENT freed 1758K, 19% free 18252K/22279K, paused 6ms+8ms, total 85ms
D/dalvikvm(  308): GC_CONCURRENT freed 1756K, 19% free 18254K/22279K, paused 7ms+9ms, total 87ms
D/dalvikvm(  308): GC_CONCURRENT freed 1759K, 19% free 18252K/22279K, paused 7ms+8ms, total 89ms
D/dalvikvm(  308): GC_CONCURRENT freed 1756K, 19% free 18252K/22279K, paused 6ms+8ms, total 90ms
D/dalvikvm(  308): GC_CONCURRENT freed 1757K, 19% free 18252K/22279K, paused 7ms+9ms, total 87ms
W/ThrottleService(  308): unable to find stats for iface rmnet0
D/dalvikvm(  308): GC_CONCURRENT freed 1757K, 19% free 18253K/22279K, paused 6ms+8ms, total 90ms
D/dalvikvm(  308): GC_CONCURRENT freed 1760K, 19% free 18252K/22279K, paused 7ms+9ms, total 102ms
D/dalvikvm(  308): GC_CONCURRENT freed 1755K, 19% free 18254K/22279K, paused 7ms+9ms, total 90ms
D/dalvikvm(  308): GC_CONCURRENT freed 1758K, 19% free 18253K/22279K, paused 7ms+10ms, total 87ms
D/dalvikvm(  308): GC_CONCURRENT freed 1757K, 19% free 18253K/22279K, paused 7ms+9ms, total 86ms
D/dalvikvm(  308): GC_CONCURRENT freed 1760K, 19% free 18250K/22279K, paused 7ms+10ms, total 94ms
D/dalvikvm(  308): GC_CONCURRENT freed 1753K, 19% free 18254K/22279K, paused 7ms+8ms, total 89ms
D/dalvikvm(  308): GC_CONCURRENT freed 1759K, 19% free 18252K/22279K, paused 18ms+9ms, total 100ms
D/dalvikvm(  308): GC_CONCURRENT freed 1757K, 19% free 18254K/22279K, paused 19ms+8ms, total 103ms
D/dalvikvm(  308): GC_CONCURRENT freed 1758K, 19% free 18254K/22279K, paused 8ms+9ms, total 96ms
D/dalvikvm(  308): GC_CONCURRENT freed 1756K, 19% free 18254K/22279K, paused 7ms+10ms, total 98ms
D/dalvikvm(  308): GC_CONCURRENT freed 1758K, 19% free 18253K/22279K, paused 19ms+10ms, total 98ms
D/dalvikvm(  308): GC_CONCURRENT freed 1755K, 19% free 18253K/22279K, paused 7ms+8ms, total 90ms
D/dalvikvm(  308): GC_CONCURRENT freed 1755K, 19% free 18255K/22279K, paused 8ms+9ms, total 86ms
D/dalvikvm(  308): GC_CONCURRENT freed 1761K, 19% free 18251K/22279K, paused 7ms+9ms, total 95ms
D/dalvikvm(  308): GC_CONCURRENT freed 1755K, 19% free 18253K/22279K, paused 6ms+8ms, total 93ms
D/dalvikvm(  308): GC_CONCURRENT freed 1761K, 19% free 18248K/22279K, paused 7ms+8ms, total 91ms
D/dalvikvm(  308): GC_CONCURRENT freed 1752K, 19% free 18252K/22279K, paused 8ms+9ms, total 89ms
D/dalvikvm(  308): GC_CONCURRENT freed 1756K, 19% free 18253K/22279K, paused 7ms+9ms, total 88ms
D/dalvikvm(  308): GC_CONCURRENT freed 1757K, 19% free 18254K/22279K, paused 7ms+9ms, total 97ms
D/dalvikvm(  308): GC_CONCURRENT freed 1760K, 19% free 18252K/22279K, paused 7ms+9ms, total 85ms
D/dalvikvm(  308): GC_CONCURRENT freed 1755K, 19% free 18253K/22279K, paused 8ms+9ms, total 90ms
D/dalvikvm(  308): GC_CONCURRENT freed 1758K, 19% free 18254K/22279K, paused 18ms+9ms, total 102ms
D/dalvikvm(  308): GC_CONCURRENT freed 1757K, 19% free 18254K/22279K, paused 7ms+9ms, total 93ms
D/dalvikvm(  308): GC_CONCURRENT freed 1761K, 19% free 18251K/22279K, paused 6ms+8ms, total 89ms
D/dalvikvm(  308): GC_CONCURRENT freed 1754K, 19% free 18254K/22279K, paused 6ms+9ms, total 88ms
D/dalvikvm(  308): GC_CONCURRENT freed 1758K, 19% free 18254K/22279K, paused 7ms+9ms, total 94ms
D/dalvikvm(  308): GC_CONCURRENT freed 1758K, 19% free 18253K/22279K, paused 6ms+10ms, total 93ms
D/dalvikvm(  308): GC_CONCURRENT freed 1757K, 19% free 18254K/22279K, paused 6ms+8ms, total 103ms
D/dalvikvm(  308): GC_CONCURRENT freed 1756K, 19% free 18255K/22279K, paused 7ms+9ms, total 88ms
D/dalvikvm(  308): GC_CONCURRENT freed 1759K, 19% free 18254K/22279K, paused 7ms+9ms, total 97ms
D/dalvikvm(  308): GC_CONCURRENT freed 1757K, 19% free 18255K/22279K, paused 7ms+9ms, total 90ms
W/ThrottleService(  308): unable to find stats for iface rmnet0
D/dalvikvm(  308): GC_CONCURRENT freed 1758K, 19% free 18255K/22279K, paused 6ms+9ms, total 92ms
D/dalvikvm(  308): GC_CONCURRENT freed 1758K, 19% free 18255K/22279K, paused 7ms+9ms, total 93ms
D/dalvikvm(  308): GC_CONCURRENT freed 1759K, 19% free 18255K/22279K, paused 20ms+9ms, total 102ms
D/dalvikvm(  308): GC_CONCURRENT freed 1760K, 19% free 18254K/22279K, paused 9ms+10ms, total 89ms
D/dalvikvm(  308): GC_CONCURRENT freed 1756K, 19% free 18255K/22279K, paused 7ms+9ms, total 90ms
D/dalvikvm(  308): GC_CONCURRENT freed 1759K, 19% free 18253K/22279K, paused 7ms+8ms, total 91ms
D/dalvikvm(  308): GC_CONCURRENT freed 1754K, 19% free 18256K/22279K, paused 20ms+9ms, total 112ms
D/dalvikvm(  308): GC_CONCURRENT freed 1759K, 19% free 18256K/22279K, paused 18ms+8ms, total 105ms
D/dalvikvm(  498): GC_CONCURRENT freed 807K, 15% free 13576K/15879K, paused 3ms+4ms, total 38ms
D/dalvikvm(  308): GC_CONCURRENT freed 1759K, 19% free 18254K/22279K, paused 7ms+9ms, total 95ms
D/dalvikvm(  308): GC_CONCURRENT freed 1756K, 19% free 18255K/22279K, paused 7ms+8ms, total 95ms
D/dalvikvm(  308): GC_CONCURRENT freed 1756K, 19% free 18255K/22279K, paused 7ms+10ms, total 98ms
D/dalvikvm(  308): GC_CONCURRENT freed 1757K, 19% free 18255K/22279K, paused 6ms+8ms, total 92ms
D/dalvikvm(  308): GC_CONCURRENT freed 1759K, 19% free 18257K/22279K, paused 18ms+9ms, total 101ms
D/dalvikvm(  308): GC_CONCURRENT freed 1757K, 19% free 18257K/22279K, paused 7ms+8ms, total 87ms
D/dalvikvm(  308): GC_CONCURRENT freed 1759K, 19% free 18256K/22279K, paused 7ms+9ms, total 93ms
D/dalvikvm(  308): GC_CONCURRENT freed 1757K, 19% free 18256K/22279K, paused 7ms+9ms, total 90ms
D/dalvikvm(  308): GC_CONCURRENT freed 1758K, 19% free 18256K/22279K, paused 6ms+8ms, total 91ms
D/dalvikvm(  308): GC_CONCURRENT freed 1759K, 19% free 18256K/22279K, paused 18ms+8ms, total 104ms
D/dalvikvm(  308): GC_CONCURRENT freed 1760K, 19% free 18254K/22279K, paused 7ms+8ms, total 86ms
D/dalvikvm(  308): GC_CONCURRENT freed 1755K, 19% free 18256K/22279K, paused 6ms+9ms, total 92ms
D/dalvikvm(  308): GC_CONCURRENT freed 1759K, 19% free 18255K/22279K, paused 7ms+8ms, total 88ms
D/dalvikvm(  308): GC_CONCURRENT freed 1759K, 19% free 18254K/22279K, paused 6ms+9ms, total 86ms
D/dalvikvm(  308): GC_CONCURRENT freed 1757K, 19% free 18255K/22279K, paused 7ms+9ms, total 88ms
D/dalvikvm(  308): GC_CONCURRENT freed 1757K, 19% free 18255K/22279K, paused 7ms+8ms, total 87ms
D/dalvikvm(  308): GC_CONCURRENT freed 1761K, 19% free 18254K/22279K, paused 19ms+8ms, total 105ms
D/dalvikvm(  308): GC_CONCURRENT freed 1757K, 19% free 18255K/22279K, paused 7ms+9ms, total 91ms
D/dalvikvm(  308): GC_CONCURRENT freed 1758K, 19% free 18256K/22279K, paused 7ms+9ms, total 102ms
D/dalvikvm(  308): GC_CONCURRENT freed 1760K, 19% free 18255K/22279K, paused 8ms+9ms, total 96ms
D/dalvikvm(  308): WAIT_FOR_CONCURRENT_GC blocked 0ms
D/dalvikvm(  308): GC_EXPLICIT freed 503K, 19% free 18125K/22279K, paused 4ms+7ms, total 85ms
I/EventLogService(  642): Aggregate from 1353214444776 (log), 1353214444776 (data)
D/dalvikvm(  642): GC_CONCURRENT freed 379K, 6% free 11550K/12167K, paused 14ms+3ms, total 39ms
D/dalvikvm(  308): GC_CONCURRENT freed 1597K, 19% free 18252K/22279K, paused 8ms+9ms, total 82ms
D/dalvikvm(  308): GC_CONCURRENT freed 1759K, 19% free 18250K/22279K, paused 6ms+9ms, total 90ms
D/dalvikvm(  308): GC_CONCURRENT freed 1757K, 19% free 18249K/22279K, paused 7ms+10ms, total 96ms
D/dalvikvm(  308): GC_CONCURRENT freed 1756K, 19% free 18248K/22279K, paused 7ms+9ms, total 82ms
D/dalvikvm(  308): GC_CONCURRENT freed 1755K, 19% free 18248K/22279K, paused 7ms+9ms, total 91ms
W/ThrottleService(  308): unable to find stats for iface rmnet0
D/dalvikvm(  308): GC_CONCURRENT freed 1757K, 19% free 18248K/22279K, paused 6ms+8ms, total 89ms
D/dalvikvm(  308): GC_CONCURRENT freed 1757K, 19% free 18246K/22279K, paused 7ms+8ms, total 87ms
D/dalvikvm(  308): GC_CONCURRENT freed 1752K, 19% free 18249K/22279K, paused 7ms+8ms, total 88ms
D/dalvikvm(  308): GC_CONCURRENT freed 1757K, 19% free 18248K/22279K, paused 7ms+8ms, total 87ms
D/dalvikvm(  308): GC_CONCURRENT freed 1756K, 19% free 18247K/22279K, paused 6ms+8ms, total 97ms
D/dalvikvm(  308): GC_CONCURRENT freed 1754K, 19% free 18249K/22279K, paused 7ms+9ms, total 86ms
D/dalvikvm(  308): GC_CONCURRENT freed 1757K, 19% free 18249K/22279K, paused 7ms+8ms, total 86ms
D/dalvikvm(  308): GC_CONCURRENT freed 1757K, 19% free 18247K/22279K, paused 7ms+9ms, total 93ms
D/dalvikvm(  308): GC_CONCURRENT freed 1754K, 19% free 18249K/22279K, paused 20ms+9ms, total 99ms
D/dalvikvm(  308): GC_CONCURRENT freed 1755K, 19% free 18249K/22279K, paused 19ms+9ms, total 97ms
D/dalvikvm(  308): GC_CONCURRENT freed 1756K, 19% free 18250K/22279K, paused 6ms+9ms, total 90ms
D/dalvikvm(  308): GC_CONCURRENT freed 1758K, 19% free 18247K/22279K, paused 7ms+9ms, total 95ms
D/dalvikvm(  308): GC_CONCURRENT freed 1754K, 19% free 18249K/22279K, paused 6ms+9ms, total 90ms
D/dalvikvm(  308): GC_CONCURRENT freed 1756K, 19% free 18248K/22279K, paused 6ms+9ms, total 97ms
D/dalvikvm(  308): GC_CONCURRENT freed 1758K, 19% free 18247K/22279K, paused 7ms+10ms, total 95ms
D/dalvikvm(  308): GC_CONCURRENT freed 1754K, 19% free 18247K/22279K, paused 7ms+9ms, total 91ms
D/dalvikvm(  308): GC_CONCURRENT freed 1755K, 19% free 18249K/22279K, paused 7ms+9ms, total 89ms
D/dalvikvm(  308): GC_CONCURRENT freed 1758K, 19% free 18248K/22279K, paused 7ms+9ms, total 88ms
D/dalvikvm(  308): GC_CONCURRENT freed 1757K, 19% free 18248K/22279K, paused 7ms+9ms, total 89ms
D/dalvikvm(  308): GC_CONCURRENT freed 1755K, 19% free 18249K/22279K, paused 7ms+8ms, total 100ms
D/dalvikvm(  308): GC_CONCURRENT freed 1757K, 19% free 18248K/22279K, paused 19ms+10ms, total 100ms
D/dalvikvm(  308): GC_CONCURRENT freed 1754K, 19% free 18250K/22279K, paused 7ms+9ms, total 89ms
D/dalvikvm(  308): GC_CONCURRENT freed 1758K, 19% free 18248K/22279K, paused 6ms+9ms, total 90ms
D/dalvikvm(  308): GC_CONCURRENT freed 1754K, 19% free 18250K/22279K, paused 18ms+9ms, total 98ms
D/dalvikvm(  308): GC_CONCURRENT freed 1759K, 19% free 18246K/22279K, paused 8ms+8ms, total 100ms
D/dalvikvm(  308): GC_CONCURRENT freed 1753K, 19% free 18248K/22279K, paused 8ms+8ms, total 93ms
D/dalvikvm(  308): GC_CONCURRENT freed 1756K, 19% free 18249K/22279K, paused 7ms+9ms, total 89ms
D/dalvikvm(  308): GC_CONCURRENT freed 1757K, 19% free 18248K/22279K, paused 7ms+9ms, total 93ms
D/dalvikvm(  308): GC_CONCURRENT freed 1755K, 19% free 18249K/22279K, paused 7ms+8ms, total 90ms
D/dalvikvm(  308): GC_CONCURRENT freed 1755K, 19% free 18249K/22279K, paused 7ms+9ms, total 92ms
D/dalvikvm(  308): GC_CONCURRENT freed 1756K, 19% free 18248K/22279K, paused 6ms+8ms, total 87ms
D/dalvikvm(  308): GC_CONCURRENT freed 1755K, 19% free 18250K/22279K, paused 19ms+9ms, total 108ms
W/ThrottleService(  308): unable to find stats for iface rmnet0
D/dalvikvm(  308): GC_CONCURRENT freed 1758K, 19% free 18249K/22279K, paused 8ms+8ms, total 91ms
D/dalvikvm(  308): GC_CONCURRENT freed 1757K, 19% free 18247K/22279K, paused 6ms+9ms, total 88ms
D/dalvikvm(  308): GC_CONCURRENT freed 1756K, 19% free 18250K/22279K, paused 18ms+8ms, total 105ms
D/dalvikvm(  308): GC_CONCURRENT freed 1755K, 19% free 18252K/22279K, paused 17ms+9ms, total 101ms
D/dalvikvm(  308): GC_CONCURRENT freed 1759K, 19% free 18250K/22279K, paused 7ms+8ms, total 104ms
D/dalvikvm(  308): GC_CONCURRENT freed 1758K, 19% free 18248K/22279K, paused 7ms+9ms, total 91ms
D/dalvikvm(  308): GC_CONCURRENT freed 1757K, 19% free 18247K/22279K, paused 7ms+9ms, total 86ms
D/dalvikvm(  308): GC_CONCURRENT freed 1753K, 19% free 18249K/22279K, paused 6ms+9ms, total 89ms
D/dalvikvm(  308): GC_CONCURRENT freed 1755K, 19% free 18250K/22279K, paused 6ms+9ms, total 99ms
D/dalvikvm(  308): GC_CONCURRENT freed 1757K, 19% free 18249K/22279K, paused 7ms+9ms, total 92ms
D/dalvikvm(  308): GC_CONCURRENT freed 1755K, 19% free 18249K/22279K, paused 7ms+9ms, total 85ms
D/dalvikvm(  308): GC_CONCURRENT freed 1756K, 19% free 18250K/22279K, paused 7ms+10ms, total 85ms
D/dalvikvm(  308): GC_CONCURRENT freed 1756K, 19% free 18250K/22279K, paused 7ms+8ms, total 91ms
D/dalvikvm(  308): GC_CONCURRENT freed 1757K, 19% free 18249K/22279K, paused 7ms+8ms, total 89ms
D/DhcpInfoInternal(  308): makeLinkProperties with empty dns2!
D/DhcpInfoInternal(  308): makeLinkProperties with empty dns2!
D/ConnectivityService(  308): ConnectivityChange for WIFI: CONNECTED/CONNECTED
D/ConnectivityService(  308): handleConnectivityChange: address are the same reset per doReset linkProperty[1]: resetMask=0
D/ConnectivityService(  308): ConnectivityChange for WIFI: CONNECTED/CONNECTED
D/ConnectivityService(  308): handleConnectivityChange: address are the same reset per doReset linkProperty[1]: resetMask=0
D/ConnectivityService(  308): NetTransition Wakelock for WifiStateMachine released by timeout
D/Tethering(  308): MasterInitialState.processMessage what=3
D/Tethering(  308): MasterInitialState.processMessage what=3
